<html>
<body>
<pre>
<h1>礦ision Build Log</h1>
<h2>Tool Versions:</h2>
IDE-Version: μVision V5.27.1.0
Copyright (C) 2019 ARM Ltd and ARM Germany GmbH. All rights reserved.
License Information:  dd 1269483932@qq.com, ss, LIC=585FJ-UX47B-2Z0W4-FYSGT-6UJX7-SG4R8
 
Tool Versions:
Toolchain:       MDK-ARM Plus  Version: 5.27.1.0
Toolchain Path:  D:\ARM\ARMCC\Bin
C Compiler:      Armcc.exe V5.06 update 6 (build 750)
Assembler:       Armasm.exe V5.06 update 6 (build 750)
Linker/Locator:  ArmLink.exe V5.06 update 6 (build 750)
Library Manager: ArmAr.exe V5.06 update 6 (build 750)
Hex Converter:   FromElf.exe V5.06 update 6 (build 750)
CPU DLL:         SARMCM3.DLL V5.27.1.0
Dialog DLL:      DCM.DLL V1.17.2.0
Target DLL:      CMSIS_AGDI.dll V1.31.17.0
Dialog DLL:      TCM.DLL V1.36.1.0
 
<h2>Project:</h2>
D:\桌面\电赛\2021-8-2 飞控- 两排穿越成功！！！\2021-8-2 飞控- 两排穿越成功！！！\2021-7-28  飞控-  完美降落\2021-5-4 定点很稳\User\TiPilot.uvprojx
Project File Date:  04/15/2021

<h2>Output:</h2>
*** Using Compiler 'V5.06 update 6 (build 750)', folder: 'D:\ARM\ARMCC\Bin'
Rebuild target 'TiPilot'
compiling ustdlib.c...
compiling AHRS.c...
compiling system_init.c...
compiling RemoterTask.c...
compiling tm4c123_it.c...
compiling uartstdio.c...
compiling LedTask.c...
compiling adrc.c...
compiling debuger.c...
compiling SensorsTask.c...
compiling openmv.c...
compiling DebugerTask.c...
compiling anoV65.c...
compiling AutoflyTask.c...
..\Tasks\AutoflyTask.c(971): warning:  #940-D: missing return statement at end of non-void function "SDK_yaw_gan_cnt" 
  }
..\Tasks\AutoflyTask.c: 1 warning, 0 errors
compiling StabilizerTask.c...
compiling main.c...
compiling filter.c...
compiling height.c...
compiling tf_mini_plus.c...
compiling IMU.c...
compiling Kalman_Filter.c...
compiling motors.c...
compiling mag.c...
compiling optical.c...
compiling sbus.c...
compiling pid.c...
compiling x_linker.c...
compiling x_wdp.c...
compiling SINS.c...
compiling us_100.c...
compiling led.c...
compiling spi_master.c...
compiling drv_eeprom.c...
compiling ak8975.c...
compiling spi1.c...
compiling x_exti.c...
compiling delay.c...
compiling m0_pwm.c...
compiling x_gpio.c...
compiling uart1_dma.c...
compiling icm20602.c...
compiling uart2_dma.c...
compiling uart4_dma.c...
compiling spl06.c...
compiling uart3_dma.c...
compiling uart5_dma.c...
compiling uart6_dma.c...
compiling croutine.c...
compiling uart7_dma.c...
compiling drv_adc.c...
compiling m1_pwm.c...
assembling startup_rvmdk.S...
compiling list.c...
compiling event_groups.c...
compiling heap_2.c...
compiling timers.c...
compiling queue.c...
compiling tasks.c...
compiling port.c...
linking...
Program Size: Code=66632 RO-data=2636 RW-data=1660 ZI-data=30220  
FromELF: creating hex file...
".\Output\TiPilot.axf" - 0 Error(s), 1 Warning(s).

<h2>Software Packages used:</h2>

Package Vendor: ARM
                http://www.keil.com/pack/ARM.CMSIS.5.9.0.pack
                ARM.CMSIS.5.9.0
                CMSIS (Common Microcontroller Software Interface Standard)
   * Component: CORE Version: 5.6.0

Package Vendor: Keil
                http://www.keil.com/pack/Keil.TM4C_DFP.1.1.0.pack
                Keil.TM4C_DFP.1.1.0
                Texas Instruments Tiva C Series Device Support and Examples

<h2>Collection of Component include folders:</h2>
  .\RTE\_TiPilot
  D:\ARM\CMSIS\5.9.0\CMSIS\Core\Include
  D:\Keil\TM4C_DFP\1.1.0\Device\Include\TM4C123

<h2>Collection of Component Files used:</h2>

   * Component: ARM::CMSIS:CORE:5.6.0
Build Time Elapsed:  00:00:10
</pre>
</body>
</html>
