Component: ARM Compiler 5.06 update 6 (build 750) Tool: armlink [4d35ed]

==============================================================================

Section Cross References

    main.o(.text) refers to port.o(.text) for vPortEnterCritical
    main.o(.text) refers to event_groups.o(.text) for xEventGroupCreate
    main.o(.text) refers to tasks.o(.text) for xTaskGenericCreate
    main.o(.text) refers to printf5.o(i.__0printf$5) for __2printf
    main.o(.text) refers to system_init.o(.text) for System_Init
    main.o(.text) refers to led.o(.text) for Led_Init
    main.o(.text) refers to motors.o(.text) for Motors_Init
    main.o(.text) refers to drv_eeprom.o(.text) for EEPROM_Init
    main.o(.text) refers to spi1.o(.text) for SPI1_Init
    main.o(.text) refers to stabilizertask.o(.text) for StructureInit
    main.o(.text) refers to uart1_dma.o(.text) for UART1_DMA_Init
    main.o(.text) refers to uart2_dma.o(.text) for UART2_DMA_Init
    main.o(.text) refers to uart3_dma.o(.text) for UART3_DMA_Init
    main.o(.text) refers to uart4_dma.o(.text) for UART4_DMA_Init
    main.o(.text) refers to uart5_dma.o(.text) for UART5_DMA_Init
    main.o(.text) refers to uart6_dma.o(.text) for UART6_DMA_Init
    main.o(.text) refers to uart7_dma.o(.text) for UART7_DMA_Init
    main.o(.text) refers to adrc.o(.text) for ADRC_Init
    main.o(.text) refers to main.o(.data) for EventGroupHandler
    main.o(.text) refers to ledtask.o(.text) for LED_task
    main.o(.text) refers to sensorstask.o(.text) for sensorsTask
    main.o(.text) refers to debugertask.o(.text) for DebugerTask
    main.o(.text) refers to remotertask.o(.text) for remoter_task
    main.o(.text) refers to autoflytask.o(.text) for AutoflyTask
    main.o(.text) refers to adrc.o(.bss) for ADRC_Roll_Controller
    system_init.o(.text) refers to sysctl.o(i.SysCtlPeripheralEnable) for SysCtlPeripheralEnable
    system_init.o(.text) refers to gpio.o(i.GPIOPinConfigure) for GPIOPinConfigure
    system_init.o(.text) refers to uart.o(i.UARTClockSourceSet) for UARTClockSourceSet
    system_init.o(.text) refers to gpio.o(i.GPIOPinTypeUART) for GPIOPinTypeUART
    system_init.o(.text) refers to uartstdio.o(.text) for UARTStdioConfig
    system_init.o(.text) refers to sysctl.o(i.SysCtlClockSet) for SysCtlClockSet
    system_init.o(.text) refers to system_init.o(.data) for ui32SysClock
    system_init.o(.text) refers to system_init.o(.bss) for pui8ControlTable
    tm4c123_it.o(.text) refers to timer.o(i.TimerIntClear) for TimerIntClear
    tm4c123_it.o(.text) refers to tasks.o(.text) for xTaskGetSchedulerState
    tm4c123_it.o(.text) refers to port.o(.text) for xPortSysTickHandler
    tm4c123_it.o(.text) refers to tm4c123_it.o(.data) for SysTickCnt
    ustdlib.o(.text) refers to ustdlib.o(.constdata) for g_pcHex
    ustdlib.o(.text) refers to ustdlib.o(.data) for g_iRandomSeed
    ustdlib.o(.constdata) refers to ustdlib.o(.conststring) for .conststring
    uartstdio.o(.text) refers to uartstdio.o(.constdata) for g_ui32UARTPeriph
    uartstdio.o(.text) refers to uartstdio.o(.data) for g_ui32Base
    uartstdio.o(.constdata) refers to uartstdio.o(.conststring) for .conststring
    ledtask.o(.text) refers to gpio.o(i.GPIOPinWrite) for GPIOPinWrite
    ledtask.o(.text) refers to tasks.o(.text) for vTaskDelay
    ledtask.o(.text) refers to remotertask.o(.bss) for DroneStatus
    ledtask.o(.text) refers to pid.o(.data) for Ctrler
    autoflytask.o(.text) refers to autoflytask.o(.data) for CurrentSDKState
    autoflytask.o(.text) refers to autoflytask.o(.bss) for SDK_StateMachine
    autoflytask.o(.text) refers to pid.o(.data) for Ctrler
    autoflytask.o(.text) refers to stabilizertask.o(.bss) for data
    autoflytask.o(.text) refers to openmv.o(.bss) for OpenMVData
    autoflytask.o(.text) refers to f2d.o(.text) for __aeabi_f2d
    autoflytask.o(.text) refers to dmul.o(.text) for __aeabi_dmul
    autoflytask.o(.text) refers to d2f.o(.text) for __aeabi_d2f
    autoflytask.o(.text) refers to dflti.o(.text) for __aeabi_i2d
    autoflytask.o(.text) refers to tm4c123_it.o(.text) for getSysTickCnt
    autoflytask.o(.text) refers to tasks.o(.text) for vTaskDelayUntil
    autoflytask.o(.text) refers to remotertask.o(.bss) for DroneStatus
    autoflytask.o(.text) refers to sbus.o(.bss) for sbus_channel
    autoflytask.o(.text) refers to ddiv.o(.text) for __aeabi_ddiv
    debugertask.o(.text) refers to tm4c123_it.o(.text) for getSysTickCnt
    debugertask.o(.text) refers to tasks.o(.text) for vTaskDelayUntil
    debugertask.o(.text) refers to anov65.o(.text) for ANO_V65_Report
    debugertask.o(.text) refers to uart1_dma.o(.text) for Uart1_Tick_RX
    debugertask.o(.text) refers to optical.o(.text) for AnoOF_GetOneByte
    debugertask.o(.text) refers to uart6_dma.o(.text) for Uart6_Tick_RX
    debugertask.o(.text) refers to tf_mini_plus.o(.text) for TF_Mini_Plus_Get_One_Byte
    debugertask.o(.text) refers to uart5_dma.o(.text) for Uart5_Tick_RX
[...]
    ADRC_Init                                0x00003c09   Thumb Code   328  adrc.o(.text)
    Constrain_Float                          0x00003d51   Thumb Code    42  adrc.o(.text)
    Sign_ADRC                                0x00003d7b   Thumb Code    72  adrc.o(.text)
    Fal_ADRC                                 0x00003dc3   Thumb Code   190  adrc.o(.text)
    Nolinear_Conbination_ADRC                0x00003e81   Thumb Code   346  adrc.o(.text)
    ESO_ADRC                                 0x00003fdb   Thumb Code   224  adrc.o(.text)
    Fsg_ADRC                                 0x000040bb   Thumb Code    60  adrc.o(.text)
    Fhan_ADRC                                0x000040f7   Thumb Code   472  adrc.o(.text)
    ADRC_Control                             0x000042cf   Thumb Code   124  adrc.o(.text)
    OpenMV_Get_1_Byte                        0x00004355   Thumb Code   646  openmv.o(.text)
    Get_OpenMV_Circle_Data                   0x000045db   Thumb Code    14  openmv.o(.text)
    Get_OpenMV_Circle_X                      0x000045e9   Thumb Code     8  openmv.o(.text)
    Get_OpenMV_Circle_Y                      0x000045f1   Thumb Code     8  openmv.o(.text)
    Get_OpenMV_Line_RHO                      0x000045f9   Thumb Code     8  openmv.o(.text)
    Get_OpenMV_Line_Theta                    0x00004601   Thumb Code     8  openmv.o(.text)
    OpenMV_Blob_Flag                         0x00004609   Thumb Code    14  openmv.o(.text)
    openmv_blobs_decode                      0x00004617   Thumb Code   106  openmv.o(.text)
    ANO_EEPROM_Write                         0x000046c1   Thumb Code    20  anov65.o(.text)
    ANO_EEPROM_Read                          0x000046d5   Thumb Code    20  anov65.o(.text)
    ANO_Save_All_PID_Table_To_EEPROM         0x000046e9   Thumb Code    58  anov65.o(.text)
    ANO_Read_All_EEPROM_To_PID_Table         0x00004723   Thumb Code    58  anov65.o(.text)
    Update_Using_PID_from_Table              0x0000475d   Thumb Code     2  anov65.o(.text)
    Update_Using_PID_from_EEPROM             0x0000475f   Thumb Code    30  anov65.o(.text)
    Get_EEPROM_PID_Status                    0x0000477d   Thumb Code    20  anov65.o(.text)
    Update_Table_From_Using_PID              0x00004791   Thumb Code   370  anov65.o(.text)
    Save_Using_PID_to_EEPROM                 0x00004903   Thumb Code    26  anov65.o(.text)
    PID_Init                                 0x0000491d   Thumb Code    22  anov65.o(.text)
    ANO_Report_Param_Back                    0x00004933   Thumb Code     2  anov65.o(.text)
    ANO_Report_UserData1                     0x00004935   Thumb Code   760  anov65.o(.text)
    ANO_Report_Sensor2                       0x00004c2d   Thumb Code     2  anov65.o(.text)
    ANO_Report_Motor                         0x00004c2f   Thumb Code     2  anov65.o(.text)
    ANO_Report_RCdata                        0x00004c31   Thumb Code     2  anov65.o(.text)
    ANO_Report_Sensor                        0x00004c33   Thumb Code   272  anov65.o(.text)
    ANO_Report_Status                        0x00004d43   Thumb Code   302  anov65.o(.text)
    ANO_V65_Report                           0x00004e71   Thumb Code    86  anov65.o(.text)
    Check_SUM                                0x00004ec7   Thumb Code    26  anov65.o(.text)
    ANO_Param_Back                           0x00004ee1   Thumb Code   252  anov65.o(.text)
    ChangePID                                0x00004fdd   Thumb Code    68  anov65.o(.text)
    ANO_data_Decode                          0x00005021   Thumb Code   168  anov65.o(.text)
    ANO_CMD_GetOneByte                       0x000050c9   Thumb Code   276  anov65.o(.text)
    filterloop                               0x000051f1   Thumb Code   150  filter.o(.text)
    Butterworth50HzLPF                       0x00005287   Thumb Code   150  filter.o(.text)
    Butterworth30HzLPF                       0x0000531d   Thumb Code   110  filter.o(.text)
    Height_Update                            0x000053c1   Thumb Code   628  height.o(.text)
    IMUupdate                                0x00005685   Thumb Code  1314  imu.o(.text)
    FilterOrder1Update                       0x00005ba7   Thumb Code    50  imu.o(.text)
    FilterOrder2Update                       0x00005bd9   Thumb Code   142  imu.o(.text)
    YawUpdate                                0x00005c67   Thumb Code   260  imu.o(.text)
    Quaternion_Adjust                        0x00005d6b   Thumb Code   640  imu.o(.text)
    Quaternion_Change                        0x00005feb   Thumb Code    84  imu.o(.text)
    Mag_Adjust                               0x00006069   Thumb Code    80  mag.o(.text)
    Mag_Update                               0x000060b9   Thumb Code    50  mag.o(.text)
    Mag_Save_Adjust_Data                     0x000060eb   Thumb Code   164  mag.o(.text)
    Mag_Calibration_Loop                     0x0000618f   Thumb Code   336  mag.o(.text)
    Mag_ST_Init                              0x000062df   Thumb Code   188  mag.o(.text)
    Set_Zero_Motors                          0x000063e5   Thumb Code    18  motors.o(.text)
    Motors_Init                              0x000063f7   Thumb Code    12  motors.o(.text)
    Set_PWM_Motors                           0x00006403   Thumb Code   226  motors.o(.text)
    Set_Throttle_Motors                      0x000064e5   Thumb Code    18  motors.o(.text)
    Set_IDLE_Motors                          0x000064f7   Thumb Code    18  motors.o(.text)
    AnoOF_GetOneByte                         0x00006665   Thumb Code   248  optical.o(.text)
    ComputePID                               0x00006775   Thumb Code   532  pid.o(.text)
    ComputeNLPID                             0x00006989   Thumb Code   556  pid.o(.text)
    ComputeYawPID                            0x00006bb5   Thumb Code   600  pid.o(.text)
    Clear_Structure                          0x00006e0d   Thumb Code    68  pid.o(.text)
    sbus_decode                              0x00006e6d   Thumb Code   444  sbus.o(.text)
    sqf                                      0x0000702d   Thumb Code    10  sins.o(.text)
    imuComputeRotationMatrix                 0x00007037   Thumb Code   660  sins.o(.text)
    Vector_From_BodyFrame2EarthFrame         0x000072cb   Thumb Code   124  sins.o(.text)
    Vector_From_EarthFrame2BodyFrame         0x00007347   Thumb Code   124  sins.o(.text)
    SINS_Prepare                             0x000073c3   Thumb Code   182  sins.o(.text)
    Strapdown_INS_High                       0x00007479   Thumb Code   388  sins.o(.text)
    Strapdown_INS_Horizontal                 0x000075fd   Thumb Code   706  sins.o(.text)
    TF_Mini_Plus_Get_One_Byte                0x000078c1   Thumb Code   218  tf_mini_plus.o(.text)
    TF_Mini_Plus_Update                      0x0000799b   Thumb Code    40  tf_mini_plus.o(.text)
    Led_Init                                 0x000079e1   Thumb Code   352  led.o(.text)
    IsKeyPressed                             0x00007b41   Thumb Code    16  led.o(.text)
    IsLittleCicle                            0x00007b51   Thumb Code    14  led.o(.text)
    IsClockWise                              0x00007b5f   Thumb Code    16  led.o(.text)
    IsTakeOffMiddle                          0x00007b6f   Thumb Code    14  led.o(.text)
    Led_Test                                 0x00007b7d   Thumb Code   256  led.o(.text)
    EEPROM_Init                              0x00007ca1   Thumb Code    26  drv_eeprom.o(.text)
    EEPROM_Test                              0x00007cbb   Thumb Code    70  drv_eeprom.o(.text)
    ak8975_write_reg                         0x00007d19   Thumb Code    22  ak8975.o(.text)
    ak8975_read_reg                          0x00007d2f   Thumb Code    16  ak8975.o(.text)
    ak8975_read_buffer                       0x00007d3f   Thumb Code    28  ak8975.o(.text)
    ak8975_start                             0x00007d5b   Thumb Code    12  ak8975.o(.text)
    ak8975_init                              0x00007d67   Thumb Code    90  ak8975.o(.text)
    ak8975_get_mag_adc                       0x00007dc1   Thumb Code    76  ak8975.o(.text)
    ak8975_get_mag                           0x00007e0d   Thumb Code    98  ak8975.o(.text)
    SPI1_Init                                0x00007ed9   Thumb Code    90  spi1.o(.text)
    SPI1_ReadWriteByte                       0x00007f33   Thumb Code    80  spi1.o(.text)
    SPI1_Read_Len                            0x00007f83   Thumb Code    90  spi1.o(.text)
    SPI1_Write_Byte                          0x00007fdd   Thumb Code    46  spi1.o(.text)
    SPI1_Read_Byte                           0x0000800b   Thumb Code    50  spi1.o(.text)
    delay_us                                 0x0000804d   Thumb Code    16  delay.o(.text)
    delay_ms                                 0x0000805d   Thumb Code    18  delay.o(.text)
    X_GPIO_Output_Init                       0x0000806f   Thumb Code    48  x_gpio.o(.text)
    X_GPIO_Input_Init                        0x0000809f   Thumb Code    48  x_gpio.o(.text)
    PWM_Output_Init                          0x000080d1   Thumb Code   284  m0_pwm.o(.text)
    Set_4_Motors                             0x000081ed   Thumb Code    88  m0_pwm.o(.text)
    icm20602_read_buffer                     0x00008265   Thumb Code    28  icm20602.o(.text)
    icm20602_get_accel_adc                   0x00008281   Thumb Code    76  icm20602.o(.text)
    icm20602_get_gyro_adc                    0x000082cd   Thumb Code    76  icm20602.o(.text)
    ICM_20602_Update                         0x00008319   Thumb Code   488  icm20602.o(.text)
    get_gyro_zero                            0x00008501   Thumb Code   164  icm20602.o(.text)
    icm20602_write_reg                       0x000085a5   Thumb Code    22  icm20602.o(.text)
    icm20602_read_reg                        0x000085bb   Thumb Code    16  icm20602.o(.text)
    icm20602_set_gyro_fullscale              0x000085cb   Thumb Code   112  icm20602.o(.text)
    icm20602_set_accel_fullscale             0x0000863b   Thumb Code   162  icm20602.o(.text)
    icm20602_init                            0x000086dd   Thumb Code   244  icm20602.o(.text)
    icm20602_get_gyro                        0x000087d1   Thumb Code   102  icm20602.o(.text)
    icm20602_get_accel                       0x00008837   Thumb Code   102  icm20602.o(.text)
    icm20602_get_temp                        0x0000889d   Thumb Code    60  icm20602.o(.text)
    spl06_write_reg                          0x00008955   Thumb Code    22  spl06.o(.text)
    spl06_read_reg                           0x0000896b   Thumb Code    16  spl06.o(.text)
    spl06_read_buffer                        0x0000897b   Thumb Code    28  spl06.o(.text)
    spl06_start                              0x00008997   Thumb Code    14  spl06.o(.text)
    spl06_config_temperature                 0x000089a5   Thumb Code   178  spl06.o(.text)
    spl06_config_pressure                    0x00008a57   Thumb Code   174  spl06.o(.text)
    spl06_init                               0x00008b05   Thumb Code   524  spl06.o(.text)
    spl06_get_pressure_adc                   0x00008d11   Thumb Code   332  spl06.o(.text)
    spl06_get_temperature_adc                0x00008e5d   Thumb Code    52  spl06.o(.text)
    spl06_update_pressure                    0x00008e91   Thumb Code   232  spl06.o(.text)
    spl06_update                             0x00008f79   Thumb Code    24  spl06.o(.text)
    spl06_get_temperature                    0x00008f91   Thumb Code     8  spl06.o(.text)
    spl06_get_pressure                       0x00008f99   Thumb Code     8  spl06.o(.text)
    spl06_get_altitude                       0x00008fa1   Thumb Code    96  spl06.o(.text)
    UART1_DMA_Init                           0x00009049   Thumb Code   222  uart1_dma.o(.text)
    UART1IntHandler                          0x00009127   Thumb Code    34  uart1_dma.o(.text)
    Uart1_Tick_RX                            0x00009149   Thumb Code    54  uart1_dma.o(.text)
    UART2_DMA_Init                           0x000091a9   Thumb Code   222  uart2_dma.o(.text)
    UART2IntHandler                          0x00009287   Thumb Code   176  uart2_dma.o(.text)
    USART2_DMA_TX_Enable                     0x00009337   Thumb Code    38  uart2_dma.o(.text)
    UART3_DMA_Init                           0x00009395   Thumb Code   328  uart3_dma.o(.text)
    UART3IntHandler                          0x000094dd   Thumb Code   110  uart3_dma.o(.text)
    USART3_DMA_TX_Enable                     0x0000954b   Thumb Code    52  uart3_dma.o(.text)
    UART4_DMA_Init                           0x000095b5   Thumb Code   306  uart4_dma.o(.text)
    UART4IntHandler                          0x000096e7   Thumb Code    94  uart4_dma.o(.text)
    USART4_DMA_TX_Enable                     0x00009745   Thumb Code    52  uart4_dma.o(.text)
    Uart4_Tick_RX                            0x00009779   Thumb Code     2  uart4_dma.o(.text)
    UART5_DMA_Init                           0x000097b1   Thumb Code    98  uart5_dma.o(.text)
    UART5IntHandler                          0x00009813   Thumb Code    34  uart5_dma.o(.text)
    USART5_DMA_TX_Enable                     0x00009835   Thumb Code    52  uart5_dma.o(.text)
    Uart5_Tick_RX                            0x00009869   Thumb Code    54  uart5_dma.o(.text)
    UART6_DMA_Init                           0x000098c9   Thumb Code    98  uart6_dma.o(.text)
    UART6IntHandler                          0x0000992b   Thumb Code    34  uart6_dma.o(.text)
    USART6_DMA_TX_Enable                     0x0000994d   Thumb Code    52  uart6_dma.o(.text)
    Uart6_Tick_RX                            0x00009981   Thumb Code    54  uart6_dma.o(.text)
    UART7_DMA_Init                           0x000099e1   Thumb Code   306  uart7_dma.o(.text)
    UART7IntHandler                          0x00009b13   Thumb Code    94  uart7_dma.o(.text)
    USART7_DMA_TX_Enable                     0x00009b71   Thumb Code    52  uart7_dma.o(.text)
    ADC0Sequence0Handler                     0x00009bd9   Thumb Code    82  drv_adc.o(.text)
    ADC_Init                                 0x00009c2b   Thumb Code   186  drv_adc.o(.text)
    xEventGroupCreate                        0x00009d0d   Thumb Code    26  event_groups.o(.text)
    xEventGroupSetBits                       0x00009d27   Thumb Code   186  event_groups.o(.text)
    xEventGroupSync                          0x00009de1   Thumb Code   228  event_groups.o(.text)
    xEventGroupWaitBits                      0x00009ee3   Thumb Code   294  event_groups.o(.text)
    xEventGroupClearBits                     0x0000a009   Thumb Code    72  event_groups.o(.text)
    vEventGroupClearBitsCallback             0x0000a051   Thumb Code    16  event_groups.o(.text)
    xEventGroupClearBitsFromISR              0x0000a061   Thumb Code    26  event_groups.o(.text)
    xEventGroupGetBitsFromISR                0x0000a07b   Thumb Code    44  event_groups.o(.text)
    vEventGroupDelete                        0x0000a0a7   Thumb Code    72  event_groups.o(.text)
    vEventGroupSetBitsCallback               0x0000a0ef   Thumb Code    66  event_groups.o(.text)
    xEventGroupSetBitsFromISR                0x0000a131   Thumb Code    32  event_groups.o(.text)
    uxEventGroupGetNumber                    0x0000a151   Thumb Code    14  event_groups.o(.text)
    vListInitialise                          0x0000a15f   Thumb Code    26  list.o(.text)
    vListInitialiseItem                      0x0000a179   Thumb Code     6  list.o(.text)
    vListInsertEnd                           0x0000a17f   Thumb Code    24  list.o(.text)
    vListInsert                              0x0000a197   Thumb Code    52  list.o(.text)
    uxListRemove                             0x0000a1cb   Thumb Code    40  list.o(.text)
    xQueueGenericReset                       0x0000a1f5   Thumb Code   134  queue.o(.text)
    xQueueGenericCreate                      0x0000a27b   Thumb Code   118  queue.o(.text)
    xQueueGenericSend                        0x0000a495   Thumb Code   452  queue.o(.text)
    xQueueCreateMutex                        0x0000a659   Thumb Code    80  queue.o(.text)
    xQueueGiveMutexRecursive                 0x0000a6a9   Thumb Code    66  queue.o(.text)
    xQueueGenericReceive                     0x0000a72f   Thumb Code   406  queue.o(.text)
    xQueueTakeMutexRecursive                 0x0000a8c5   Thumb Code    78  queue.o(.text)
    xQueueCreateCountingSemaphore            0x0000a913   Thumb Code    98  queue.o(.text)
    xQueueGenericSendFromISR                 0x0000a975   Thumb Code   244  queue.o(.text)
    xQueueGiveFromISR                        0x0000aa69   Thumb Code   218  queue.o(.text)
    xQueueReceiveFromISR                     0x0000ab43   Thumb Code   176  queue.o(.text)
    xQueuePeekFromISR                        0x0000abf3   Thumb Code   158  queue.o(.text)
    uxQueueMessagesWaiting                   0x0000ac91   Thumb Code    36  queue.o(.text)
    uxQueueSpacesAvailable                   0x0000acb5   Thumb Code    42  queue.o(.text)
    uxQueueMessagesWaitingFromISR            0x0000acdf   Thumb Code    28  queue.o(.text)
    vQueueUnregisterQueue                    0x0000acfb   Thumb Code    38  queue.o(.text)
    vQueueDelete                             0x0000ad21   Thumb Code    38  queue.o(.text)
    uxQueueGetQueueNumber                    0x0000ad47   Thumb Code     6  queue.o(.text)
    vQueueSetQueueNumber                     0x0000ad4d   Thumb Code     4  queue.o(.text)
    ucQueueGetQueueType                      0x0000ad51   Thumb Code     8  queue.o(.text)
    xQueueIsQueueEmptyFromISR                0x0000ad59   Thumb Code    36  queue.o(.text)
    xQueueIsQueueFullFromISR                 0x0000ad7d   Thumb Code    40  queue.o(.text)
    vQueueAddToRegistry                      0x0000ada5   Thumb Code    38  queue.o(.text)
    vQueueWaitForMessageRestricted           0x0000adcb   Thumb Code    66  queue.o(.text)
    xQueueCreateSet                          0x0000ae0d   Thumb Code    20  queue.o(.text)
    xQueueAddToSet                           0x0000ae21   Thumb Code    38  queue.o(.text)
    xQueueRemoveFromSet                      0x0000ae47   Thumb Code    48  queue.o(.text)
    xQueueSelectFromSet                      0x0000ae77   Thumb Code    26  queue.o(.text)
    xQueueSelectFromSetFromISR               0x0000ae91   Thumb Code    22  queue.o(.text)
    xTaskGenericCreate                       0x0000af97   Thumb Code   310  tasks.o(.text)
    vTaskDelete                              0x0000b0f7   Thumb Code   176  tasks.o(.text)
    xTaskIncrementTick                       0x0000b1a7   Thumb Code   388  tasks.o(.text)
    xTaskResumeAll                           0x0000b32b   Thumb Code   218  tasks.o(.text)
    vTaskSuspendAll                          0x0000b443   Thumb Code    12  tasks.o(.text)
    vTaskDelayUntil                          0x0000b44f   Thumb Code   212  tasks.o(.text)
    vTaskDelay                               0x0000b523   Thumb Code   116  tasks.o(.text)
    eTaskGetState                            0x0000b597   Thumb Code   104  tasks.o(.text)
    uxTaskPriorityGet                        0x0000b5ff   Thumb Code    30  tasks.o(.text)
    uxTaskPriorityGetFromISR                 0x0000b61d   Thumb Code    62  tasks.o(.text)
    vTaskPrioritySet                         0x0000b65b   Thumb Code   316  tasks.o(.text)
    vTaskSwitchContext                       0x0000b797   Thumb Code   114  tasks.o(.text)
    vTaskSuspend                             0x0000b809   Thumb Code   192  tasks.o(.text)
    vTaskResume                              0x0000b915   Thumb Code   124  tasks.o(.text)
    xTaskResumeFromISR                       0x0000b991   Thumb Code   154  tasks.o(.text)
    vTaskStartScheduler                      0x0000bab3   Thumb Code   104  tasks.o(.text)
    vTaskEndScheduler                        0x0000bb1b   Thumb Code   102  tasks.o(.text)
    xTaskGetTickCount                        0x0000bb81   Thumb Code     6  tasks.o(.text)
    xTaskGetTickCountFromISR                 0x0000bb87   Thumb Code    16  tasks.o(.text)
    uxTaskGetNumberOfTasks                   0x0000bb97   Thumb Code     6  tasks.o(.text)
    uxTaskGetSystemState                     0x0000bc63   Thumb Code   132  tasks.o(.text)
    vTaskPlaceOnEventList                    0x0000bce7   Thumb Code   102  tasks.o(.text)
    vTaskPlaceOnUnorderedEventList           0x0000bd4d   Thumb Code   148  tasks.o(.text)
    vTaskPlaceOnEventListRestricted          0x0000bde1   Thumb Code   108  tasks.o(.text)
    xTaskRemoveFromEventList                 0x0000be4d   Thumb Code   122  tasks.o(.text)
    xTaskRemoveFromUnorderedEventList        0x0000bec7   Thumb Code   142  tasks.o(.text)
    vTaskSetTimeOutState                     0x0000bf55   Thumb Code    88  tasks.o(.text)
    xTaskCheckForTimeOut                     0x0000bfad   Thumb Code   124  tasks.o(.text)
    vTaskMissedYield                         0x0000c029   Thumb Code     8  tasks.o(.text)
    uxTaskGetTaskNumber                      0x0000c031   Thumb Code    14  tasks.o(.text)
    vTaskSetTaskNumber                       0x0000c03f   Thumb Code     8  tasks.o(.text)
    uxTaskGetStackHighWaterMark              0x0000c047   Thumb Code    34  tasks.o(.text)
    xTaskGetCurrentTaskHandle                0x0000c069   Thumb Code     6  tasks.o(.text)
    xTaskGetSchedulerState                   0x0000c06f   Thumb Code    24  tasks.o(.text)
    vTaskPriorityInherit                     0x0000c087   Thumb Code   164  tasks.o(.text)
    xTaskPriorityDisinherit                  0x0000c12b   Thumb Code   176  tasks.o(.text)
    vTaskList                                0x0000c205   Thumb Code   180  tasks.o(.text)
    uxTaskResetEventItemValue                0x0000c2b9   Thumb Code    24  tasks.o(.text)
    pvTaskIncrementMutexHeldCount            0x0000c2d1   Thumb Code    26  tasks.o(.text)
    ulTaskNotifyTake                         0x0000c2eb   Thumb Code   174  tasks.o(.text)
    xTaskNotifyWait                          0x0000c399   Thumb Code   272  tasks.o(.text)
    xTaskGenericNotify                       0x0000c4a9   Thumb Code   226  tasks.o(.text)
    xTaskGenericNotifyFromISR                0x0000c58b   Thumb Code   274  tasks.o(.text)
    vTaskNotifyGiveFromISR                   0x0000c69d   Thumb Code   192  tasks.o(.text)
    xTaskNotifyStateClear                    0x0000c75d   Thumb Code    50  tasks.o(.text)
    xTimerGenericCommand                     0x0000c805   Thumb Code   118  timers.o(.text)
    xTimerCreateTimerTask                    0x0000cb85   Thumb Code   152  timers.o(.text)
    xTimerCreate                             0x0000cc1d   Thumb Code    88  timers.o(.text)
    pcTimerGetTimerName                      0x0000cc75   Thumb Code    28  timers.o(.text)
    xTimerIsTimerActive                      0x0000cc91   Thumb Code    50  timers.o(.text)
    pvTimerGetTimerID                        0x0000ccc3   Thumb Code    38  timers.o(.text)
    vTimerSetTimerID                         0x0000cce9   Thumb Code    38  timers.o(.text)
    xTimerPendFunctionCallFromISR            0x0000cd0f   Thumb Code    48  timers.o(.text)
    xTimerPendFunctionCall                   0x0000cd3f   Thumb Code    70  timers.o(.text)
    pxPortInitialiseStack                    0x0000cdbb   Thumb Code    34  port.o(.text)
    vPortSetupTimerInterrupt                 0x0000cddd   Thumb Code    14  port.o(.text)
    xPortStartScheduler                      0x0000cdeb   Thumb Code   258  port.o(.text)
    vPortEndScheduler                        0x0000ceed   Thumb Code    34  port.o(.text)
    vPortEnterCritical                       0x0000cf0f   Thumb Code    70  port.o(.text)
    vPortExitCritical                        0x0000cf55   Thumb Code    48  port.o(.text)
    xPortSysTickHandler                      0x0000cf85   Thumb Code    50  port.o(.text)
    vPortValidateInterruptPriority           0x0000cfb7   Thumb Code    88  port.o(.text)
    pvPortMalloc                             0x0000d08b   Thumb Code   166  heap_2.o(.text)
    vPortFree                                0x0000d131   Thumb Code    56  heap_2.o(.text)
    xPortGetFreeHeapSize                     0x0000d169   Thumb Code     6  heap_2.o(.text)
    vPortInitialiseBlocks                    0x0000d16f   Thumb Code     2  heap_2.o(.text)
    __aeabi_memcpy                           0x0000d185   Thumb Code    36  memcpya.o(.text)
    __aeabi_memcpy4                          0x0000d185   Thumb Code     0  memcpya.o(.text)
    __aeabi_memcpy8                          0x0000d185   Thumb Code     0  memcpya.o(.text)
    __aeabi_memset                           0x0000d1a9   Thumb Code    14  memseta.o(.text)
    __aeabi_memset4                          0x0000d1a9   Thumb Code     0  memseta.o(.text)
    __aeabi_memset8                          0x0000d1a9   Thumb Code     0  memseta.o(.text)
    __aeabi_memclr                           0x0000d1b7   Thumb Code     4  memseta.o(.text)
    __aeabi_memclr4                          0x0000d1b7   Thumb Code     0  memseta.o(.text)
    __aeabi_memclr8                          0x0000d1b7   Thumb Code     0  memseta.o(.text)
    _memset$wrapper                          0x0000d1bb   Thumb Code    18  memseta.o(.text)
    strlen                                   0x0000d1cd   Thumb Code    14  strlen.o(.text)
    strcpy                                   0x0000d1db   Thumb Code    18  strcpy.o(.text)
    __aeabi_dadd                             0x0000d1ed   Thumb Code   322  dadd.o(.text)
    __aeabi_dsub                             0x0000d32f   Thumb Code     6  dadd.o(.text)
    __aeabi_drsub                            0x0000d335   Thumb Code     6  dadd.o(.text)
    __aeabi_dmul                             0x0000d33b   Thumb Code   228  dmul.o(.text)
    __aeabi_ddiv                             0x0000d41f   Thumb Code   222  ddiv.o(.text)
    __aeabi_i2d                              0x0000d4fd   Thumb Code    34  dflti.o(.text)
    __aeabi_ui2d                             0x0000d51f   Thumb Code    26  dfltui.o(.text)
    __aeabi_f2d                              0x0000d539   Thumb Code    38  f2d.o(.text)
    __aeabi_cdcmpeq                          0x0000d561   Thumb Code     0  cdcmple.o(.text)
    __aeabi_cdcmple                          0x0000d561   Thumb Code    48  cdcmple.o(.text)
    __aeabi_cdrcmple                         0x0000d591   Thumb Code    48  cdrcmple.o(.text)
    __aeabi_d2f                              0x0000d5c1   Thumb Code    56  d2f.o(.text)
    __aeabi_uldivmod                         0x0000d5f9   Thumb Code    98  uldiv.o(.text)
    __aeabi_llsl                             0x0000d65b   Thumb Code    30  llshl.o(.text)
    _ll_shift_l                              0x0000d65b   Thumb Code     0  llshl.o(.text)
    __aeabi_lasr                             0x0000d679   Thumb Code    36  llsshr.o(.text)
    _ll_sshift_r                             0x0000d679   Thumb Code     0  llsshr.o(.text)
    __I$use$fp                               0x0000d69d   Thumb Code     0  iusefp.o(.text)
    _float_round                             0x0000d69d   Thumb Code    18  fepilogue.o(.text)
    _float_epilogue                          0x0000d6af   Thumb Code    92  fepilogue.o(.text)
    _double_round                            0x0000d70b   Thumb Code    30  depilogue.o(.text)
    _double_epilogue                         0x0000d729   Thumb Code   156  depilogue.o(.text)
    _dsqrt                                   0x0000d7c5   Thumb Code   162  dsqrt.o(.text)
    __fp_status                              0x0000d867   Thumb Code     4  fpstat.o(.text)
    __ieee_status                            0x0000d867   Thumb Code     0  fpstat.o(.text)
    __scatterload                            0x0000d86d   Thumb Code    28  init.o(.text)
    __scatterload_rt2                        0x0000d86d   Thumb Code     0  init.o(.text)
    __aeabi_llsr                             0x0000d891   Thumb Code    32  llushr.o(.text)
    _ll_ushift_r                             0x0000d891   Thumb Code     0  llushr.o(.text)
    __aeabi_d2iz                             0x0000d8b1   Thumb Code    62  dfixi.o(.text)
    __decompress                             0x0000d8ef   Thumb Code     0  __dczerorl2.o(.text)
    __decompress1                            0x0000d8ef   Thumb Code    86  __dczerorl2.o(.text)
    ADCClockConfigSet                        0x0000d945   Thumb Code    28  adc.o(i.ADCClockConfigSet)
    ADCIntClear                              0x0000d961   Thumb Code    10  adc.o(i.ADCIntClear)
    ADCIntEnable                             0x0000d96b   Thumb Code    16  adc.o(i.ADCIntEnable)
    ADCPhaseDelaySet                         0x0000d97b   Thumb Code     4  adc.o(i.ADCPhaseDelaySet)
    ADCSequenceConfigure                     0x0000d97f   Thumb Code    96  adc.o(i.ADCSequenceConfigure)
    ADCSequenceDataGet                       0x0000d9df   Thumb Code    36  adc.o(i.ADCSequenceDataGet)
    ADCSequenceEnable                        0x0000da03   Thumb Code    14  adc.o(i.ADCSequenceEnable)
    ADCSequenceStepConfigure                 0x0000da11   Thumb Code   154  adc.o(i.ADCSequenceStepConfigure)
    EEPROMInit                               0x0000daad   Thumb Code    60  eeprom.o(i.EEPROMInit)
    EEPROMProgram                            0x0000daf1   Thumb Code   334  eeprom.o(i.EEPROMProgram)
    EEPROMRead                               0x0000dc55   Thumb Code    48  eeprom.o(i.EEPROMRead)
    GPIODirModeSet                           0x0000dc89   Thumb Code    40  gpio.o(i.GPIODirModeSet)
    GPIOPadConfigSet                         0x0000dcb1   Thumb Code   312  gpio.o(i.GPIOPadConfigSet)
    GPIOPinConfigure                         0x0000dde9   Thumb Code    60  gpio.o(i.GPIOPinConfigure)
    GPIOPinTypeADC                           0x0000de2d   Thumb Code    28  gpio.o(i.GPIOPinTypeADC)
    GPIOPinTypePWM                           0x0000de49   Thumb Code    28  gpio.o(i.GPIOPinTypePWM)
    GPIOPinTypeSSI                           0x0000de65   Thumb Code    28  gpio.o(i.GPIOPinTypeSSI)
    GPIOPinTypeUART                          0x0000de81   Thumb Code    28  gpio.o(i.GPIOPinTypeUART)
    GPIOPinWrite                             0x0000de9d   Thumb Code     6  gpio.o(i.GPIOPinWrite)
    IntEnable                                0x0000dea5   Thumb Code    92  interrupt.o(i.IntEnable)
    IntMasterEnable                          0x0000df09   Thumb Code    14  interrupt.o(i.IntMasterEnable)
    PWMGenConfigure                          0x0000df17   Thumb Code    38  pwm.o(i.PWMGenConfigure)
    PWMGenEnable                             0x0000df3d   Thumb Code    10  pwm.o(i.PWMGenEnable)
    PWMGenPeriodSet                          0x0000df47   Thumb Code    18  pwm.o(i.PWMGenPeriodSet)
    PWMOutputState                           0x0000df59   Thumb Code    16  pwm.o(i.PWMOutputState)
    PWMPulseWidthSet                         0x0000df69   Thumb Code    32  pwm.o(i.PWMPulseWidthSet)
    SSIBusy                                  0x0000df89   Thumb Code     8  ssi.o(i.SSIBusy)
    SSIConfigSetExpClk                       0x0000df91   Thumb Code    58  ssi.o(i.SSIConfigSetExpClk)
    SSIDataGet                               0x0000dfcb   Thumb Code    14  ssi.o(i.SSIDataGet)
    SSIDataPut                               0x0000dfd9   Thumb Code    12  ssi.o(i.SSIDataPut)
    SSIEnable                                0x0000dfe5   Thumb Code    10  ssi.o(i.SSIEnable)
    SysCtlClockGet                           0x0000dff1   Thumb Code   304  sysctl.o(i.SysCtlClockGet)
    SysCtlClockSet                           0x0000e145   Thumb Code   270  sysctl.o(i.SysCtlClockSet)
    SysCtlPWMClockSet                        0x0000e265   Thumb Code    14  sysctl.o(i.SysCtlPWMClockSet)
    SysCtlPeripheralEnable                   0x0000e279   Thumb Code    36  sysctl.o(i.SysCtlPeripheralEnable)
    SysCtlPeripheralReady                    0x0000e2a1   Thumb Code    40  sysctl.o(i.SysCtlPeripheralReady)
    SysCtlPeripheralReset                    0x0000e2cd   Thumb Code    56  sysctl.o(i.SysCtlPeripheralReset)
    TimerIntClear                            0x0000e309   Thumb Code     4  timer.o(i.TimerIntClear)
    UARTCharGetNonBlocking                   0x0000e30d   Thumb Code    16  uart.o(i.UARTCharGetNonBlocking)
    UARTCharsAvail                           0x0000e31d   Thumb Code    10  uart.o(i.UARTCharsAvail)
    UARTClockSourceSet                       0x0000e327   Thumb Code     6  uart.o(i.UARTClockSourceSet)
    __0printf$5                              0x0000e32d   Thumb Code    22  printf5.o(i.__0printf$5)
    __1printf$5                              0x0000e32d   Thumb Code     0  printf5.o(i.__0printf$5)
    __2printf                                0x0000e32d   Thumb Code     0  printf5.o(i.__0printf$5)
    __0sprintf$5                             0x0000e34d   Thumb Code    34  printf5.o(i.__0sprintf$5)
    __1sprintf$5                             0x0000e34d   Thumb Code     0  printf5.o(i.__0sprintf$5)
    __2sprintf                               0x0000e34d   Thumb Code     0  printf5.o(i.__0sprintf$5)
    __ARM_fpclassify                         0x0000e375   Thumb Code    48  fpclassify.o(i.__ARM_fpclassify)
    __ARM_fpclassifyf                        0x0000e3a5   Thumb Code    38  fpclassifyf.o(i.__ARM_fpclassifyf)
    __hardfp_asin                            0x0000e3d1   Thumb Code   770  asin.o(i.__hardfp_asin)
    __hardfp_atan                            0x0000e731   Thumb Code   622  atan.o(i.__hardfp_atan)
    __hardfp_atan2                           0x0000ea09   Thumb Code   432  atan2.o(i.__hardfp_atan2)
    __hardfp_cos                             0x0000ebf9   Thumb Code   180  cos.o(i.__hardfp_cos)
    __hardfp_expf                            0x0000ecc1   Thumb Code   426  expf.o(i.__hardfp_expf)
    __mathlib_expf                           0x0000ecc1   Thumb Code     0  expf.o(i.__hardfp_expf)
    __hardfp_logf                            0x0000eea9   Thumb Code   320  logf.o(i.__hardfp_logf)
    __mathlib_logf                           0x0000eea9   Thumb Code     0  logf.o(i.__hardfp_logf)
    __hardfp_powf                            0x0000f015   Thumb Code  1606  powf.o(i.__hardfp_powf)
    __mathlib_powf                           0x0000f015   Thumb Code     0  powf.o(i.__hardfp_powf)
    __hardfp_sin                             0x0000f679   Thumb Code   180  sin.o(i.__hardfp_sin)
    __hardfp_sqrt                            0x0000f741   Thumb Code   122  sqrt.o(i.__hardfp_sqrt)
    __ieee754_rem_pio2                       0x0000f7c1   Thumb Code   938  rred.o(i.__ieee754_rem_pio2)
    __kernel_cos                             0x0000fbf9   Thumb Code   322  cos_i.o(i.__kernel_cos)
    __kernel_poly                            0x0000fd69   Thumb Code   248  poly.o(i.__kernel_poly)
    __kernel_sin                             0x0000fe61   Thumb Code   280  sin_i.o(i.__kernel_sin)
    __mathlib_dbl_infnan                     0x0000ff91   Thumb Code    20  dunder.o(i.__mathlib_dbl_infnan)
    __mathlib_dbl_infnan2                    0x0000ffa5   Thumb Code    20  dunder.o(i.__mathlib_dbl_infnan2)
    __mathlib_dbl_invalid                    0x0000ffb9   Thumb Code    24  dunder.o(i.__mathlib_dbl_invalid)
    __mathlib_dbl_underflow                  0x0000ffd9   Thumb Code    24  dunder.o(i.__mathlib_dbl_underflow)
    __mathlib_flt_divzero                    0x0000fff9   Thumb Code    14  funder.o(i.__mathlib_flt_divzero)
    __mathlib_flt_infnan                     0x0001000d   Thumb Code     6  funder.o(i.__mathlib_flt_infnan)
    __mathlib_flt_infnan2                    0x00010013   Thumb Code     6  funder.o(i.__mathlib_flt_infnan2)
    __mathlib_flt_invalid                    0x00010019   Thumb Code    10  funder.o(i.__mathlib_flt_invalid)
    __mathlib_flt_overflow                   0x00010029   Thumb Code    10  funder.o(i.__mathlib_flt_overflow)
    __mathlib_flt_underflow                  0x00010039   Thumb Code    10  funder.o(i.__mathlib_flt_underflow)
    __scatterload_copy                       0x00010049   Thumb Code    14  handlers.o(i.__scatterload_copy)
    __scatterload_null                       0x00010057   Thumb Code     2  handlers.o(i.__scatterload_null)
    __scatterload_zeroinit                   0x00010059   Thumb Code    14  handlers.o(i.__scatterload_zeroinit)
    __set_errno                              0x00010069   Thumb Code     6  errno.o(i.__set_errno)
    atan                                     0x0001033f   Thumb Code    16  atan.o(i.atan)
    fabs                                     0x0001034f   Thumb Code    24  fabs.o(i.fabs)
    puts                                     0x00010369   Thumb Code    30  puts.o(i.puts)
    sqrt                                     0x0001038d   Thumb Code   110  sqrt.o(i.sqrt)
    uDMAChannelAssign                        0x000103fd   Thumb Code    40  udma.o(i.uDMAChannelAssign)
    uDMAChannelSizeGet                       0x00010429   Thumb Code    28  udma.o(i.uDMAChannelSizeGet)
    ADRC_Unit                                0x00010464   Data         180  adrc.o(.constdata)
    __mathlib_zero                           0x00010d68   Data           8  qnan.o(.constdata)
    Region$$Table$$Base                      0x00010e74   Number         0  anon$$obj.o(Region$$Table)
    Region$$Table$$Limit                     0x00010e94   Number         0  anon$$obj.o(Region$$Table)
    StartTask_Handler                        0x20000000   Data           4  main.o(.data)
    EventGroupHandler                        0x20000004   Data           4  main.o(.data)
    xReturn                                  0x20000008   Data           4  main.o(.data)
    ui32SysClock                             0x2000000c   Data           4  system_init.o(.data)
    __stdout                                 0x20000010   Data           4  system_init.o(.data)
    SysTickCnt                               0x20000014   Data           4  tm4c123_it.o(.data)
    x_test                                   0x20000020   Data           4  autoflytask.o(.data)
    y_test                                   0x20000024   Data           4  autoflytask.o(.data)
    yaw_test                                 0x20000028   Data           4  autoflytask.o(.data)
    ForwardDist                              0x2000002c   Data           4  autoflytask.o(.data)
    LeftDist                                 0x20000030   Data           4  autoflytask.o(.data)
    CurrentSDKState                          0x20000034   Data           4  autoflytask.o(.data)
    SDKStateMAX                              0x20000038   Data           4  autoflytask.o(.data)
    landcnt                                  0x2000003c   Data           4  autoflytask.o(.data)
    landcnt1                                 0x20000040   Data           4  autoflytask.o(.data)
    searchcnt                                0x20000044   Data           4  autoflytask.o(.data)
    searchcnt1                               0x20000048   Data           4  autoflytask.o(.data)
    yawcnt                                   0x2000004c   Data           4  autoflytask.o(.data)
    yawcntsearch                             0x20000050   Data           4  autoflytask.o(.data)
    last_search_yaw                          0x20000054   Data           4  autoflytask.o(.data)
    yaw_Des                                  0x20000058   Data           4  autoflytask.o(.data)
    yaw_Des1                                 0x2000005c   Data           4  autoflytask.o(.data)
    yaw_Des2                                 0x20000060   Data           4  autoflytask.o(.data)
    yaw_init                                 0x20000064   Data           4  autoflytask.o(.data)
    yaw_SDK                                  0x20000068   Data           4  autoflytask.o(.data)
    time_SDK_cnt                             0x2000006c   Data           4  autoflytask.o(.data)
    yaw_cnt                                  0x20000070   Data           4  autoflytask.o(.data)
    KeyPressedTimeMS                         0x20000074   Data           4  autoflytask.o(.data)
    KeySDKflag                               0x20000078   Data           1  autoflytask.o(.data)
    SDK_StateChangeFlag                      0x20000079   Data           1  autoflytask.o(.data)
    SDK_DelayWakeFlag                        0x2000007a   Data           1  autoflytask.o(.data)
    ShotQRCodeFlag                           0x2000007b   Data           1  autoflytask.o(.data)
    SDKLandFlag                              0x2000007c   Data           1  autoflytask.o(.data)
    temp_V_x                                 0x20000080   Data           4  autoflytask.o(.data)
    temp_V_y                                 0x20000084   Data           4  autoflytask.o(.data)
    temp_Gyroz                               0x20000088   Data           4  autoflytask.o(.data)
    temp_V_h                                 0x2000008c   Data           4  autoflytask.o(.data)
    temp_Yaw                                 0x20000090   Data           4  autoflytask.o(.data)
    temp_LocX                                0x20000094   Data           4  autoflytask.o(.data)
    temp_LocY                                0x20000098   Data           4  autoflytask.o(.data)
    temp_V_x2021                             0x2000009c   Data           4  autoflytask.o(.data)
    temp_V_y2021                             0x200000a0   Data           4  autoflytask.o(.data)
    Search0OriginYaw                         0x200000a4   Data           4  autoflytask.o(.data)
    imuStateMachine                          0x200000b0   Data           1  debugertask.o(.data)
    imuFrameCnt                              0x200000b4   Data           4  debugertask.o(.data)
    imuValidCnt                              0x200000b8   Data           4  debugertask.o(.data)
    FailSafeFlag                             0x200000c0   Data           1  remotertask.o(.data)
    groud_temp                               0x200000cc   Data           4  sensorstask.o(.data)
    groud_press                              0x200000d0   Data           4  sensorstask.o(.data)
    pressure                                 0x200000d4   Data           4  sensorstask.o(.data)
    temperature                              0x200000d8   Data           4  sensorstask.o(.data)
    baro_alt                                 0x200000dc   Data           4  sensorstask.o(.data)
    uxHighWaterMark                          0x200000e0   Data           4  stabilizertask.o(.data)
    pitch_imu                                0x200000e4   Data           4  stabilizertask.o(.data)
    roll_imu                                 0x200000e8   Data           4  stabilizertask.o(.data)
    yaw_imu                                  0x200000ec   Data           4  stabilizertask.o(.data)
    Throttle_out                             0x200000f0   Data           4  stabilizertask.o(.data)
    u_gyrox                                  0x200000f4   Data           4  stabilizertask.o(.data)
    u_gyroy                                  0x200000f8   Data           4  stabilizertask.o(.data)
    u_gyroz                                  0x200000fc   Data           4  stabilizertask.o(.data)
    Throttle_th                              0x20000100   Data           2  stabilizertask.o(.data)
    ICM_Temp                                 0x20000104   Data           4  stabilizertask.o(.data)
    ICM_Temp_KP                              0x20000108   Data           4  stabilizertask.o(.data)
    ICM_Temp_U                               0x2000010c   Data           4  stabilizertask.o(.data)
    cnt_h                                    0x20000110   Data           1  stabilizertask.o(.data)
    cnt_loc                                  0x20000111   Data           1  stabilizertask.o(.data)
    cnt_locs                                 0x20000112   Data           1  stabilizertask.o(.data)
    cnt_yaw                                  0x20000113   Data           1  stabilizertask.o(.data)
    is_refreshed_yaw_des                     0x20000114   Data           1  stabilizertask.o(.data)
    mytest1                                  0x20000118   Data           4  stabilizertask.o(.data)
    mytest2                                  0x2000011c   Data           4  stabilizertask.o(.data)
    flag_openmv_car                          0x20000120   Data           1  stabilizertask.o(.data)
    OpenMVFrameCnt                           0x20000134   Data           4  openmv.o(.data)
    OpenMVValidCnt                           0x20000138   Data           4  openmv.o(.data)
    OpenMVRXStateMachine                     0x2000013c   Data           1  openmv.o(.data)
    blobx                                    0x2000013e   Data           2  openmv.o(.data)
    bloby                                    0x20000140   Data           2  openmv.o(.data)
    blobw                                    0x20000142   Data           2  openmv.o(.data)
    blobh                                    0x20000144   Data           2  openmv.o(.data)
    openmvLocEx                              0x20000146   Data           2  openmv.o(.data)
    openmvLocEy                              0x20000148   Data           2  openmv.o(.data)
    Need_to_Param_Back                       0x2000014e   Data           1  anov65.o(.data)
    flag_car                                 0x20000154   Data           4  height.o(.data)
    last_height                              0x20000158   Data           4  height.o(.data)
    i                                        0x2000015c   Data           4  height.o(.data)
    Kp                                       0x20000160   Data           4  imu.o(.data)
    Ki                                       0x20000164   Data           4  imu.o(.data)
    q0                                       0x20000168   Data           4  imu.o(.data)
    q1                                       0x2000016c   Data           4  imu.o(.data)
    q2                                       0x20000170   Data           4  imu.o(.data)
    q3                                       0x20000174   Data           4  imu.o(.data)
    exInt                                    0x20000178   Data           4  imu.o(.data)
    eyInt                                    0x2000017c   Data           4  imu.o(.data)
    ezInt                                    0x20000180   Data           4  imu.o(.data)
    F1St                                     0x20000184   Data          20  imu.o(.data)
    F2St                                     0x20000198   Data          32  imu.o(.data)
    _q0                                      0x200001b8   Data           4  imu.o(.data)
    _q1                                      0x200001bc   Data           4  imu.o(.data)
    _q2                                      0x200001c0   Data           4  imu.o(.data)
    _q3                                      0x200001c4   Data           4  imu.o(.data)
    Ctrler                                   0x200001e8   Data         864  pid.o(.data)
    alpha                                    0x20000548   Data           4  pid.o(.data)
    zeta                                     0x2000054c   Data           4  pid.o(.data)
    Sin_Pitch                                0x20000550   Data           4  sins.o(.data)
    Sin_Roll                                 0x20000554   Data           4  sins.o(.data)
    Sin_Yaw                                  0x20000558   Data           4  sins.o(.data)
    Cos_Pitch                                0x2000055c   Data           4  sins.o(.data)
    Cos_Roll                                 0x20000560   Data           4  sins.o(.data)
    Cos_Yaw                                  0x20000564   Data           4  sins.o(.data)
    TIME_CONTANST_ZER                        0x20000568   Data           4  sins.o(.data)
    High_Delay_Cnt                           0x2000056c   Data           2  sins.o(.data)
    TIME_CONTANST_XY                         0x20000570   Data           4  sins.o(.data)
    LocXY_SINS_Delay_Cnt                     0x20000574   Data           2  sins.o(.data)
    TF_Mini_Plus_Distance                    0x2000057c   Data           2  tf_mini_plus.o(.data)
    TfMiniPlusStateMachine                   0x2000057e   Data           1  tf_mini_plus.o(.data)
    TfMiniPlusFrameCnt                       0x20000580   Data           4  tf_mini_plus.o(.data)
    TfMiniPlusValidCnt                       0x20000584   Data           4  tf_mini_plus.o(.data)
    ui32EEPROMInit                           0x20000590   Data           4  drv_eeprom.o(.data)
    pui32Data                                0x20000594   Data           8  drv_eeprom.o(.data)
    pui32Read                                0x2000059c   Data           8  drv_eeprom.o(.data)
    Uart1_RX_POS                             0x200005e0   Data           1  uart1_dma.o(.data)
    SBUS_ValidCnt                            0x200005e4   Data           4  uart2_dma.o(.data)
    USART2_REC_CNT                           0x200005e8   Data           4  uart2_dma.o(.data)
    Uart4_Rec_CNT                            0x200005ec   Data           2  uart4_dma.o(.data)
    Uart4_IRQ_CNT                            0x200005f0   Data           4  uart4_dma.o(.data)
    Uart4_RX_POS                             0x200005f4   Data           4  uart4_dma.o(.data)
    Uart5_RX_POS                             0x200005f8   Data           1  uart5_dma.o(.data)
    Uart6_RX_POS                             0x200005f9   Data           1  uart6_dma.o(.data)
    Uart7_Rec_CNT                            0x200005fc   Data           2  uart7_dma.o(.data)
    Uart7_IRQ_CNT                            0x20000600   Data           4  uart7_dma.o(.data)
    adc_voltage_Volt                         0x20000604   Data           4  drv_adc.o(.data)
    cnt_int                                  0x20000608   Data           4  drv_adc.o(.data)
    pxCurrentTCB                             0x2000060c   Data           4  tasks.o(.data)
    pui8ControlTable                         0x20000800   Data        1024  system_init.o(.bss)
    SDK_StateMachine                         0x20000c00   Data         800  autoflytask.o(.bss)
    yaw_SDK_openmv                           0x20000f20   Data         400  autoflytask.o(.bss)
    yaw_SDK_openmv_E                         0x200010b0   Data         400  autoflytask.o(.bss)
    UartManager                              0x20001240   Data          40  debugertask.o(.bss)
    Visual_Data_RxBuffer                     0x20001268   Data          44  debugertask.o(.bss)
    channel                                  0x20001294   Data          16  remotertask.o(.bss)
    Remoter                                  0x200012a4   Data          14  remotertask.o(.bss)
    DroneStatus                              0x200012b4   Data          12  remotertask.o(.bss)
    StickMotion                              0x200012c0   Data          32  remotertask.o(.bss)
    mag                                      0x200012e0   Data          12  sensorstask.o(.bss)
    unAimData                                0x200012ec   Data          44  stabilizertask.o(.bss)
    G_ST_Vision                              0x20001318   Data          40  stabilizertask.o(.bss)
    data                                     0x20001340   Data         412  stabilizertask.o(.bss)
    AHRS_Angle                               0x200014dc   Data          12  stabilizertask.o(.bss)
    ADRC_Pitch_Controller                    0x200014e8   Data         152  adrc.o(.bss)
    ADRC_Roll_Controller                     0x20001580   Data         152  adrc.o(.bss)
    OpenMVData                               0x20001618   Data          76  openmv.o(.bss)
    ANO_PID_Table                            0x20001678   Data         240  anov65.o(.bss)
    CMD_Param_Back_BUF                       0x20001768   Data         100  anov65.o(.bss)
    Filters                                  0x20001820   Data         192  filter.o(.bss)
    yaw_st                                   0x200018e0   Data          52  imu.o(.bss)
    M_CelST                                  0x20001914   Data          44  mag.o(.bss)
    mymotor                                  0x20001940   Data          16  motors.o(.bss)
    ano_of                                   0x20001950   Data          76  optical.o(.bss)
    sbus_channel                             0x20001d84   Data          32  sbus.o(.bss)
    stSINS                                   0x20001da4   Data         732  sins.o(.bss)
    rMat                                     0x20002080   Data          36  sins.o(.bss)
    Body_Frame                               0x200020a4   Data          12  sins.o(.bss)
    Earth_Frame                              0x200020b0   Data          12  sins.o(.bss)
    UART1_TX_BUF                             0x200020bc   Data          50  uart1_dma.o(.bss)
    UART1_RX_BUFA                            0x200020ee   Data          50  uart1_dma.o(.bss)
    UART1_RX_BUFB                            0x20002120   Data          50  uart1_dma.o(.bss)
    USART1_RX_BUF                            0x20002152   Data          50  uart1_dma.o(.bss)
    UART2_TX_BUF                             0x20002184   Data          10  uart2_dma.o(.bss)
    UART2_RX_BUFA                            0x2000218e   Data          50  uart2_dma.o(.bss)
    UART2_RX_BUFB                            0x200021c0   Data          50  uart2_dma.o(.bss)
    USART2_RX_BUF                            0x200021f2   Data          50  uart2_dma.o(.bss)
    UART3_TX_BUF                             0x20002224   Data          10  uart3_dma.o(.bss)
    UART3_RX_BUFA                            0x2000222e   Data          10  uart3_dma.o(.bss)
    UART3_RX_BUFB                            0x20002238   Data          10  uart3_dma.o(.bss)
    USART3_RX_BUF                            0x20002242   Data          10  uart3_dma.o(.bss)
    UART4_TX_BUF                             0x2000224c   Data          18  uart4_dma.o(.bss)
    UART4_RX_BUFA                            0x2000225e   Data          50  uart4_dma.o(.bss)
    UART4_RX_BUFB                            0x20002290   Data          50  uart4_dma.o(.bss)
    UART4_RX_BUF                             0x200022c2   Data          50  uart4_dma.o(.bss)
    UART5_TX_BUF                             0x200022f4   Data          18  uart5_dma.o(.bss)
    UART5_RX_BUFA                            0x20002306   Data          20  uart5_dma.o(.bss)
    UART5_RX_BUFB                            0x2000231a   Data          20  uart5_dma.o(.bss)
    UART5_RX_BUF                             0x2000232e   Data          20  uart5_dma.o(.bss)
    UART6_TX_BUF                             0x20002342   Data          30  uart6_dma.o(.bss)
    UART6_RX_BUFA                            0x20002360   Data          30  uart6_dma.o(.bss)
    UART6_RX_BUFB                            0x2000237e   Data          30  uart6_dma.o(.bss)
    UART6_RX_BUF                             0x2000239c   Data          30  uart6_dma.o(.bss)
    UART7_TX_BUF                             0x200023ba   Data          50  uart7_dma.o(.bss)
    UART7_RX_BUFA                            0x200023ec   Data         100  uart7_dma.o(.bss)
    UART7_RX_BUFB                            0x20002450   Data         100  uart7_dma.o(.bss)
    UART7_RX_BUF                             0x200024b4   Data         100  uart7_dma.o(.bss)
    pui32ADC0Value                           0x20002518   Data          32  drv_adc.o(.bss)
    xQueueRegistry                           0x20002538   Data          64  queue.o(.bss)
    __initial_sp                             0x20007c88   Data           0  startup_rvmdk.o(STACK)



==============================================================================

Memory Map of the image

  Image Entry point : 0x0000026d

  Load Region LR_1 (Base: 0x00000000, Size: 0x00011510, Max: 0xffffffff, ABSOLUTE, COMPRESSED[0x00010fb0])

    Execution Region ER_RO (Exec base: 0x00000000, Load base: 0x00000000, Size: 0x00010e94, Max: 0xffffffff, ABSOLUTE)

    Exec Addr    Load Addr    Size         Type   Attr      Idx    E Section Name        Object

    0x00000000   0x00000000   0x00000288   Code   RO         1224  * RESET               startup_rvmdk.o
    0x00000288   0x00000288   0x00000000   Code   RO         3767  * .ARM.Collect$$$$00000000  mc_w.l(entry.o)
    0x00000288   0x00000288   0x00000004   Code   RO         4134    .ARM.Collect$$$$00000001  mc_w.l(entry2.o)
    0x0000028c   0x0000028c   0x00000004   Code   RO         4137    .ARM.Collect$$$$00000004  mc_w.l(entry5.o)
    0x00000290   0x00000290   0x00000000   Code   RO         4139    .ARM.Collect$$$$00000008  mc_w.l(entry7b.o)
    0x00000290   0x00000290   0x00000000   Code   RO         4141    .ARM.Collect$$$$0000000A  mc_w.l(entry8b.o)
    0x00000290   0x00000290   0x00000008   Code   RO         4142    .ARM.Collect$$$$0000000B  mc_w.l(entry9a.o)
    0x00000298   0x00000298   0x00000000   Code   RO         4144    .ARM.Collect$$$$0000000D  mc_w.l(entry10a.o)
    0x00000298   0x00000298   0x00000000   Code   RO         4146    .ARM.Collect$$$$0000000F  mc_w.l(entry11a.o)
    0x00000298   0x00000298   0x00000004   Code   RO         4135    .ARM.Collect$$$$00002712  mc_w.l(entry2.o)
    0x0000029c   0x0000029c   0x000000b6   Code   RO         1358    .emb_text           port.o
    0x00000352   0x00000352   0x00000002   PAD
    0x00000354   0x00000354   0x00000006   Code   RO         2606    .emb_text           driverlib.lib(sysctl.o)
    0x0000035a   0x0000035a   0x00000002   PAD
    0x0000035c   0x0000035c   0x00000026   Code   RO         3653    .emb_text           driverlib.lib(cpu.o)
    0x00000382   0x00000382   0x00000002   PAD
    0x00000384   0x00000384   0x0000020c   Code   RO            1    .text               main.o
    0x00000590   0x00000590   0x000000e8   Code   RO          255    .text               system_init.o
    0x00000678   0x00000678   0x00000070   Code   RO          282    .text               tm4c123_it.o
    0x000006e8   0x000006e8   0x000003b8   Code   RO          322    .text               uartstdio.o
    0x00000aa0   0x00000aa0   0x0000010c   Code   RO          353    .text               ledtask.o
    0x00000bac   0x00000bac   0x00001a04   Code   RO          385    .text               autoflytask.o
    0x000025b0   0x000025b0   0x0000047a   Code   RO          419    .text               debugertask.o
    0x00002a2a   0x00002a2a   0x00000002   PAD
    0x00002a2c   0x00002a2c   0x00000594   Code   RO          459    .text               remotertask.o
    0x00002fc0   0x00002fc0   0x000000a8   Code   RO          479    .text               sensorstask.o
    0x00003068   0x00003068   0x00000ba0   Code   RO          509    .text               stabilizertask.o
    0x00003c08   0x00003c08   0x0000074c   Code   RO          551    .text               adrc.o
    0x00004354   0x00004354   0x0000036c   Code   RO          570    .text               openmv.o
    0x000046c0   0x000046c0   0x00000b30   Code   RO          607    .text               anov65.o
    0x000051f0   0x000051f0   0x000001d0   Code   RO          641    .text               filter.o
    0x000053c0   0x000053c0   0x000002c4   Code   RO          659    .text               height.o
    0x00005684   0x00005684   0x000009e4   Code   RO          677    .text               imu.o
    0x00006068   0x00006068   0x0000037c   Code   RO          715    .text               mag.o
    0x000063e4   0x000063e4   0x0000012c   Code   RO          731    .text               motors.o
    0x00006510   0x00006510   0x00000264   Code   RO          749    .text               optical.o
    0x00006774   0x00006774   0x000006f8   Code   RO          768    .text               pid.o
    0x00006e6c   0x00006e6c   0x000001c0   Code   RO          783    .text               sbus.o
    0x0000702c   0x0000702c   0x00000892   Code   RO          801    .text               sins.o
    0x000078be   0x000078be   0x00000002   PAD
    0x000078c0   0x000078c0   0x00000120   Code   RO          820    .text               tf_mini_plus.o
    0x000079e0   0x000079e0   0x000002c0   Code   RO          895    .text               led.o
    0x00007ca0   0x00007ca0   0x00000078   Code   RO          907    .text               drv_eeprom.o
    0x00007d18   0x00007d18   0x000001c0   Code   RO          922    .text               ak8975.o
    0x00007ed8   0x00007ed8   0x00000174   Code   RO          936    .text               spi1.o
    0x0000804c   0x0000804c   0x00000022   Code   RO          948    .text               delay.o
    0x0000806e   0x0000806e   0x00000060   Code   RO          978    .text               x_gpio.o
    0x000080ce   0x000080ce   0x00000002   PAD
    0x000080d0   0x000080d0   0x00000194   Code   RO          996    .text               m0_pwm.o
    0x00008264   0x00008264   0x000006f0   Code   RO         1008    .text               icm20602.o
    0x00008954   0x00008954   0x000006f4   Code   RO         1026    .text               spl06.o
    0x00009048   0x00009048   0x00000160   Code   RO         1040    .text               uart1_dma.o
    0x000091a8   0x000091a8   0x000001ec   Code   RO         1059    .text               uart2_dma.o
    0x00009394   0x00009394   0x00000220   Code   RO         1078    .text               uart3_dma.o
    0x000095b4   0x000095b4   0x000001fc   Code   RO         1096    .text               uart4_dma.o
    0x000097b0   0x000097b0   0x00000118   Code   RO         1115    .text               uart5_dma.o
    0x000098c8   0x000098c8   0x00000118   Code   RO         1134    .text               uart6_dma.o
    0x000099e0   0x000099e0   0x000001f8   Code   RO         1153    .text               uart7_dma.o
    0x00009bd8   0x00009bd8   0x00000134   Code   RO         1184    .text               drv_adc.o
    0x00009d0c   0x00009d0c   0x00000452   Code   RO         1248    .text               event_groups.o
    0x0000a15e   0x0000a15e   0x00000094   Code   RO         1285    .text               list.o
    0x0000a1f2   0x0000a1f2   0x00000002   PAD
    0x0000a1f4   0x0000a1f4   0x00000cb8   Code   RO         1297    .text               queue.o
    0x0000aeac   0x0000aeac   0x00001908   Code   RO         1315    .text               tasks.o
    0x0000c7b4   0x0000c7b4   0x000005d4   Code   RO         1343    .text               timers.o
    0x0000cd88   0x0000cd88   0x000002d8   Code   RO         1359    .text               port.o
    0x0000d060   0x0000d060   0x00000124   Code   RO         1376    .text               heap_2.o
    0x0000d184   0x0000d184   0x00000024   Code   RO         3774    .text               mc_w.l(memcpya.o)
    0x0000d1a8   0x0000d1a8   0x00000024   Code   RO         3776    .text               mc_w.l(memseta.o)
    0x0000d1cc   0x0000d1cc   0x0000000e   Code   RO         3778    .text               mc_w.l(strlen.o)
    0x0000d1da   0x0000d1da   0x00000012   Code   RO         3780    .text               mc_w.l(strcpy.o)
    0x0000d1ec   0x0000d1ec   0x0000014e   Code   RO         4045    .text               mf_w.l(dadd.o)
    0x0000d33a   0x0000d33a   0x000000e4   Code   RO         4047    .text               mf_w.l(dmul.o)
    0x0000d41e   0x0000d41e   0x000000de   Code   RO         4049    .text               mf_w.l(ddiv.o)
    0x0000d4fc   0x0000d4fc   0x00000022   Code   RO         4053    .text               mf_w.l(dflti.o)
    0x0000d51e   0x0000d51e   0x0000001a   Code   RO         4055    .text               mf_w.l(dfltui.o)
    0x0000d538   0x0000d538   0x00000026   Code   RO         4057    .text               mf_w.l(f2d.o)
    0x0000d55e   0x0000d55e   0x00000002   PAD
    0x0000d560   0x0000d560   0x00000030   Code   RO         4059    .text               mf_w.l(cdcmple.o)
    0x0000d590   0x0000d590   0x00000030   Code   RO         4061    .text               mf_w.l(cdrcmple.o)
    0x0000d5c0   0x0000d5c0   0x00000038   Code   RO         4063    .text               mf_w.l(d2f.o)
    0x0000d5f8   0x0000d5f8   0x00000062   Code   RO         4150    .text               mc_w.l(uldiv.o)
    0x0000d65a   0x0000d65a   0x0000001e   Code   RO         4152    .text               mc_w.l(llshl.o)
    0x0000d678   0x0000d678   0x00000024   Code   RO         4154    .text               mc_w.l(llsshr.o)
    0x0000d69c   0x0000d69c   0x00000000   Code   RO         4163    .text               mc_w.l(iusefp.o)
    0x0000d69c   0x0000d69c   0x0000006e   Code   RO         4164    .text               mf_w.l(fepilogue.o)
    0x0000d70a   0x0000d70a   0x000000ba   Code   RO         4166    .text               mf_w.l(depilogue.o)
    0x0000d7c4   0x0000d7c4   0x000000a2   Code   RO         4168    .text               mf_w.l(dsqrt.o)
    0x0000d866   0x0000d866   0x00000004   Code   RO         4172    .text               mf_w.l(fpstat.o)
    0x0000d86a   0x0000d86a   0x00000002   PAD
    0x0000d86c   0x0000d86c   0x00000024   Code   RO         4174    .text               mc_w.l(init.o)
    0x0000d890   0x0000d890   0x00000020   Code   RO         4176    .text               mc_w.l(llushr.o)
    0x0000d8b0   0x0000d8b0   0x0000003e   Code   RO         4178    .text               mf_w.l(dfixi.o)
    0x0000d8ee   0x0000d8ee   0x00000056   Code   RO         4188    .text               mc_w.l(__dczerorl2.o)
    0x0000d944   0x0000d944   0x0000001c   Code   RO         1393    i.ADCClockConfigSet  driverlib.lib(adc.o)
    0x0000d960   0x0000d960   0x0000000a   Code   RO         1402    i.ADCIntClear       driverlib.lib(adc.o)
    0x0000d96a   0x0000d96a   0x00000010   Code   RO         1406    i.ADCIntEnable      driverlib.lib(adc.o)
    0x0000d97a   0x0000d97a   0x00000004   Code   RO         1413    i.ADCPhaseDelaySet  driverlib.lib(adc.o)
    0x0000d97e   0x0000d97e   0x00000060   Code   RO         1417    i.ADCSequenceConfigure  driverlib.lib(adc.o)
    0x0000d9de   0x0000d9de   0x00000024   Code   RO         1420    i.ADCSequenceDataGet  driverlib.lib(adc.o)
    0x0000da02   0x0000da02   0x0000000e   Code   RO         1422    i.ADCSequenceEnable  driverlib.lib(adc.o)
    0x0000da10   0x0000da10   0x0000009a   Code   RO         1425    i.ADCSequenceStepConfigure  driverlib.lib(adc.o)
    0x0000daaa   0x0000daaa   0x00000002   PAD
    0x0000daac   0x0000daac   0x00000044   Code   RO         1676    i.EEPROMInit        driverlib.lib(eeprom.o)
    0x0000daf0   0x0000daf0   0x00000164   Code   RO         1682    i.EEPROMProgram     driverlib.lib(eeprom.o)
    0x0000dc54   0x0000dc54   0x00000034   Code   RO         1684    i.EEPROMRead        driverlib.lib(eeprom.o)
    0x0000dc88   0x0000dc88   0x00000028   Code   RO         1803    i.GPIODirModeSet    driverlib.lib(gpio.o)
    0x0000dcb0   0x0000dcb0   0x00000138   Code   RO         1815    i.GPIOPadConfigSet  driverlib.lib(gpio.o)
    0x0000dde8   0x0000dde8   0x00000044   Code   RO         1816    i.GPIOPinConfigure  driverlib.lib(gpio.o)
    0x0000de2c   0x0000de2c   0x0000001c   Code   RO         1818    i.GPIOPinTypeADC    driverlib.lib(gpio.o)
    0x0000de48   0x0000de48   0x0000001c   Code   RO         1834    i.GPIOPinTypePWM    driverlib.lib(gpio.o)
    0x0000de64   0x0000de64   0x0000001c   Code   RO         1836    i.GPIOPinTypeSSI    driverlib.lib(gpio.o)
    0x0000de80   0x0000de80   0x0000001c   Code   RO         1839    i.GPIOPinTypeUART   driverlib.lib(gpio.o)
    0x0000de9c   0x0000de9c   0x00000006   Code   RO         1845    i.GPIOPinWrite      driverlib.lib(gpio.o)
    0x0000dea2   0x0000dea2   0x00000002   PAD
    0x0000dea4   0x0000dea4   0x00000064   Code   RO         2106    i.IntEnable         driverlib.lib(interrupt.o)
    0x0000df08   0x0000df08   0x0000000e   Code   RO         2109    i.IntMasterEnable   driverlib.lib(interrupt.o)
    0x0000df16   0x0000df16   0x00000026   Code   RO         2229    i.PWMGenConfigure   driverlib.lib(pwm.o)
    0x0000df3c   0x0000df3c   0x0000000a   Code   RO         2231    i.PWMGenEnable      driverlib.lib(pwm.o)
    0x0000df46   0x0000df46   0x00000012   Code   RO         2244    i.PWMGenPeriodSet   driverlib.lib(pwm.o)
    0x0000df58   0x0000df58   0x00000010   Code   RO         2251    i.PWMOutputState    driverlib.lib(pwm.o)
    0x0000df68   0x0000df68   0x00000020   Code   RO         2254    i.PWMPulseWidthSet  driverlib.lib(pwm.o)
    0x0000df88   0x0000df88   0x00000008   Code   RO         2459    i.SSIBusy           driverlib.lib(ssi.o)
    0x0000df90   0x0000df90   0x0000003a   Code   RO         2462    i.SSIConfigSetExpClk  driverlib.lib(ssi.o)
    0x0000dfca   0x0000dfca   0x0000000e   Code   RO         2465    i.SSIDataGet        driverlib.lib(ssi.o)
    0x0000dfd8   0x0000dfd8   0x0000000c   Code   RO         2467    i.SSIDataPut        driverlib.lib(ssi.o)
    0x0000dfe4   0x0000dfe4   0x0000000a   Code   RO         2470    i.SSIEnable         driverlib.lib(ssi.o)
    0x0000dfee   0x0000dfee   0x00000002   PAD
    0x0000dff0   0x0000dff0   0x00000154   Code   RO         2609    i.SysCtlClockGet    driverlib.lib(sysctl.o)
    0x0000e144   0x0000e144   0x00000120   Code   RO         2611    i.SysCtlClockSet    driverlib.lib(sysctl.o)
    0x0000e264   0x0000e264   0x00000014   Code   RO         2635    i.SysCtlPWMClockSet  driverlib.lib(sysctl.o)
    0x0000e278   0x0000e278   0x00000028   Code   RO         2640    i.SysCtlPeripheralEnable  driverlib.lib(sysctl.o)
    0x0000e2a0   0x0000e2a0   0x0000002c   Code   RO         2644    i.SysCtlPeripheralReady  driverlib.lib(sysctl.o)
    0x0000e2cc   0x0000e2cc   0x0000003c   Code   RO         2645    i.SysCtlPeripheralReset  driverlib.lib(sysctl.o)
    0x0000e308   0x0000e308   0x00000004   Code   RO         2962    i.TimerIntClear     driverlib.lib(timer.o)
    0x0000e30c   0x0000e30c   0x00000010   Code   RO         3197    i.UARTCharGetNonBlocking  driverlib.lib(uart.o)
    0x0000e31c   0x0000e31c   0x0000000a   Code   RO         3200    i.UARTCharsAvail    driverlib.lib(uart.o)
    0x0000e326   0x0000e326   0x00000006   Code   RO         3202    i.UARTClockSourceSet  driverlib.lib(uart.o)
    0x0000e32c   0x0000e32c   0x00000020   Code   RO         3917    i.__0printf$5       mc_w.l(printf5.o)
    0x0000e34c   0x0000e34c   0x00000028   Code   RO         3919    i.__0sprintf$5      mc_w.l(printf5.o)
    0x0000e374   0x0000e374   0x00000030   Code   RO         4102    i.__ARM_fpclassify  m_wm.l(fpclassify.o)
    0x0000e3a4   0x0000e3a4   0x00000026   Code   RO         4104    i.__ARM_fpclassifyf  m_wm.l(fpclassifyf.o)
    0x0000e3ca   0x0000e3ca   0x00000006   PAD
    0x0000e3d0   0x0000e3d0   0x00000360   Code   RO         3663    i.__hardfp_asin     m_wm.l(asin.o)
    0x0000e730   0x0000e730   0x000002d8   Code   RO         4065    i.__hardfp_atan     m_wm.l(atan.o)
    0x0000ea08   0x0000ea08   0x000001f0   Code   RO         3677    i.__hardfp_atan2    m_wm.l(atan2.o)
    0x0000ebf8   0x0000ebf8   0x000000c8   Code   RO         3689    i.__hardfp_cos      m_wm.l(cos.o)
    0x0000ecc0   0x0000ecc0   0x000001e8   Code   RO         3701    i.__hardfp_expf     m_wm.l(expf.o)
    0x0000eea8   0x0000eea8   0x0000016c   Code   RO         3715    i.__hardfp_logf     m_wm.l(logf.o)
    0x0000f014   0x0000f014   0x00000664   Code   RO         3729    i.__hardfp_powf     m_wm.l(powf.o)
    0x0000f678   0x0000f678   0x000000c8   Code   RO         3743    i.__hardfp_sin      m_wm.l(sin.o)
    0x0000f740   0x0000f740   0x0000007a   Code   RO         3755    i.__hardfp_sqrt     m_wm.l(sqrt.o)
    0x0000f7ba   0x0000f7ba   0x00000006   PAD
    0x0000f7c0   0x0000f7c0   0x00000438   Code   RO         4123    i.__ieee754_rem_pio2  m_wm.l(rred.o)
    0x0000fbf8   0x0000fbf8   0x00000170   Code   RO         4079    i.__kernel_cos      m_wm.l(cos_i.o)
    0x0000fd68   0x0000fd68   0x000000f8   Code   RO         4120    i.__kernel_poly     m_wm.l(poly.o)
    0x0000fe60   0x0000fe60   0x00000130   Code   RO         4128    i.__kernel_sin      m_wm.l(sin_i.o)
    0x0000ff90   0x0000ff90   0x00000014   Code   RO         4083    i.__mathlib_dbl_infnan  m_wm.l(dunder.o)
    0x0000ffa4   0x0000ffa4   0x00000014   Code   RO         4084    i.__mathlib_dbl_infnan2  m_wm.l(dunder.o)
    0x0000ffb8   0x0000ffb8   0x00000020   Code   RO         4085    i.__mathlib_dbl_invalid  m_wm.l(dunder.o)
    0x0000ffd8   0x0000ffd8   0x00000020   Code   RO         4088    i.__mathlib_dbl_underflow  m_wm.l(dunder.o)
    0x0000fff8   0x0000fff8   0x00000014   Code   RO         4106    i.__mathlib_flt_divzero  m_wm.l(funder.o)
    0x0001000c   0x0001000c   0x00000006   Code   RO         4107    i.__mathlib_flt_infnan  m_wm.l(funder.o)
    0x00010012   0x00010012   0x00000006   Code   RO         4108    i.__mathlib_flt_infnan2  m_wm.l(funder.o)
    0x00010018   0x00010018   0x00000010   Code   RO         4109    i.__mathlib_flt_invalid  m_wm.l(funder.o)
    0x00010028   0x00010028   0x00000010   Code   RO         4110    i.__mathlib_flt_overflow  m_wm.l(funder.o)
    0x00010038   0x00010038   0x00000010   Code   RO         4112    i.__mathlib_flt_underflow  m_wm.l(funder.o)
    0x00010048   0x00010048   0x0000000e   Code   RO         4182    i.__scatterload_copy  mc_w.l(handlers.o)
    0x00010056   0x00010056   0x00000002   Code   RO         4183    i.__scatterload_null  mc_w.l(handlers.o)
    0x00010058   0x00010058   0x0000000e   Code   RO         4184    i.__scatterload_zeroinit  mc_w.l(handlers.o)
    0x00010066   0x00010066   0x00000002   PAD
    0x00010068   0x00010068   0x0000000c   Code   RO         4158    i.__set_errno       mc_w.l(errno.o)
    0x00010074   0x00010074   0x000002c0   Code   RO         3924    i._printf_core      mc_w.l(printf5.o)
    0x00010334   0x00010334   0x0000000a   Code   RO         3926    i._sputc            mc_w.l(printf5.o)
    0x0001033e   0x0001033e   0x00000010   Code   RO         4067    i.atan              m_wm.l(atan.o)
    0x0001034e   0x0001034e   0x00000018   Code   RO         4098    i.fabs              m_wm.l(fabs.o)
    0x00010366   0x00010366   0x00000002   PAD
    0x00010368   0x00010368   0x00000024   Code   RO         3770    i.puts              mc_w.l(puts.o)
    0x0001038c   0x0001038c   0x0000006e   Code   RO         3757    i.sqrt              m_wm.l(sqrt.o)
    0x000103fa   0x000103fa   0x00000002   PAD
    0x000103fc   0x000103fc   0x0000002c   Code   RO         3485    i.uDMAChannelAssign  driverlib.lib(udma.o)
    0x00010428   0x00010428   0x00000020   Code   RO         3498    i.uDMAChannelSizeGet  driverlib.lib(udma.o)
    0x00010448   0x00010448   0x0000001c   Data   RO          323    .constdata          uartstdio.o
    0x00010464   0x00010464   0x000000b4   Data   RO          553    .constdata          adrc.o
    0x00010518   0x00010518   0x00000228   Data   RO         1847    .constdata          driverlib.lib(gpio.o)
    0x00010740   0x00010740   0x0000010c   Data   RO         2122    .constdata          driverlib.lib(interrupt.o)
    0x0001084c   0x0001084c   0x00000254   Data   RO         2662    .constdata          driverlib.lib(sysctl.o)
    0x00010aa0   0x00010aa0   0x00000050   Data   RO         3666    .constdata          m_wm.l(asin.o)
    0x00010af0   0x00010af0   0x00000030   Data   RO         3704    .constdata          m_wm.l(expf.o)
    0x00010b20   0x00010b20   0x00000040   Data   RO         3718    .constdata          m_wm.l(logf.o)
    0x00010b60   0x00010b60   0x00000140   Data   RO         3732    .constdata          m_wm.l(powf.o)
    0x00010ca0   0x00010ca0   0x00000098   Data   RO         4068    .constdata          m_wm.l(atan.o)
    0x00010d38   0x00010d38   0x00000030   Data   RO         4080    .constdata          m_wm.l(cos_i.o)
    0x00010d68   0x00010d68   0x00000008   Data   RO         4122    .constdata          m_wm.l(qnan.o)
    0x00010d70   0x00010d70   0x000000c8   Data   RO         4125    .constdata          m_wm.l(rred.o)
    0x00010e38   0x00010e38   0x00000028   Data   RO         4129    .constdata          m_wm.l(sin_i.o)
    0x00010e60   0x00010e60   0x00000011   Data   RO          324    .conststring        uartstdio.o
    0x00010e71   0x00010e71   0x00000003   PAD
    0x00010e74   0x00010e74   0x00000020   Data   RO         4180    Region$$Table       anon$$obj.o


    Execution Region ER_RW (Exec base: 0x20000000, Load base: 0x00010e94, Size: 0x0000067c, Max: 0xffffffff, ABSOLUTE, COMPRESSED[0x0000011c])

    Exec Addr    Load Addr    Size         Type   Attr      Idx    E Section Name        Object

    0x20000000   COMPRESSED   0x0000000c   Data   RW            2    .data               main.o
    0x2000000c   COMPRESSED   0x00000008   Data   RW          257    .data               system_init.o
    0x20000014   COMPRESSED   0x00000004   Data   RW          283    .data               tm4c123_it.o
    0x20000018   COMPRESSED   0x00000005   Data   RW          325    .data               uartstdio.o
    0x2000001d   COMPRESSED   0x00000003   PAD
    0x20000020   COMPRESSED   0x00000090   Data   RW          387    .data               autoflytask.o
    0x200000b0   COMPRESSED   0x00000010   Data   RW          421    .data               debugertask.o
    0x200000c0   COMPRESSED   0x0000000c   Data   RW          461    .data               remotertask.o
    0x200000cc   COMPRESSED   0x00000014   Data   RW          481    .data               sensorstask.o
    0x200000e0   COMPRESSED   0x00000054   Data   RW          511    .data               stabilizertask.o
    0x20000134   COMPRESSED   0x0000001a   Data   RW          572    .data               openmv.o
    0x2000014e   COMPRESSED   0x00000005   Data   RW          609    .data               anov65.o
    0x20000153   COMPRESSED   0x00000001   PAD
    0x20000154   COMPRESSED   0x0000000c   Data   RW          660    .data               height.o
    0x20000160   COMPRESSED   0x00000068   Data   RW          679    .data               imu.o
    0x200001c8   COMPRESSED   0x0000001c   Data   RW          717    .data               mag.o
    0x200001e4   COMPRESSED   0x00000003   Data   RW          751    .data               optical.o
    0x200001e7   COMPRESSED   0x00000001   PAD
    0x200001e8   COMPRESSED   0x00000368   Data   RW          769    .data               pid.o
    0x20000550   COMPRESSED   0x0000002a   Data   RW          803    .data               sins.o
    0x2000057a   COMPRESSED   0x00000002   PAD
    0x2000057c   COMPRESSED   0x00000014   Data   RW          821    .data               tf_mini_plus.o
    0x20000590   COMPRESSED   0x00000014   Data   RW          908    .data               drv_eeprom.o
    0x200005a4   COMPRESSED   0x00000004   Data   RW          923    .data               ak8975.o
    0x200005a8   COMPRESSED   0x00000008   Data   RW         1009    .data               icm20602.o
    0x200005b0   COMPRESSED   0x00000030   Data   RW         1027    .data               spl06.o
    0x200005e0   COMPRESSED   0x00000001   Data   RW         1042    .data               uart1_dma.o
    0x200005e1   COMPRESSED   0x00000003   PAD
    0x200005e4   COMPRESSED   0x00000008   Data   RW         1061    .data               uart2_dma.o
    0x200005ec   COMPRESSED   0x0000000c   Data   RW         1098    .data               uart4_dma.o
    0x200005f8   COMPRESSED   0x00000001   Data   RW         1117    .data               uart5_dma.o
    0x200005f9   COMPRESSED   0x00000001   Data   RW         1136    .data               uart6_dma.o
    0x200005fa   COMPRESSED   0x00000002   PAD
    0x200005fc   COMPRESSED   0x00000008   Data   RW         1155    .data               uart7_dma.o
    0x20000604   COMPRESSED   0x00000008   Data   RW         1186    .data               drv_adc.o
    0x2000060c   COMPRESSED   0x00000038   Data   RW         1317    .data               tasks.o
    0x20000644   COMPRESSED   0x00000010   Data   RW         1345    .data               timers.o
    0x20000654   COMPRESSED   0x0000000c   Data   RW         1360    .data               port.o
    0x20000660   COMPRESSED   0x00000018   Data   RW         1378    .data               heap_2.o
    0x20000678   COMPRESSED   0x00000004   Data   RW         4159    .data               mc_w.l(errno.o)


    Execution Region ER_ZI (Exec base: 0x2000067c, Load base: 0x00010fb0, Size: 0x0000760c, Max: 0xffffffff, ABSOLUTE)

    Exec Addr    Load Addr    Size         Type   Attr      Idx    E Section Name        Object

    0x2000067c   0x00010fb0   0x00000184   PAD
    0x20000800        -       0x00000400   Zero   RW          256    .bss                system_init.o
    0x20000c00        -       0x00000640   Zero   RW          386    .bss                autoflytask.o
    0x20001240        -       0x00000054   Zero   RW          420    .bss                debugertask.o
    0x20001294        -       0x0000004c   Zero   RW          460    .bss                remotertask.o
    0x200012e0        -       0x0000000c   Zero   RW          480    .bss                sensorstask.o
    0x200012ec        -       0x000001fc   Zero   RW          510    .bss                stabilizertask.o
    0x200014e8        -       0x00000130   Zero   RW          552    .bss                adrc.o
    0x20001618        -       0x00000060   Zero   RW          571    .bss                openmv.o
    0x20001678        -       0x00000186   Zero   RW          608    .bss                anov65.o
    0x200017fe   0x00010fb0   0x00000002   PAD
    0x20001800        -       0x000000e0   Zero   RW          642    .bss                filter.o
    0x200018e0        -       0x00000034   Zero   RW          678    .bss                imu.o
    0x20001914        -       0x0000002c   Zero   RW          716    .bss                mag.o
    0x20001940        -       0x00000010   Zero   RW          732    .bss                motors.o
    0x20001950        -       0x00000434   Zero   RW          750    .bss                optical.o
    0x20001d84        -       0x00000020   Zero   RW          784    .bss                sbus.o
    0x20001da4        -       0x00000318   Zero   RW          802    .bss                sins.o
    0x200020bc        -       0x000000c8   Zero   RW         1041    .bss                uart1_dma.o
    0x20002184        -       0x000000a0   Zero   RW         1060    .bss                uart2_dma.o
    0x20002224        -       0x00000028   Zero   RW         1079    .bss                uart3_dma.o
    0x2000224c        -       0x000000a8   Zero   RW         1097    .bss                uart4_dma.o
    0x200022f4        -       0x0000004e   Zero   RW         1116    .bss                uart5_dma.o
    0x20002342        -       0x00000078   Zero   RW         1135    .bss                uart6_dma.o
    0x200023ba        -       0x0000015e   Zero   RW         1154    .bss                uart7_dma.o
    0x20002518        -       0x00000020   Zero   RW         1185    .bss                drv_adc.o
    0x20002538        -       0x00000040   Zero   RW         1298    .bss                queue.o
    0x20002578        -       0x000002e4   Zero   RW         1316    .bss                tasks.o
    0x2000285c        -       0x00000028   Zero   RW         1344    .bss                timers.o
    0x20002884        -       0x00005000   Zero   RW         1377    .bss                heap_2.o
    0x20007884   0x00010fb0   0x00000004   PAD
    0x20007888        -       0x00000400   Zero   RW         1222    STACK               startup_rvmdk.o


==============================================================================

Image component sizes


      Code (inc. data)   RO Data    RW Data    ZI Data      Debug   Object Name

      1868         46        180          0        304       5605   adrc.o
       448        106          0          4          0       2985   ak8975.o
      2864         72          0          5        390       8206   anov65.o
      6660        566          0        144       1600       7871   autoflytask.o
      1146        124          0         16         84       3733   debugertask.o
        34          0          0          0          0        796   delay.o
       308         40          0          8         32       1814   drv_adc.o
       120         24          0         20          0       1667   drv_eeprom.o
      1106         50          0          0          0      17548   event_groups.o
       464         54          0          0        224       2725   filter.o
       292         20          0         24      20480       3604   heap_2.o
       708         80          0         12          0       1209   height.o
      1776        172          0          8          0       5394   icm20602.o
      2532        152          0        104         52       4999   imu.o
       704         36          0          0          0       1623   led.o
       268         16          0          0          0       7343   ledtask.o
       148          0          0          0          0       2178   list.o
       404         32          0          0          0       1139   m0_pwm.o
       892         74          0         28         44       2264   mag.o
       524        128          0         12          0      24962   main.o
       300          8          0          0         16       1507   motors.o
       876         64          0         26         96       4462   openmv.o
       612         24          0          3       1076       3324   optical.o
      1784         28          0        872          0       2440   pid.o
       910         98          0         12          0       6131   port.o
      3256         52          0          0         64      15495   queue.o
      1428         98          0         12         76       3032   remotertask.o
       448          4          0          0         32       1529   sbus.o
       168         18          0         20         12       2509   sensorstask.o
      2194        102          0         42        792       5792   sins.o
       372         16          0          0          0       2556   spi1.o
      1780        366          0         48          0       4917   spl06.o
      2976        258          0         84        508       5824   stabilizertask.o
       648        622          0          0       1024        360   startup_rvmdk.o
       232         34          0          8       1024       3230   system_init.o
      6408        406          0         56        740      32536   tasks.o
       288         30          0         20          0       1681   tf_mini_plus.o
      1492        104          0         16         40       8146   timers.o
       112          8          0          4          0       1824   tm4c123_it.o
       352         42          0          1        200       1993   uart1_dma.o
       492         56          0          8        160       2368   uart2_dma.o
       544         54          0          0         40       2175   uart3_dma.o
       508         54          0         12        168       2485   uart4_dma.o
       280         42          0          1         78       2149   uart5_dma.o
       280         42          0          1        120       2153   uart6_dma.o
       504         52          0          8        350       2250   uart7_dma.o
       952         40         45          5          0       3969   uartstdio.o
        96          0          0          0          0       1091   x_gpio.o

    ----------------------------------------------------------------------
     53568       4514        260       1656      29832     235593   Object Totals
         0          0         32          0          0          0   (incl. Generated)
        10          0          3         12          6          0   (incl. Padding)

    ----------------------------------------------------------------------

      Code (inc. data)   RO Data    RW Data    ZI Data      Debug   Library Member Name

       358          0          0          0          0       8535   adc.o
        38          0          0          0          0        572   cpu.o
       476         34          0          0          0       3150   eeprom.o
       538          8        552          0          0       5675   gpio.o
       114          8        268          0          0       2042   interrupt.o
       114          0          0          0          0       2639   pwm.o
       102          0          0          0          0       3397   ssi.o
       798         72        596          0          0       5983   sysctl.o
         4          0          0          0          0        488   timer.o
        32          0          0          0          0       1515   uart.o
        76          8          0          0          0      16085   udma.o
       864         94         80          0          0        280   asin.o
       744        106        152          0          0        352   atan.o
       496         64          0          0          0        192   atan2.o
       200         20          0          0          0        164   cos.o
       368         46         48          0          0        200   cos_i.o
       104         16          0          0          0        496   dunder.o
       488         62         48          0          0        236   expf.o
        24          0          0          0          0        124   fabs.o
        48          0          0          0          0        124   fpclassify.o
        38          0          0          0          0        116   fpclassifyf.o
        80         24          0          0          0        696   funder.o
       364         44         64          0          0        140   logf.o
       248          0          0          0          0        152   poly.o
      1636        110        320          0          0        372   powf.o
         0          0          8          0          0          0   qnan.o
      1080        142        200          0          0        188   rred.o
       200         20          0          0          0        164   sin.o
       304         24         40          0          0        208   sin_i.o
       232          0          0          0          0        296   sqrt.o
        86          0          0          0          0          0   __dczerorl2.o
         0          0          0          0          0          0   entry.o
         0          0          0          0          0          0   entry10a.o
         0          0          0          0          0          0   entry11a.o
         8          4          0          0          0          0   entry2.o
         4          0          0          0          0          0   entry5.o
         0          0          0          0          0          0   entry7b.o
         0          0          0          0          0          0   entry8b.o
         8          4          0          0          0          0   entry9a.o
        12          6          0          4          0         68   errno.o
        30          0          0          0          0          0   handlers.o
        36          8          0          0          0         68   init.o
         0          0          0          0          0          0   iusefp.o
        30          0          0          0          0         68   llshl.o
        36          0          0          0          0         68   llsshr.o
        32          0          0          0          0         68   llushr.o
        36          0          0          0          0         68   memcpya.o
        36          0          0          0          0        108   memseta.o
       786         62          0          0          0        336   printf5.o
        36          6          0          0          0         80   puts.o
        18          0          0          0          0         68   strcpy.o
        14          0          0          0          0         68   strlen.o
        98          0          0          0          0         92   uldiv.o
        48          0          0          0          0         68   cdcmple.o
        48          0          0          0          0         68   cdrcmple.o
        56          0          0          0          0         88   d2f.o
       334          0          0          0          0        148   dadd.o
       222          0          0          0          0        100   ddiv.o
       186          0          0          0          0        176   depilogue.o
        62          0          0          0          0         80   dfixi.o
        34          0          0          0          0         76   dflti.o
        26          0          0          0          0         76   dfltui.o
       228          0          0          0          0         96   dmul.o
       162          0          0          0          0        100   dsqrt.o
        38          0          0          0          0         68   f2d.o
       110          0          0          0          0        168   fepilogue.o
         4          0          0          0          0         68   fpstat.o

    ----------------------------------------------------------------------
     13064        992       2376          4        388      57121   Library Totals
        32          0          0          0        388          0   (incl. Padding)

    ----------------------------------------------------------------------

      Code (inc. data)   RO Data    RW Data    ZI Data      Debug   Library Name

      2650        130       1416          0          0      50081   driverlib.lib
      7518        772        960          0          0       4500   m_wm.l
      1306         90          0          4          0       1160   mc_w.l
      1558          0          0          0          0       1380   mf_w.l

    ----------------------------------------------------------------------
     13064        992       2376          4        388      57121   Library Totals

    ----------------------------------------------------------------------

==============================================================================


      Code (inc. data)   RO Data    RW Data    ZI Data      Debug   

     66632       5506       2636       1660      30220     277246   Grand Totals
     66632       5506       2636        284      30220     277246   ELF Image Totals (compressed)
     66632       5506       2636        284          0          0   ROM Totals

==============================================================================

    Total RO  Size (Code + RO Data)                69268 (  67.64kB)
    Total RW  Size (RW Data + ZI Data)             31880 (  31.13kB)
    Total ROM Size (Code + RO Data + RW Data)      69552 (  67.92kB)

==============================================================================

