<!doctype html public "-//w3c//dtd html 4.0 transitional//en">
<html><head>
<title>Static Call Graph - [.\Output\TiPilot.axf]</title></head>
<body><HR>
<H1>Static Call Graph for image .\Output\TiPilot.axf</H1><HR>
<BR><P>#&#060CALLGRAPH&#062# ARM Linker, 5060750: Last Updated: Wed Dec 28 19:12:11 2022
<BR><P>
<H3>Maximum Stack Usage =        368 bytes + Unknown(Functions without stacksize, Cycles, Untraceable Function Pointers)</H3><H3>
Call chain for Maximum Stack Depth:</H3>
stabilizerTask &rArr; Height_Update &rArr; Strapdown_INS_High &rArr; SINS_Prepare &rArr; imuComputeRotationMatrix &rArr; __hardfp_sin &rArr; __ieee754_rem_pio2 &rArr; __aeabi_dadd &rArr; _double_epilogue &rArr; _double_round
<P>
<H3>
Functions with no stack information
</H3><UL>
 <LI><a href="#[1e]">Reset_Handler</a>
 <LI><a href="#[2]">NmiSR</a>
 <LI><a href="#[3]">FaultISR</a>
 <LI><a href="#[4]">IntDefaultHandler</a>
</UL>
</UL>
<P>
<H3>
Mutually Recursive functions
</H3> <LI><a href="#[23]">SysCtlDelay</a>&nbsp;&nbsp;&nbsp;&rArr;&nbsp;&nbsp;&nbsp;<a href="#[23]">SysCtlDelay</a><BR>
 <LI><a href="#[d6]">SSIDataGet</a>&nbsp;&nbsp;&nbsp;&rArr;&nbsp;&nbsp;&nbsp;<a href="#[d6]">SSIDataGet</a><BR>
 <LI><a href="#[d5]">SSIDataPut</a>&nbsp;&nbsp;&nbsp;&rArr;&nbsp;&nbsp;&nbsp;<a href="#[d5]">SSIDataPut</a><BR>
 <LI><a href="#[2]">NmiSR</a>&nbsp;&nbsp;&nbsp;&rArr;&nbsp;&nbsp;&nbsp;<a href="#[2]">NmiSR</a><BR>
 <LI><a href="#[3]">FaultISR</a>&nbsp;&nbsp;&nbsp;&rArr;&nbsp;&nbsp;&nbsp;<a href="#[3]">FaultISR</a><BR>
 <LI><a href="#[4]">IntDefaultHandler</a>&nbsp;&nbsp;&nbsp;&rArr;&nbsp;&nbsp;&nbsp;<a href="#[4]">IntDefaultHandler</a><BR>
</UL>
<P>
<H3>
Function Pointers
</H3><UL>
 <LI><a href="#[a]">ADC0Sequence0Handler</a> from drv_adc.o(.text) referenced from startup_rvmdk.o(RESET)
 <LI><a href="#[18]">AutoflyTask</a> from autoflytask.o(.text) referenced from main.o(.text)
 <LI><a href="#[15]">DebugerTask</a> from debugertask.o(.text) referenced from main.o(.text)
 <LI><a href="#[3]">FaultISR</a> from startup_rvmdk.o(RESET) referenced from startup_rvmdk.o(RESET)
 <LI><a href="#[4]">IntDefaultHandler</a> from startup_rvmdk.o(RESET) referenced 102 times from startup_rvmdk.o(RESET)
 <LI><a href="#[12]">LED_task</a> from ledtask.o(.text) referenced from main.o(.text)
 <LI><a href="#[2]">NmiSR</a> from startup_rvmdk.o(RESET) referenced from startup_rvmdk.o(RESET)
 <LI><a href="#[1e]">Reset_Handler</a> from startup_rvmdk.o(RESET) referenced from startup_rvmdk.o(RESET)
 <LI><a href="#[7]">SysTickHandler</a> from tm4c123_it.o(.text) referenced from startup_rvmdk.o(RESET)
 <LI><a href="#[8]">UART0IntHandler</a> from tm4c123_it.o(.text) referenced from startup_rvmdk.o(RESET)
 <LI><a href="#[9]">UART1IntHandler</a> from uart1_dma.o(.text) referenced from startup_rvmdk.o(RESET)
 <LI><a href="#[b]">UART2IntHandler</a> from uart2_dma.o(.text) referenced from startup_rvmdk.o(RESET)
 <LI><a href="#[c]">UART3IntHandler</a> from uart3_dma.o(.text) referenced from startup_rvmdk.o(RESET)
 <LI><a href="#[d]">UART4IntHandler</a> from uart4_dma.o(.text) referenced from startup_rvmdk.o(RESET)
 <LI><a href="#[e]">UART5IntHandler</a> from uart5_dma.o(.text) referenced from startup_rvmdk.o(RESET)
 <LI><a href="#[f]">UART6IntHandler</a> from uart6_dma.o(.text) referenced from startup_rvmdk.o(RESET)
 <LI><a href="#[10]">UART7IntHandler</a> from uart7_dma.o(.text) referenced from startup_rvmdk.o(RESET)
 <LI><a href="#[17]">UartRxDecodeTask</a> from debugertask.o(.text) referenced from main.o(.text)
 <LI><a href="#[1d]">_sputc</a> from printf5.o(i._sputc) referenced from printf5.o(i.__0sprintf$5)
 <LI><a href="#[1c]">fputc</a> from system_init.o(.text) referenced from printf5.o(i.__0printf$5)
 <LI><a href="#[11]">main</a> from main.o(.text) referenced from entry9a.o(.ARM.Collect$$$$0000000B)
 <LI><a href="#[19]">prvIdleTask</a> from tasks.o(.text) referenced from tasks.o(.text)
 <LI><a href="#[1b]">prvTaskExitError</a> from port.o(.text) referenced from port.o(.text)
 <LI><a href="#[1a]">prvTimerTask</a> from timers.o(.text) referenced from timers.o(.text)
 <LI><a href="#[16]">remoter_task</a> from remotertask.o(.text) referenced from main.o(.text)
 <LI><a href="#[13]">sensorsTask</a> from sensorstask.o(.text) referenced from main.o(.text)
 <LI><a href="#[14]">stabilizerTask</a> from stabilizertask.o(.text) referenced from main.o(.text)
 <LI><a href="#[24]">start_task</a> from main.o(.text) referenced from main.o(.text)
 <LI><a href="#[117]">vEventGroupClearBitsCallback</a> from event_groups.o(.text) referenced from event_groups.o(.text)
 <LI><a href="#[11c]">vEventGroupSetBitsCallback</a> from event_groups.o(.text) referenced from event_groups.o(.text)
 <LI><a href="#[5]">vPortSVCHandler</a> from port.o(.emb_text) referenced from startup_rvmdk.o(RESET)
 <LI><a href="#[6]">xPortPendSVHandler</a> from port.o(.emb_text) referenced from startup_rvmdk.o(RESET)
</UL>
<P>
<H3>
Global Symbols
</H3>
<P><STRONG><a name="[1e]"></a>Reset_Handler</STRONG> (Thumb, 0 bytes, Stack size unknown bytes, startup_rvmdk.o(RESET))
<BR><BR>[Calls]<UL><LI><a href="#[1f]">&gt;&gt;</a>&nbsp;&nbsp;&nbsp;__main
</UL>

<P><STRONG><a name="[1f]"></a>__main</STRONG> (Thumb, 0 bytes, Stack size unknown bytes, entry.o(.ARM.Collect$$$$00000000))
<BR><BR>[Called By]<UL><LI><a href="#[1e]">&gt;&gt;</a>&nbsp;&nbsp;&nbsp;Reset_Handler
</UL>

<P><STRONG><a name="[1af]"></a>_main_stk</STRONG> (Thumb, 0 bytes, Stack size unknown bytes, entry2.o(.ARM.Collect$$$$00000001))

<P><STRONG><a name="[20]"></a>_main_scatterload</STRONG> (Thumb, 0 bytes, Stack size unknown bytes, entry5.o(.ARM.Collect$$$$00000004))
<BR><BR>[Calls]<UL><LI><a href="#[21]">&gt;&gt;</a>&nbsp;&nbsp;&nbsp;__scatterload
</UL>

<P><STRONG><a name="[192]"></a>__main_after_scatterload</STRONG> (Thumb, 0 bytes, Stack size unknown bytes, entry5.o(.ARM.Collect$$$$00000004))
<BR><BR>[Called By]<UL><LI><a href="#[21]">&gt;&gt;</a>&nbsp;&nbsp;&nbsp;__scatterload
</UL>

<P><STRONG><a name="[1b0]"></a>_main_clock</STRONG> (Thumb, 0 bytes, Stack size unknown bytes, entry7b.o(.ARM.Collect$$$$00000008))

<P><STRONG><a name="[1b1]"></a>_main_cpp_init</STRONG> (Thumb, 0 bytes, Stack size unknown bytes, entry8b.o(.ARM.Collect$$$$0000000A))

<P><STRONG><a name="[1b2]"></a>_main_init</STRONG> (Thumb, 0 bytes, Stack size unknown bytes, entry9a.o(.ARM.Collect$$$$0000000B))

<P><STRONG><a name="[1b3]"></a>__rt_final_cpp</STRONG> (Thumb, 0 bytes, Stack size unknown bytes, entry10a.o(.ARM.Collect$$$$0000000D))

<P><STRONG><a name="[1b4]"></a>__rt_final_exit</STRONG> (Thumb, 0 bytes, Stack size unknown bytes, entry11a.o(.ARM.Collect$$$$0000000F))

<P><STRONG><a name="[5]"></a>vPortSVCHandler</STRONG> (Thumb, 28 bytes, Stack size 0 bytes, port.o(.emb_text))
<BR>[Address Reference Count : 1]<UL><LI> startup_rvmdk.o(RESET)
</UL>
<P><STRONG><a name="[183]"></a>__asm___6_port_c_39a90d8d__prvStartFirstTask</STRONG> (Thumb, 28 bytes, Stack size 0 bytes, port.o(.emb_text))
<BR><BR>[Called By]<UL><LI><a href="#[15f]">&gt;&gt;</a>&nbsp;&nbsp;&nbsp;xPortStartScheduler
</UL>

<P><STRONG><a name="[182]"></a>__asm___6_port_c_39a90d8d__prvEnableVFP</STRONG> (Thumb, 16 bytes, Stack size 0 bytes, port.o(.emb_text))
<BR><BR>[Called By]<UL><LI><a href="#[15f]">&gt;&gt;</a>&nbsp;&nbsp;&nbsp;xPortStartScheduler
</UL>

<P><STRONG><a name="[6]"></a>xPortPendSVHandler</STRONG> (Thumb, 88 bytes, Stack size 0 bytes, port.o(.emb_text))
<BR><BR>[Stack]<UL><LI>Max Depth = 32<LI>Call Chain = xPortPendSVHandler &rArr; vTaskSwitchContext &rArr; __2printf
</UL>
<BR>[Calls]<UL><LI><a href="#[22]">&gt;&gt;</a>&nbsp;&nbsp;&nbsp;vTaskSwitchContext
</UL>
<BR>[Address Reference Count : 1]<UL><LI> startup_rvmdk.o(RESET)
</UL>
<P><STRONG><a name="[184]"></a>vPortGetIPSR</STRONG> (Thumb, 6 bytes, Stack size 0 bytes, port.o(.emb_text))
<BR><BR>[Called By]<UL><LI><a href="#[136]">&gt;&gt;</a>&nbsp;&nbsp;&nbsp;vPortValidateInterruptPriority
</UL>

<P><STRONG><a name="[23]"></a>SysCtlDelay</STRONG> (Thumb, 6 bytes, Stack size 0 bytes, sysctl.o(.emb_text))
<BR><BR>[Calls]<UL><LI><a href="#[23]">&gt;&gt;</a>&nbsp;&nbsp;&nbsp;SysCtlDelay
</UL>
<BR>[Called By]<UL><LI><a href="#[40]">&gt;&gt;</a>&nbsp;&nbsp;&nbsp;SysCtlClockSet
<LI><a href="#[c4]">&gt;&gt;</a>&nbsp;&nbsp;&nbsp;EEPROMInit
<LI><a href="#[c2]">&gt;&gt;</a>&nbsp;&nbsp;&nbsp;Led_Test
<LI><a href="#[23]">&gt;&gt;</a>&nbsp;&nbsp;&nbsp;SysCtlDelay
<LI><a href="#[bb]">&gt;&gt;</a>&nbsp;&nbsp;&nbsp;PWM_Output_Init
<LI><a href="#[92]">&gt;&gt;</a>&nbsp;&nbsp;&nbsp;EEPROMProgram
</UL>

<P><STRONG><a name="[1b5]"></a>CPUcpsid</STRONG> (Thumb, 8 bytes, Stack size 0 bytes, cpu.o(.emb_text), UNUSED)

<P><STRONG><a name="[1b6]"></a>CPUprimask</STRONG> (Thumb, 6 bytes, Stack size 0 bytes, cpu.o(.emb_text), UNUSED)

<P><STRONG><a name="[195]"></a>CPUcpsie</STRONG> (Thumb, 8 bytes, Stack size 0 bytes, cpu.o(.emb_text), UNUSED)
<BR><BR>[Called By]<UL><LI><a href="#[103]">&gt;&gt;</a>&nbsp;&nbsp;&nbsp;IntMasterEnable
</UL>

<P><STRONG><a name="[1b7]"></a>CPUwfi</STRONG> (Thumb, 4 bytes, Stack size 0 bytes, cpu.o(.emb_text), UNUSED)

<P><STRONG><a name="[1b8]"></a>CPUbasepriSet</STRONG> (Thumb, 6 bytes, Stack size 0 bytes, cpu.o(.emb_text), UNUSED)

<P><STRONG><a name="[1b9]"></a>CPUbasepriGet</STRONG> (Thumb, 6 bytes, Stack size 0 bytes, cpu.o(.emb_text), UNUSED)

<P><STRONG><a name="[24]"></a>start_task</STRONG> (Thumb, 294 bytes, Stack size 24 bytes, main.o(.text))
<BR><BR>[Stack]<UL><LI>Max Depth = 192<LI>Call Chain = start_task &rArr; xTaskGenericCreate &rArr; prvAllocateTCBAndStack &rArr; pvPortMalloc &rArr; xTaskResumeAll &rArr; xTaskIncrementTick &rArr; __2printf
</UL>
<BR>[Calls]<UL><LI><a href="#[27]">&gt;&gt;</a>&nbsp;&nbsp;&nbsp;xTaskGenericCreate
<LI><a href="#[26]">&gt;&gt;</a>&nbsp;&nbsp;&nbsp;xEventGroupCreate
<LI><a href="#[29]">&gt;&gt;</a>&nbsp;&nbsp;&nbsp;vTaskDelete
<LI><a href="#[2a]">&gt;&gt;</a>&nbsp;&nbsp;&nbsp;vPortExitCritical
<LI><a href="#[25]">&gt;&gt;</a>&nbsp;&nbsp;&nbsp;vPortEnterCritical
<LI><a href="#[28]">&gt;&gt;</a>&nbsp;&nbsp;&nbsp;__2printf
</UL>
<BR>[Address Reference Count : 1]<UL><LI> main.o(.text)
</UL>
<P><STRONG><a name="[11]"></a>main</STRONG> (Thumb, 98 bytes, Stack size 24 bytes, main.o(.text))
<BR><BR>[Stack]<UL><LI>Max Depth = 352<LI>Call Chain = main &rArr; StructureInit &rArr; PID_Init &rArr; Save_Using_PID_to_EEPROM &rArr; ANO_Save_All_PID_Table_To_EEPROM &rArr; ANO_EEPROM_Write &rArr; EEPROMProgram
</UL>
<BR>[Calls]<UL><LI><a href="#[27]">&gt;&gt;</a>&nbsp;&nbsp;&nbsp;xTaskGenericCreate
<LI><a href="#[39]">&gt;&gt;</a>&nbsp;&nbsp;&nbsp;vTaskStartScheduler
<LI><a href="#[37]">&gt;&gt;</a>&nbsp;&nbsp;&nbsp;UART7_DMA_Init
<LI><a href="#[36]">&gt;&gt;</a>&nbsp;&nbsp;&nbsp;UART6_DMA_Init
<LI><a href="#[35]">&gt;&gt;</a>&nbsp;&nbsp;&nbsp;UART5_DMA_Init
<LI><a href="#[34]">&gt;&gt;</a>&nbsp;&nbsp;&nbsp;UART4_DMA_Init
<LI><a href="#[33]">&gt;&gt;</a>&nbsp;&nbsp;&nbsp;UART3_DMA_Init
<LI><a href="#[32]">&gt;&gt;</a>&nbsp;&nbsp;&nbsp;UART2_DMA_Init
<LI><a href="#[31]">&gt;&gt;</a>&nbsp;&nbsp;&nbsp;UART1_DMA_Init
<LI><a href="#[2b]">&gt;&gt;</a>&nbsp;&nbsp;&nbsp;System_Init
<LI><a href="#[30]">&gt;&gt;</a>&nbsp;&nbsp;&nbsp;StructureInit
<LI><a href="#[2f]">&gt;&gt;</a>&nbsp;&nbsp;&nbsp;SPI1_Init
<LI><a href="#[2d]">&gt;&gt;</a>&nbsp;&nbsp;&nbsp;Motors_Init
<LI><a href="#[2c]">&gt;&gt;</a>&nbsp;&nbsp;&nbsp;Led_Init
<LI><a href="#[2e]">&gt;&gt;</a>&nbsp;&nbsp;&nbsp;EEPROM_Init
<LI><a href="#[38]">&gt;&gt;</a>&nbsp;&nbsp;&nbsp;ADRC_Init
</UL>
<BR>[Address Reference Count : 1]<UL><LI> entry9a.o(.ARM.Collect$$$$0000000B)
</UL>
<P><STRONG><a name="[1ba]"></a>vApplicationStackOverflowHook</STRONG> (Thumb, 4 bytes, Stack size 0 bytes, main.o(.text), UNUSED)

<P><STRONG><a name="[3a]"></a>InitConsole</STRONG> (Thumb, 60 bytes, Stack size 8 bytes, system_init.o(.text))
<BR><BR>[Stack]<UL><LI>Max Depth = 44<LI>Call Chain = InitConsole &rArr; GPIOPinTypeUART &rArr; GPIOPadConfigSet
</UL>
<BR>[Calls]<UL><LI><a href="#[3f]">&gt;&gt;</a>&nbsp;&nbsp;&nbsp;UARTStdioConfig
<LI><a href="#[3d]">&gt;&gt;</a>&nbsp;&nbsp;&nbsp;UARTClockSourceSet
<LI><a href="#[3b]">&gt;&gt;</a>&nbsp;&nbsp;&nbsp;SysCtlPeripheralEnable
<LI><a href="#[3e]">&gt;&gt;</a>&nbsp;&nbsp;&nbsp;GPIOPinTypeUART
<LI><a href="#[3c]">&gt;&gt;</a>&nbsp;&nbsp;&nbsp;GPIOPinConfigure
</UL>
<BR>[Called By]<UL><LI><a href="#[2b]">&gt;&gt;</a>&nbsp;&nbsp;&nbsp;System_Init
</UL>

<P><STRONG><a name="[2b]"></a>System_Init</STRONG> (Thumb, 128 bytes, Stack size 8 bytes, system_init.o(.text))
<BR><BR>[Stack]<UL><LI>Max Depth = 52<LI>Call Chain = System_Init &rArr; InitConsole &rArr; GPIOPinTypeUART &rArr; GPIOPadConfigSet
</UL>
<BR>[Calls]<UL><LI><a href="#[40]">&gt;&gt;</a>&nbsp;&nbsp;&nbsp;SysCtlClockSet
<LI><a href="#[3a]">&gt;&gt;</a>&nbsp;&nbsp;&nbsp;InitConsole
</UL>
<BR>[Called By]<UL><LI><a href="#[11]">&gt;&gt;</a>&nbsp;&nbsp;&nbsp;main
</UL>

<P><STRONG><a name="[1bb]"></a>_sys_exit</STRONG> (Thumb, 8 bytes, Stack size 0 bytes, system_init.o(.text), UNUSED)

<P><STRONG><a name="[1c]"></a>fputc</STRONG> (Thumb, 2 bytes, Stack size 0 bytes, system_init.o(.text))
<BR><BR>[Called By]<UL><LI><a href="#[f5]">&gt;&gt;</a>&nbsp;&nbsp;&nbsp;puts
</UL>
<BR>[Address Reference Count : 1]<UL><LI> printf5.o(i.__0printf$5)
</UL>
<P><STRONG><a name="[41]"></a>Timer0BIntHandler</STRONG> (Thumb, 12 bytes, Stack size 8 bytes, tm4c123_it.o(.text), UNUSED)
<BR><BR>[Calls]<UL><LI><a href="#[42]">&gt;&gt;</a>&nbsp;&nbsp;&nbsp;TimerIntClear
</UL>

<P><STRONG><a name="[43]"></a>Timer0AIntHandler</STRONG> (Thumb, 12 bytes, Stack size 8 bytes, tm4c123_it.o(.text), UNUSED)
<BR><BR>[Calls]<UL><LI><a href="#[42]">&gt;&gt;</a>&nbsp;&nbsp;&nbsp;TimerIntClear
</UL>

<P><STRONG><a name="[7]"></a>SysTickHandler</STRONG> (Thumb, 26 bytes, Stack size 8 bytes, tm4c123_it.o(.text))
<BR><BR>[Stack]<UL><LI>Max Depth = 64<LI>Call Chain = SysTickHandler &rArr; xPortSysTickHandler &rArr; xTaskIncrementTick &rArr; __2printf
</UL>
<BR>[Calls]<UL><LI><a href="#[44]">&gt;&gt;</a>&nbsp;&nbsp;&nbsp;xTaskGetSchedulerState
<LI><a href="#[45]">&gt;&gt;</a>&nbsp;&nbsp;&nbsp;xPortSysTickHandler
</UL>
<BR>[Address Reference Count : 1]<UL><LI> startup_rvmdk.o(RESET)
</UL>
<P><STRONG><a name="[46]"></a>getSysTickCnt</STRONG> (Thumb, 22 bytes, Stack size 8 bytes, tm4c123_it.o(.text))
<BR><BR>[Stack]<UL><LI>Max Depth = 8<LI>Call Chain = getSysTickCnt
</UL>
<BR>[Calls]<UL><LI><a href="#[47]">&gt;&gt;</a>&nbsp;&nbsp;&nbsp;xTaskGetTickCount
<LI><a href="#[44]">&gt;&gt;</a>&nbsp;&nbsp;&nbsp;xTaskGetSchedulerState
</UL>
<BR>[Called By]<UL><LI><a href="#[14]">&gt;&gt;</a>&nbsp;&nbsp;&nbsp;stabilizerTask
<LI><a href="#[17]">&gt;&gt;</a>&nbsp;&nbsp;&nbsp;UartRxDecodeTask
<LI><a href="#[15]">&gt;&gt;</a>&nbsp;&nbsp;&nbsp;DebugerTask
<LI><a href="#[18]">&gt;&gt;</a>&nbsp;&nbsp;&nbsp;AutoflyTask
</UL>

<P><STRONG><a name="[1bc]"></a>uDMAErrorHandler</STRONG> (Thumb, 28 bytes, Stack size 8 bytes, tm4c123_it.o(.text), UNUSED)

<P><STRONG><a name="[1bd]"></a>uDMAIntHandler</STRONG> (Thumb, 2 bytes, Stack size 0 bytes, tm4c123_it.o(.text), UNUSED)

<P><STRONG><a name="[8]"></a>UART0IntHandler</STRONG> (Thumb, 2 bytes, Stack size 0 bytes, tm4c123_it.o(.text))
<BR>[Address Reference Count : 1]<UL><LI> startup_rvmdk.o(RESET)
</UL>
<P><STRONG><a name="[3f]"></a>UARTStdioConfig</STRONG> (Thumb, 96 bytes, Stack size 24 bytes, uartstdio.o(.text))
<BR><BR>[Stack]<UL><LI>Max Depth = 24<LI>Call Chain = UARTStdioConfig
</UL>
<BR>[Called By]<UL><LI><a href="#[3a]">&gt;&gt;</a>&nbsp;&nbsp;&nbsp;InitConsole
</UL>

<P><STRONG><a name="[49]"></a>UARTwrite</STRONG> (Thumb, 58 bytes, Stack size 16 bytes, uartstdio.o(.text))
<BR><BR>[Stack]<UL><LI>Max Depth = 16<LI>Call Chain = UARTwrite
</UL>
<BR>[Called By]<UL><LI><a href="#[4a]">&gt;&gt;</a>&nbsp;&nbsp;&nbsp;UARTvprintf
<LI><a href="#[48]">&gt;&gt;</a>&nbsp;&nbsp;&nbsp;UARTgets
</UL>

<P><STRONG><a name="[48]"></a>UARTgets</STRONG> (Thumb, 138 bytes, Stack size 24 bytes, uartstdio.o(.text), UNUSED)
<BR><BR>[Calls]<UL><LI><a href="#[49]">&gt;&gt;</a>&nbsp;&nbsp;&nbsp;UARTwrite
</UL>

<P><STRONG><a name="[1be]"></a>UARTgetc</STRONG> (Thumb, 20 bytes, Stack size 8 bytes, uartstdio.o(.text), UNUSED)

<P><STRONG><a name="[4a]"></a>UARTvprintf</STRONG> (Thumb, 574 bytes, Stack size 64 bytes, uartstdio.o(.text))
<BR><BR>[Stack]<UL><LI>Max Depth = 80<LI>Call Chain = UARTvprintf &rArr; UARTwrite
</UL>
<BR>[Calls]<UL><LI><a href="#[49]">&gt;&gt;</a>&nbsp;&nbsp;&nbsp;UARTwrite
</UL>
<BR>[Called By]<UL><LI><a href="#[4b]">&gt;&gt;</a>&nbsp;&nbsp;&nbsp;UARTprintf
</UL>

<P><STRONG><a name="[4b]"></a>UARTprintf</STRONG> (Thumb, 26 bytes, Stack size 24 bytes, uartstdio.o(.text))
<BR><BR>[Stack]<UL><LI>Max Depth = 104<LI>Call Chain = UARTprintf &rArr; UARTvprintf &rArr; UARTwrite
</UL>
<BR>[Calls]<UL><LI><a href="#[4a]">&gt;&gt;</a>&nbsp;&nbsp;&nbsp;UARTvprintf
</UL>
<BR>[Called By]<UL><LI><a href="#[6c]">&gt;&gt;</a>&nbsp;&nbsp;&nbsp;ak8975_init
</UL>

<P><STRONG><a name="[12]"></a>LED_task</STRONG> (Thumb, 252 bytes, Stack size 0 bytes, ledtask.o(.text))
<BR><BR>[Stack]<UL><LI>Max Depth = 80<LI>Call Chain = LED_task &rArr; vTaskDelay &rArr; xTaskResumeAll &rArr; xTaskIncrementTick &rArr; __2printf
</UL>
<BR>[Calls]<UL><LI><a href="#[4d]">&gt;&gt;</a>&nbsp;&nbsp;&nbsp;vTaskDelay
<LI><a href="#[4c]">&gt;&gt;</a>&nbsp;&nbsp;&nbsp;GPIOPinWrite
</UL>
<BR>[Address Reference Count : 1]<UL><LI> main.o(.text)
</UL>
<P><STRONG><a name="[4f]"></a>SDK_StateMachine_Init</STRONG> (Thumb, 702 bytes, Stack size 0 bytes, autoflytask.o(.text))
<BR><BR>[Called By]<UL><LI><a href="#[4e]">&gt;&gt;</a>&nbsp;&nbsp;&nbsp;SDK_StateMachine_Reset
<LI><a href="#[18]">&gt;&gt;</a>&nbsp;&nbsp;&nbsp;AutoflyTask
</UL>

<P><STRONG><a name="[4e]"></a>SDK_StateMachine_Reset</STRONG> (Thumb, 20 bytes, Stack size 4 bytes, autoflytask.o(.text))
<BR><BR>[Stack]<UL><LI>Max Depth = 4<LI>Call Chain = SDK_StateMachine_Reset
</UL>
<BR>[Calls]<UL><LI><a href="#[4f]">&gt;&gt;</a>&nbsp;&nbsp;&nbsp;SDK_StateMachine_Init
</UL>
<BR>[Called By]<UL><LI><a href="#[18]">&gt;&gt;</a>&nbsp;&nbsp;&nbsp;AutoflyTask
</UL>

<P><STRONG><a name="[51]"></a>SDK_yaw_gan_cnt</STRONG> (Thumb, 132 bytes, Stack size 0 bytes, autoflytask.o(.text))
<BR><BR>[Called By]<UL><LI><a href="#[50]">&gt;&gt;</a>&nbsp;&nbsp;&nbsp;SDK_StateMachine_Loop
</UL>

<P><STRONG><a name="[50]"></a>SDK_StateMachine_Loop</STRONG> (Thumb, 4246 bytes, Stack size 24 bytes, autoflytask.o(.text))
<BR><BR>[Stack]<UL><LI>Max Depth = 112<LI>Call Chain = SDK_StateMachine_Loop &rArr; __aeabi_dmul &rArr; _double_epilogue &rArr; _double_round
</UL>
<BR>[Calls]<UL><LI><a href="#[55]">&gt;&gt;</a>&nbsp;&nbsp;&nbsp;__aeabi_i2d
<LI><a href="#[52]">&gt;&gt;</a>&nbsp;&nbsp;&nbsp;__aeabi_f2d
<LI><a href="#[53]">&gt;&gt;</a>&nbsp;&nbsp;&nbsp;__aeabi_dmul
<LI><a href="#[54]">&gt;&gt;</a>&nbsp;&nbsp;&nbsp;__aeabi_d2f
<LI><a href="#[51]">&gt;&gt;</a>&nbsp;&nbsp;&nbsp;SDK_yaw_gan_cnt
</UL>
<BR>[Called By]<UL><LI><a href="#[18]">&gt;&gt;</a>&nbsp;&nbsp;&nbsp;AutoflyTask
</UL>

<P><STRONG><a name="[18]"></a>AutoflyTask</STRONG> (Thumb, 146 bytes, Stack size 8 bytes, autoflytask.o(.text))
<BR><BR>[Stack]<UL><LI>Max Depth = 120<LI>Call Chain = AutoflyTask &rArr; SDK_StateMachine_Loop &rArr; __aeabi_dmul &rArr; _double_epilogue &rArr; _double_round
</UL>
<BR>[Calls]<UL><LI><a href="#[56]">&gt;&gt;</a>&nbsp;&nbsp;&nbsp;vTaskDelayUntil
<LI><a href="#[50]">&gt;&gt;</a>&nbsp;&nbsp;&nbsp;SDK_StateMachine_Loop
<LI><a href="#[4e]">&gt;&gt;</a>&nbsp;&nbsp;&nbsp;SDK_StateMachine_Reset
<LI><a href="#[4f]">&gt;&gt;</a>&nbsp;&nbsp;&nbsp;SDK_StateMachine_Init
<LI><a href="#[46]">&gt;&gt;</a>&nbsp;&nbsp;&nbsp;getSysTickCnt
</UL>
<BR>[Address Reference Count : 1]<UL><LI> main.o(.text)
</UL>
<P><STRONG><a name="[57]"></a>SDK_Set_V_Loc</STRONG> (Thumb, 724 bytes, Stack size 40 bytes, autoflytask.o(.text))
<BR><BR>[Stack]<UL><LI>Max Depth = 128<LI>Call Chain = SDK_Set_V_Loc &rArr; __aeabi_dmul &rArr; _double_epilogue &rArr; _double_round
</UL>
<BR>[Calls]<UL><LI><a href="#[55]">&gt;&gt;</a>&nbsp;&nbsp;&nbsp;__aeabi_i2d
<LI><a href="#[53]">&gt;&gt;</a>&nbsp;&nbsp;&nbsp;__aeabi_dmul
<LI><a href="#[58]">&gt;&gt;</a>&nbsp;&nbsp;&nbsp;__aeabi_ddiv
<LI><a href="#[54]">&gt;&gt;</a>&nbsp;&nbsp;&nbsp;__aeabi_d2f
</UL>
<BR>[Called By]<UL><LI><a href="#[7d]">&gt;&gt;</a>&nbsp;&nbsp;&nbsp;Compute_Motor
</UL>

<P><STRONG><a name="[59]"></a>SDK_Set_Gyroz</STRONG> (Thumb, 456 bytes, Stack size 32 bytes, autoflytask.o(.text))
<BR><BR>[Stack]<UL><LI>Max Depth = 120<LI>Call Chain = SDK_Set_Gyroz &rArr; __aeabi_dmul &rArr; _double_epilogue &rArr; _double_round
</UL>
<BR>[Calls]<UL><LI><a href="#[55]">&gt;&gt;</a>&nbsp;&nbsp;&nbsp;__aeabi_i2d
<LI><a href="#[53]">&gt;&gt;</a>&nbsp;&nbsp;&nbsp;__aeabi_dmul
<LI><a href="#[58]">&gt;&gt;</a>&nbsp;&nbsp;&nbsp;__aeabi_ddiv
<LI><a href="#[54]">&gt;&gt;</a>&nbsp;&nbsp;&nbsp;__aeabi_d2f
</UL>
<BR>[Called By]<UL><LI><a href="#[7d]">&gt;&gt;</a>&nbsp;&nbsp;&nbsp;Compute_Motor
</UL>

<P><STRONG><a name="[5a]"></a>SDK_Set_H_Loc</STRONG> (Thumb, 222 bytes, Stack size 32 bytes, autoflytask.o(.text))
<BR><BR>[Stack]<UL><LI>Max Depth = 120<LI>Call Chain = SDK_Set_H_Loc &rArr; __aeabi_dmul &rArr; _double_epilogue &rArr; _double_round
</UL>
<BR>[Calls]<UL><LI><a href="#[55]">&gt;&gt;</a>&nbsp;&nbsp;&nbsp;__aeabi_i2d
<LI><a href="#[53]">&gt;&gt;</a>&nbsp;&nbsp;&nbsp;__aeabi_dmul
<LI><a href="#[58]">&gt;&gt;</a>&nbsp;&nbsp;&nbsp;__aeabi_ddiv
<LI><a href="#[54]">&gt;&gt;</a>&nbsp;&nbsp;&nbsp;__aeabi_d2f
</UL>
<BR>[Called By]<UL><LI><a href="#[7d]">&gt;&gt;</a>&nbsp;&nbsp;&nbsp;Compute_Motor
</UL>

<P><STRONG><a name="[1bf]"></a>SDK_Set_Yaw</STRONG> (Thumb, 2 bytes, Stack size 0 bytes, autoflytask.o(.text), UNUSED)

<P><STRONG><a name="[1c0]"></a>SDK_Set_Pos_Loc</STRONG> (Thumb, 2 bytes, Stack size 0 bytes, autoflytask.o(.text), UNUSED)

<P><STRONG><a name="[15]"></a>DebugerTask</STRONG> (Thumb, 30 bytes, Stack size 8 bytes, debugertask.o(.text))
<BR><BR>[Stack]<UL><LI>Max Depth = 136<LI>Call Chain = DebugerTask &rArr; ANO_V65_Report &rArr; ANO_Report_Status &rArr; USART4_DMA_TX_Enable
</UL>
<BR>[Calls]<UL><LI><a href="#[5b]">&gt;&gt;</a>&nbsp;&nbsp;&nbsp;ANO_V65_Report
<LI><a href="#[5c]">&gt;&gt;</a>&nbsp;&nbsp;&nbsp;ANO_Report_Status
<LI><a href="#[56]">&gt;&gt;</a>&nbsp;&nbsp;&nbsp;vTaskDelayUntil
<LI><a href="#[46]">&gt;&gt;</a>&nbsp;&nbsp;&nbsp;getSysTickCnt
</UL>
<BR>[Address Reference Count : 1]<UL><LI> main.o(.text)
</UL>
<P><STRONG><a name="[5e]"></a>USART_data_deal</STRONG> (Thumb, 22 bytes, Stack size 0 bytes, debugertask.o(.text))
<BR><BR>[Called By]<UL><LI><a href="#[5d]">&gt;&gt;</a>&nbsp;&nbsp;&nbsp;imu_Get_One_Byte
</UL>

<P><STRONG><a name="[5d]"></a>imu_Get_One_Byte</STRONG> (Thumb, 214 bytes, Stack size 8 bytes, debugertask.o(.text))
<BR><BR>[Stack]<UL><LI>Max Depth = 8<LI>Call Chain = imu_Get_One_Byte
</UL>
<BR>[Calls]<UL><LI><a href="#[5e]">&gt;&gt;</a>&nbsp;&nbsp;&nbsp;USART_data_deal
</UL>
<BR>[Called By]<UL><LI><a href="#[17]">&gt;&gt;</a>&nbsp;&nbsp;&nbsp;UartRxDecodeTask
</UL>

<P><STRONG><a name="[17]"></a>UartRxDecodeTask</STRONG> (Thumb, 878 bytes, Stack size 16 bytes, debugertask.o(.text))
<BR><BR>[Stack]<UL><LI>Max Depth = 112<LI>Call Chain = UartRxDecodeTask &rArr; vTaskDelayUntil &rArr; xTaskResumeAll &rArr; xTaskIncrementTick &rArr; __2printf
</UL>
<BR>[Calls]<UL><LI><a href="#[65]">&gt;&gt;</a>&nbsp;&nbsp;&nbsp;uDMAChannelSizeGet
<LI><a href="#[61]">&gt;&gt;</a>&nbsp;&nbsp;&nbsp;Uart6_Tick_RX
<LI><a href="#[63]">&gt;&gt;</a>&nbsp;&nbsp;&nbsp;Uart5_Tick_RX
<LI><a href="#[5f]">&gt;&gt;</a>&nbsp;&nbsp;&nbsp;Uart1_Tick_RX
<LI><a href="#[62]">&gt;&gt;</a>&nbsp;&nbsp;&nbsp;TF_Mini_Plus_Get_One_Byte
<LI><a href="#[64]">&gt;&gt;</a>&nbsp;&nbsp;&nbsp;OpenMV_Get_1_Byte
<LI><a href="#[60]">&gt;&gt;</a>&nbsp;&nbsp;&nbsp;AnoOF_GetOneByte
<LI><a href="#[66]">&gt;&gt;</a>&nbsp;&nbsp;&nbsp;ANO_CMD_GetOneByte
<LI><a href="#[5d]">&gt;&gt;</a>&nbsp;&nbsp;&nbsp;imu_Get_One_Byte
<LI><a href="#[56]">&gt;&gt;</a>&nbsp;&nbsp;&nbsp;vTaskDelayUntil
<LI><a href="#[46]">&gt;&gt;</a>&nbsp;&nbsp;&nbsp;getSysTickCnt
</UL>
<BR>[Address Reference Count : 1]<UL><LI> main.o(.text)
</UL>
<P><STRONG><a name="[1c1]"></a>Send_Data_WDP</STRONG> (Thumb, 2 bytes, Stack size 0 bytes, debugertask.o(.text), UNUSED)

<P><STRONG><a name="[16]"></a>remoter_task</STRONG> (Thumb, 714 bytes, Stack size 32 bytes, remotertask.o(.text))
<BR><BR>[Stack]<UL><LI>Max Depth = 120<LI>Call Chain = remoter_task &rArr; __aeabi_dadd &rArr; _double_epilogue &rArr; _double_round
</UL>
<BR>[Calls]<UL><LI><a href="#[67]">&gt;&gt;</a>&nbsp;&nbsp;&nbsp;__aeabi_dadd
<LI><a href="#[55]">&gt;&gt;</a>&nbsp;&nbsp;&nbsp;__aeabi_i2d
<LI><a href="#[53]">&gt;&gt;</a>&nbsp;&nbsp;&nbsp;__aeabi_dmul
<LI><a href="#[58]">&gt;&gt;</a>&nbsp;&nbsp;&nbsp;__aeabi_ddiv
<LI><a href="#[54]">&gt;&gt;</a>&nbsp;&nbsp;&nbsp;__aeabi_d2f
<LI><a href="#[4d]">&gt;&gt;</a>&nbsp;&nbsp;&nbsp;vTaskDelay
</UL>
<BR>[Address Reference Count : 1]<UL><LI> main.o(.text)
</UL>
<P><STRONG><a name="[69]"></a>Check_Stick_Motion</STRONG> (Thumb, 664 bytes, Stack size 0 bytes, remotertask.o(.text))
<BR><BR>[Called By]<UL><LI><a href="#[68]">&gt;&gt;</a>&nbsp;&nbsp;&nbsp;Check_Fly_Mode
</UL>

<P><STRONG><a name="[68]"></a>Check_Fly_Mode</STRONG> (Thumb, 32 bytes, Stack size 4 bytes, remotertask.o(.text))
<BR><BR>[Stack]<UL><LI>Max Depth = 4<LI>Call Chain = Check_Fly_Mode
</UL>
<BR>[Calls]<UL><LI><a href="#[69]">&gt;&gt;</a>&nbsp;&nbsp;&nbsp;Check_Stick_Motion
</UL>
<BR>[Called By]<UL><LI><a href="#[14]">&gt;&gt;</a>&nbsp;&nbsp;&nbsp;stabilizerTask
</UL>

<P><STRONG><a name="[13]"></a>sensorsTask</STRONG> (Thumb, 150 bytes, Stack size 8 bytes, sensorstask.o(.text))
<BR><BR>[Stack]<UL><LI>Max Depth = 144<LI>Call Chain = sensorsTask &rArr; get_gyro_zero &rArr; icm20602_get_gyro_adc &rArr; icm20602_read_buffer &rArr; SPI1_Read_Len &rArr; SPI1_ReadWriteByte
</UL>
<BR>[Calls]<UL><LI><a href="#[72]">&gt;&gt;</a>&nbsp;&nbsp;&nbsp;xEventGroupWaitBits
<LI><a href="#[6e]">&gt;&gt;</a>&nbsp;&nbsp;&nbsp;spl06_update
<LI><a href="#[6a]">&gt;&gt;</a>&nbsp;&nbsp;&nbsp;spl06_init
<LI><a href="#[70]">&gt;&gt;</a>&nbsp;&nbsp;&nbsp;spl06_get_temperature
<LI><a href="#[6f]">&gt;&gt;</a>&nbsp;&nbsp;&nbsp;spl06_get_pressure
<LI><a href="#[6b]">&gt;&gt;</a>&nbsp;&nbsp;&nbsp;icm20602_init
<LI><a href="#[71]">&gt;&gt;</a>&nbsp;&nbsp;&nbsp;get_gyro_zero
<LI><a href="#[6c]">&gt;&gt;</a>&nbsp;&nbsp;&nbsp;ak8975_init
<LI><a href="#[6d]">&gt;&gt;</a>&nbsp;&nbsp;&nbsp;Mag_ST_Init
<LI><a href="#[4d]">&gt;&gt;</a>&nbsp;&nbsp;&nbsp;vTaskDelay
</UL>
<BR>[Address Reference Count : 1]<UL><LI> main.o(.text)
</UL>
<P><STRONG><a name="[73]"></a>Update_Motor</STRONG> (Thumb, 170 bytes, Stack size 8 bytes, stabilizertask.o(.text))
<BR><BR>[Stack]<UL><LI>Max Depth = 56<LI>Call Chain = Update_Motor &rArr; Set_Zero_Motors &rArr; Set_4_Motors
</UL>
<BR>[Calls]<UL><LI><a href="#[76]">&gt;&gt;</a>&nbsp;&nbsp;&nbsp;Set_Zero_Motors
<LI><a href="#[74]">&gt;&gt;</a>&nbsp;&nbsp;&nbsp;Set_PWM_Motors
<LI><a href="#[75]">&gt;&gt;</a>&nbsp;&nbsp;&nbsp;Set_IDLE_Motors
<LI><a href="#[77]">&gt;&gt;</a>&nbsp;&nbsp;&nbsp;Clear_Structure
</UL>
<BR>[Called By]<UL><LI><a href="#[14]">&gt;&gt;</a>&nbsp;&nbsp;&nbsp;stabilizerTask
</UL>

<P><STRONG><a name="[7a]"></a>fast_atan</STRONG> (Thumb, 42 bytes, Stack size 0 bytes, stabilizertask.o(.text))
<BR><BR>[Called By]<UL><LI><a href="#[78]">&gt;&gt;</a>&nbsp;&nbsp;&nbsp;accel_to_lean_angles
</UL>

<P><STRONG><a name="[78]"></a>accel_to_lean_angles</STRONG> (Thumb, 192 bytes, Stack size 48 bytes, stabilizertask.o(.text))
<BR><BR>[Stack]<UL><LI>Max Depth = 288<LI>Call Chain = accel_to_lean_angles &rArr; __hardfp_cos &rArr; __ieee754_rem_pio2 &rArr; __aeabi_dadd &rArr; _double_epilogue &rArr; _double_round
</UL>
<BR>[Calls]<UL><LI><a href="#[7b]">&gt;&gt;</a>&nbsp;&nbsp;&nbsp;Constrain_Float
<LI><a href="#[7a]">&gt;&gt;</a>&nbsp;&nbsp;&nbsp;fast_atan
<LI><a href="#[52]">&gt;&gt;</a>&nbsp;&nbsp;&nbsp;__aeabi_f2d
<LI><a href="#[54]">&gt;&gt;</a>&nbsp;&nbsp;&nbsp;__aeabi_d2f
<LI><a href="#[79]">&gt;&gt;</a>&nbsp;&nbsp;&nbsp;__hardfp_cos
</UL>
<BR>[Called By]<UL><LI><a href="#[7c]">&gt;&gt;</a>&nbsp;&nbsp;&nbsp;Update_Des
</UL>

<P><STRONG><a name="[7c]"></a>Update_Des</STRONG> (Thumb, 1172 bytes, Stack size 40 bytes, stabilizertask.o(.text))
<BR><BR>[Stack]<UL><LI>Max Depth = 328<LI>Call Chain = Update_Des &rArr; accel_to_lean_angles &rArr; __hardfp_cos &rArr; __ieee754_rem_pio2 &rArr; __aeabi_dadd &rArr; _double_epilogue &rArr; _double_round
</UL>
<BR>[Calls]<UL><LI><a href="#[78]">&gt;&gt;</a>&nbsp;&nbsp;&nbsp;accel_to_lean_angles
<LI><a href="#[55]">&gt;&gt;</a>&nbsp;&nbsp;&nbsp;__aeabi_i2d
<LI><a href="#[53]">&gt;&gt;</a>&nbsp;&nbsp;&nbsp;__aeabi_dmul
<LI><a href="#[58]">&gt;&gt;</a>&nbsp;&nbsp;&nbsp;__aeabi_ddiv
<LI><a href="#[54]">&gt;&gt;</a>&nbsp;&nbsp;&nbsp;__aeabi_d2f
</UL>
<BR>[Called By]<UL><LI><a href="#[7d]">&gt;&gt;</a>&nbsp;&nbsp;&nbsp;Compute_Motor
</UL>

<P><STRONG><a name="[7d]"></a>Compute_Motor</STRONG> (Thumb, 480 bytes, Stack size 8 bytes, stabilizertask.o(.text))
<BR><BR>[Stack]<UL><LI>Max Depth = 336<LI>Call Chain = Compute_Motor &rArr; Update_Des &rArr; accel_to_lean_angles &rArr; __hardfp_cos &rArr; __ieee754_rem_pio2 &rArr; __aeabi_dadd &rArr; _double_epilogue &rArr; _double_round
</UL>
<BR>[Calls]<UL><LI><a href="#[7f]">&gt;&gt;</a>&nbsp;&nbsp;&nbsp;ComputeYawPID
<LI><a href="#[7e]">&gt;&gt;</a>&nbsp;&nbsp;&nbsp;ComputePID
<LI><a href="#[7c]">&gt;&gt;</a>&nbsp;&nbsp;&nbsp;Update_Des
<LI><a href="#[5a]">&gt;&gt;</a>&nbsp;&nbsp;&nbsp;SDK_Set_H_Loc
<LI><a href="#[59]">&gt;&gt;</a>&nbsp;&nbsp;&nbsp;SDK_Set_Gyroz
<LI><a href="#[57]">&gt;&gt;</a>&nbsp;&nbsp;&nbsp;SDK_Set_V_Loc
</UL>
<BR>[Called By]<UL><LI><a href="#[14]">&gt;&gt;</a>&nbsp;&nbsp;&nbsp;stabilizerTask
</UL>

<P><STRONG><a name="[83]"></a>Update_Data</STRONG> (Thumb, 260 bytes, Stack size 0 bytes, stabilizertask.o(.text))
<BR><BR>[Called By]<UL><LI><a href="#[14]">&gt;&gt;</a>&nbsp;&nbsp;&nbsp;stabilizerTask
</UL>

<P><STRONG><a name="[14]"></a>stabilizerTask</STRONG> (Thumb, 208 bytes, Stack size 8 bytes, stabilizertask.o(.text))
<BR><BR>[Stack]<UL><LI>Max Depth = 368<LI>Call Chain = stabilizerTask &rArr; Height_Update &rArr; Strapdown_INS_High &rArr; SINS_Prepare &rArr; imuComputeRotationMatrix &rArr; __hardfp_sin &rArr; __ieee754_rem_pio2 &rArr; __aeabi_dadd &rArr; _double_epilogue &rArr; _double_round
</UL>
<BR>[Calls]<UL><LI><a href="#[80]">&gt;&gt;</a>&nbsp;&nbsp;&nbsp;uxTaskGetStackHighWaterMark
<LI><a href="#[81]">&gt;&gt;</a>&nbsp;&nbsp;&nbsp;Mag_Update
<LI><a href="#[82]">&gt;&gt;</a>&nbsp;&nbsp;&nbsp;Height_Update
<LI><a href="#[83]">&gt;&gt;</a>&nbsp;&nbsp;&nbsp;Update_Data
<LI><a href="#[7d]">&gt;&gt;</a>&nbsp;&nbsp;&nbsp;Compute_Motor
<LI><a href="#[73]">&gt;&gt;</a>&nbsp;&nbsp;&nbsp;Update_Motor
<LI><a href="#[68]">&gt;&gt;</a>&nbsp;&nbsp;&nbsp;Check_Fly_Mode
<LI><a href="#[56]">&gt;&gt;</a>&nbsp;&nbsp;&nbsp;vTaskDelayUntil
<LI><a href="#[4d]">&gt;&gt;</a>&nbsp;&nbsp;&nbsp;vTaskDelay
<LI><a href="#[46]">&gt;&gt;</a>&nbsp;&nbsp;&nbsp;getSysTickCnt
</UL>
<BR>[Address Reference Count : 1]<UL><LI> main.o(.text)
</UL>
<P><STRONG><a name="[30]"></a>StructureInit</STRONG> (Thumb, 72 bytes, Stack size 8 bytes, stabilizertask.o(.text))
<BR><BR>[Stack]<UL><LI>Max Depth = 328<LI>Call Chain = StructureInit &rArr; PID_Init &rArr; Save_Using_PID_to_EEPROM &rArr; ANO_Save_All_PID_Table_To_EEPROM &rArr; ANO_EEPROM_Write &rArr; EEPROMProgram
</UL>
<BR>[Calls]<UL><LI><a href="#[84]">&gt;&gt;</a>&nbsp;&nbsp;&nbsp;PID_Init
<LI><a href="#[77]">&gt;&gt;</a>&nbsp;&nbsp;&nbsp;Clear_Structure
</UL>
<BR>[Called By]<UL><LI><a href="#[11]">&gt;&gt;</a>&nbsp;&nbsp;&nbsp;main
</UL>

<P><STRONG><a name="[85]"></a>Adjust_Yaw_Loop</STRONG> (Thumb, 308 bytes, Stack size 8 bytes, stabilizertask.o(.text), UNUSED)
<BR><BR>[Calls]<UL><LI><a href="#[86]">&gt;&gt;</a>&nbsp;&nbsp;&nbsp;Quaternion_Change
</UL>

<P><STRONG><a name="[38]"></a>ADRC_Init</STRONG> (Thumb, 328 bytes, Stack size 0 bytes, adrc.o(.text))
<BR><BR>[Called By]<UL><LI><a href="#[11]">&gt;&gt;</a>&nbsp;&nbsp;&nbsp;main
</UL>

<P><STRONG><a name="[7b]"></a>Constrain_Float</STRONG> (Thumb, 42 bytes, Stack size 0 bytes, adrc.o(.text))
<BR><BR>[Called By]<UL><LI><a href="#[90]">&gt;&gt;</a>&nbsp;&nbsp;&nbsp;ADRC_Control
<LI><a href="#[8b]">&gt;&gt;</a>&nbsp;&nbsp;&nbsp;Nolinear_Conbination_ADRC
<LI><a href="#[78]">&gt;&gt;</a>&nbsp;&nbsp;&nbsp;accel_to_lean_angles
</UL>

<P><STRONG><a name="[87]"></a>Sign_ADRC</STRONG> (Thumb, 72 bytes, Stack size 24 bytes, adrc.o(.text), UNUSED)
<BR><BR>[Calls]<UL><LI><a href="#[88]">&gt;&gt;</a>&nbsp;&nbsp;&nbsp;__aeabi_cdcmple
<LI><a href="#[52]">&gt;&gt;</a>&nbsp;&nbsp;&nbsp;__aeabi_f2d
</UL>
<BR>[Called By]<UL><LI><a href="#[8e]">&gt;&gt;</a>&nbsp;&nbsp;&nbsp;Fhan_ADRC
<LI><a href="#[8d]">&gt;&gt;</a>&nbsp;&nbsp;&nbsp;Fsg_ADRC
<LI><a href="#[89]">&gt;&gt;</a>&nbsp;&nbsp;&nbsp;Fal_ADRC
</UL>

<P><STRONG><a name="[89]"></a>Fal_ADRC</STRONG> (Thumb, 190 bytes, Stack size 40 bytes, adrc.o(.text), UNUSED)
<BR><BR>[Calls]<UL><LI><a href="#[87]">&gt;&gt;</a>&nbsp;&nbsp;&nbsp;Sign_ADRC
<LI><a href="#[8a]">&gt;&gt;</a>&nbsp;&nbsp;&nbsp;__hardfp_powf
</UL>
<BR>[Called By]<UL><LI><a href="#[8c]">&gt;&gt;</a>&nbsp;&nbsp;&nbsp;ESO_ADRC
<LI><a href="#[8b]">&gt;&gt;</a>&nbsp;&nbsp;&nbsp;Nolinear_Conbination_ADRC
<LI><a href="#[be]">&gt;&gt;</a>&nbsp;&nbsp;&nbsp;ComputeNLPID
</UL>

<P><STRONG><a name="[8b]"></a>Nolinear_Conbination_ADRC</STRONG> (Thumb, 346 bytes, Stack size 16 bytes, adrc.o(.text), UNUSED)
<BR><BR>[Calls]<UL><LI><a href="#[89]">&gt;&gt;</a>&nbsp;&nbsp;&nbsp;Fal_ADRC
<LI><a href="#[7b]">&gt;&gt;</a>&nbsp;&nbsp;&nbsp;Constrain_Float
</UL>
<BR>[Called By]<UL><LI><a href="#[90]">&gt;&gt;</a>&nbsp;&nbsp;&nbsp;ADRC_Control
</UL>

<P><STRONG><a name="[8c]"></a>ESO_ADRC</STRONG> (Thumb, 224 bytes, Stack size 8 bytes, adrc.o(.text), UNUSED)
<BR><BR>[Calls]<UL><LI><a href="#[89]">&gt;&gt;</a>&nbsp;&nbsp;&nbsp;Fal_ADRC
</UL>
<BR>[Called By]<UL><LI><a href="#[90]">&gt;&gt;</a>&nbsp;&nbsp;&nbsp;ADRC_Control
</UL>

<P><STRONG><a name="[8d]"></a>Fsg_ADRC</STRONG> (Thumb, 60 bytes, Stack size 24 bytes, adrc.o(.text), UNUSED)
<BR><BR>[Calls]<UL><LI><a href="#[87]">&gt;&gt;</a>&nbsp;&nbsp;&nbsp;Sign_ADRC
</UL>
<BR>[Called By]<UL><LI><a href="#[8e]">&gt;&gt;</a>&nbsp;&nbsp;&nbsp;Fhan_ADRC
</UL>

<P><STRONG><a name="[8e]"></a>Fhan_ADRC</STRONG> (Thumb, 472 bytes, Stack size 56 bytes, adrc.o(.text), UNUSED)
<BR><BR>[Calls]<UL><LI><a href="#[8d]">&gt;&gt;</a>&nbsp;&nbsp;&nbsp;Fsg_ADRC
<LI><a href="#[87]">&gt;&gt;</a>&nbsp;&nbsp;&nbsp;Sign_ADRC
<LI><a href="#[52]">&gt;&gt;</a>&nbsp;&nbsp;&nbsp;__aeabi_f2d
<LI><a href="#[54]">&gt;&gt;</a>&nbsp;&nbsp;&nbsp;__aeabi_d2f
<LI><a href="#[8f]">&gt;&gt;</a>&nbsp;&nbsp;&nbsp;__hardfp_sqrt
</UL>
<BR>[Called By]<UL><LI><a href="#[90]">&gt;&gt;</a>&nbsp;&nbsp;&nbsp;ADRC_Control
</UL>

<P><STRONG><a name="[90]"></a>ADRC_Control</STRONG> (Thumb, 124 bytes, Stack size 16 bytes, adrc.o(.text), UNUSED)
<BR><BR>[Calls]<UL><LI><a href="#[8e]">&gt;&gt;</a>&nbsp;&nbsp;&nbsp;Fhan_ADRC
<LI><a href="#[8c]">&gt;&gt;</a>&nbsp;&nbsp;&nbsp;ESO_ADRC
<LI><a href="#[8b]">&gt;&gt;</a>&nbsp;&nbsp;&nbsp;Nolinear_Conbination_ADRC
<LI><a href="#[7b]">&gt;&gt;</a>&nbsp;&nbsp;&nbsp;Constrain_Float
</UL>

<P><STRONG><a name="[64]"></a>OpenMV_Get_1_Byte</STRONG> (Thumb, 646 bytes, Stack size 0 bytes, openmv.o(.text))
<BR><BR>[Called By]<UL><LI><a href="#[17]">&gt;&gt;</a>&nbsp;&nbsp;&nbsp;UartRxDecodeTask
</UL>

<P><STRONG><a name="[1c2]"></a>Get_OpenMV_Circle_Data</STRONG> (Thumb, 14 bytes, Stack size 0 bytes, openmv.o(.text), UNUSED)

<P><STRONG><a name="[1c3]"></a>Get_OpenMV_Circle_X</STRONG> (Thumb, 8 bytes, Stack size 0 bytes, openmv.o(.text), UNUSED)

<P><STRONG><a name="[1c4]"></a>Get_OpenMV_Circle_Y</STRONG> (Thumb, 8 bytes, Stack size 0 bytes, openmv.o(.text), UNUSED)

<P><STRONG><a name="[1c5]"></a>Get_OpenMV_Line_RHO</STRONG> (Thumb, 8 bytes, Stack size 0 bytes, openmv.o(.text), UNUSED)

<P><STRONG><a name="[1c6]"></a>Get_OpenMV_Line_Theta</STRONG> (Thumb, 8 bytes, Stack size 0 bytes, openmv.o(.text), UNUSED)

<P><STRONG><a name="[1c7]"></a>OpenMV_Blob_Flag</STRONG> (Thumb, 14 bytes, Stack size 0 bytes, openmv.o(.text), UNUSED)

<P><STRONG><a name="[1c8]"></a>openmv_blobs_decode</STRONG> (Thumb, 106 bytes, Stack size 0 bytes, openmv.o(.text), UNUSED)

<P><STRONG><a name="[91]"></a>ANO_EEPROM_Write</STRONG> (Thumb, 20 bytes, Stack size 16 bytes, anov65.o(.text))
<BR><BR>[Stack]<UL><LI>Max Depth = 56<LI>Call Chain = ANO_EEPROM_Write &rArr; EEPROMProgram
</UL>
<BR>[Calls]<UL><LI><a href="#[92]">&gt;&gt;</a>&nbsp;&nbsp;&nbsp;EEPROMProgram
</UL>
<BR>[Called By]<UL><LI><a href="#[9a]">&gt;&gt;</a>&nbsp;&nbsp;&nbsp;Save_Using_PID_to_EEPROM
<LI><a href="#[95]">&gt;&gt;</a>&nbsp;&nbsp;&nbsp;ANO_Save_All_PID_Table_To_EEPROM
</UL>

<P><STRONG><a name="[93]"></a>ANO_EEPROM_Read</STRONG> (Thumb, 20 bytes, Stack size 16 bytes, anov65.o(.text))
<BR><BR>[Stack]<UL><LI>Max Depth = 16<LI>Call Chain = ANO_EEPROM_Read
</UL>
<BR>[Calls]<UL><LI><a href="#[94]">&gt;&gt;</a>&nbsp;&nbsp;&nbsp;EEPROMRead
</UL>
<BR>[Called By]<UL><LI><a href="#[99]">&gt;&gt;</a>&nbsp;&nbsp;&nbsp;Get_EEPROM_PID_Status
<LI><a href="#[97]">&gt;&gt;</a>&nbsp;&nbsp;&nbsp;Update_Using_PID_from_EEPROM
<LI><a href="#[96]">&gt;&gt;</a>&nbsp;&nbsp;&nbsp;ANO_Read_All_EEPROM_To_PID_Table
</UL>

<P><STRONG><a name="[95]"></a>ANO_Save_All_PID_Table_To_EEPROM</STRONG> (Thumb, 58 bytes, Stack size 248 bytes, anov65.o(.text))
<BR><BR>[Stack]<UL><LI>Max Depth = 304<LI>Call Chain = ANO_Save_All_PID_Table_To_EEPROM &rArr; ANO_EEPROM_Write &rArr; EEPROMProgram
</UL>
<BR>[Calls]<UL><LI><a href="#[91]">&gt;&gt;</a>&nbsp;&nbsp;&nbsp;ANO_EEPROM_Write
</UL>
<BR>[Called By]<UL><LI><a href="#[9a]">&gt;&gt;</a>&nbsp;&nbsp;&nbsp;Save_Using_PID_to_EEPROM
</UL>

<P><STRONG><a name="[96]"></a>ANO_Read_All_EEPROM_To_PID_Table</STRONG> (Thumb, 58 bytes, Stack size 248 bytes, anov65.o(.text))
<BR><BR>[Stack]<UL><LI>Max Depth = 264<LI>Call Chain = ANO_Read_All_EEPROM_To_PID_Table &rArr; ANO_EEPROM_Read
</UL>
<BR>[Calls]<UL><LI><a href="#[93]">&gt;&gt;</a>&nbsp;&nbsp;&nbsp;ANO_EEPROM_Read
</UL>
<BR>[Called By]<UL><LI><a href="#[97]">&gt;&gt;</a>&nbsp;&nbsp;&nbsp;Update_Using_PID_from_EEPROM
</UL>

<P><STRONG><a name="[98]"></a>Update_Using_PID_from_Table</STRONG> (Thumb, 2 bytes, Stack size 0 bytes, anov65.o(.text))
<BR><BR>[Called By]<UL><LI><a href="#[97]">&gt;&gt;</a>&nbsp;&nbsp;&nbsp;Update_Using_PID_from_EEPROM
</UL>

<P><STRONG><a name="[97]"></a>Update_Using_PID_from_EEPROM</STRONG> (Thumb, 30 bytes, Stack size 8 bytes, anov65.o(.text))
<BR><BR>[Stack]<UL><LI>Max Depth = 272<LI>Call Chain = Update_Using_PID_from_EEPROM &rArr; ANO_Read_All_EEPROM_To_PID_Table &rArr; ANO_EEPROM_Read
</UL>
<BR>[Calls]<UL><LI><a href="#[98]">&gt;&gt;</a>&nbsp;&nbsp;&nbsp;Update_Using_PID_from_Table
<LI><a href="#[96]">&gt;&gt;</a>&nbsp;&nbsp;&nbsp;ANO_Read_All_EEPROM_To_PID_Table
<LI><a href="#[93]">&gt;&gt;</a>&nbsp;&nbsp;&nbsp;ANO_EEPROM_Read
</UL>
<BR>[Called By]<UL><LI><a href="#[84]">&gt;&gt;</a>&nbsp;&nbsp;&nbsp;PID_Init
</UL>

<P><STRONG><a name="[99]"></a>Get_EEPROM_PID_Status</STRONG> (Thumb, 20 bytes, Stack size 8 bytes, anov65.o(.text))
<BR><BR>[Stack]<UL><LI>Max Depth = 24<LI>Call Chain = Get_EEPROM_PID_Status &rArr; ANO_EEPROM_Read
</UL>
<BR>[Calls]<UL><LI><a href="#[93]">&gt;&gt;</a>&nbsp;&nbsp;&nbsp;ANO_EEPROM_Read
</UL>
<BR>[Called By]<UL><LI><a href="#[84]">&gt;&gt;</a>&nbsp;&nbsp;&nbsp;PID_Init
</UL>

<P><STRONG><a name="[9b]"></a>Update_Table_From_Using_PID</STRONG> (Thumb, 370 bytes, Stack size 0 bytes, anov65.o(.text))
<BR><BR>[Called By]<UL><LI><a href="#[9a]">&gt;&gt;</a>&nbsp;&nbsp;&nbsp;Save_Using_PID_to_EEPROM
</UL>

<P><STRONG><a name="[9a]"></a>Save_Using_PID_to_EEPROM</STRONG> (Thumb, 26 bytes, Stack size 8 bytes, anov65.o(.text))
<BR><BR>[Stack]<UL><LI>Max Depth = 312<LI>Call Chain = Save_Using_PID_to_EEPROM &rArr; ANO_Save_All_PID_Table_To_EEPROM &rArr; ANO_EEPROM_Write &rArr; EEPROMProgram
</UL>
<BR>[Calls]<UL><LI><a href="#[9b]">&gt;&gt;</a>&nbsp;&nbsp;&nbsp;Update_Table_From_Using_PID
<LI><a href="#[95]">&gt;&gt;</a>&nbsp;&nbsp;&nbsp;ANO_Save_All_PID_Table_To_EEPROM
<LI><a href="#[91]">&gt;&gt;</a>&nbsp;&nbsp;&nbsp;ANO_EEPROM_Write
</UL>
<BR>[Called By]<UL><LI><a href="#[84]">&gt;&gt;</a>&nbsp;&nbsp;&nbsp;PID_Init
</UL>

<P><STRONG><a name="[84]"></a>PID_Init</STRONG> (Thumb, 22 bytes, Stack size 8 bytes, anov65.o(.text))
<BR><BR>[Stack]<UL><LI>Max Depth = 320<LI>Call Chain = PID_Init &rArr; Save_Using_PID_to_EEPROM &rArr; ANO_Save_All_PID_Table_To_EEPROM &rArr; ANO_EEPROM_Write &rArr; EEPROMProgram
</UL>
<BR>[Calls]<UL><LI><a href="#[9a]">&gt;&gt;</a>&nbsp;&nbsp;&nbsp;Save_Using_PID_to_EEPROM
<LI><a href="#[99]">&gt;&gt;</a>&nbsp;&nbsp;&nbsp;Get_EEPROM_PID_Status
<LI><a href="#[97]">&gt;&gt;</a>&nbsp;&nbsp;&nbsp;Update_Using_PID_from_EEPROM
</UL>
<BR>[Called By]<UL><LI><a href="#[30]">&gt;&gt;</a>&nbsp;&nbsp;&nbsp;StructureInit
</UL>

<P><STRONG><a name="[a4]"></a>ANO_Report_Param_Back</STRONG> (Thumb, 2 bytes, Stack size 0 bytes, anov65.o(.text))
<BR><BR>[Called By]<UL><LI><a href="#[5b]">&gt;&gt;</a>&nbsp;&nbsp;&nbsp;ANO_V65_Report
</UL>

<P><STRONG><a name="[9c]"></a>ANO_Report_UserData1</STRONG> (Thumb, 760 bytes, Stack size 104 bytes, anov65.o(.text))
<BR><BR>[Stack]<UL><LI>Max Depth = 120<LI>Call Chain = ANO_Report_UserData1 &rArr; USART7_DMA_TX_Enable
</UL>
<BR>[Calls]<UL><LI><a href="#[9d]">&gt;&gt;</a>&nbsp;&nbsp;&nbsp;USART7_DMA_TX_Enable
</UL>
<BR>[Called By]<UL><LI><a href="#[5b]">&gt;&gt;</a>&nbsp;&nbsp;&nbsp;ANO_V65_Report
</UL>

<P><STRONG><a name="[a3]"></a>ANO_Report_Sensor2</STRONG> (Thumb, 2 bytes, Stack size 0 bytes, anov65.o(.text))
<BR><BR>[Called By]<UL><LI><a href="#[5b]">&gt;&gt;</a>&nbsp;&nbsp;&nbsp;ANO_V65_Report
</UL>

<P><STRONG><a name="[a2]"></a>ANO_Report_Motor</STRONG> (Thumb, 2 bytes, Stack size 0 bytes, anov65.o(.text))
<BR><BR>[Called By]<UL><LI><a href="#[5b]">&gt;&gt;</a>&nbsp;&nbsp;&nbsp;ANO_V65_Report
</UL>

<P><STRONG><a name="[a1]"></a>ANO_Report_RCdata</STRONG> (Thumb, 2 bytes, Stack size 0 bytes, anov65.o(.text))
<BR><BR>[Called By]<UL><LI><a href="#[5b]">&gt;&gt;</a>&nbsp;&nbsp;&nbsp;ANO_V65_Report
</UL>

<P><STRONG><a name="[9e]"></a>ANO_Report_Sensor</STRONG> (Thumb, 272 bytes, Stack size 104 bytes, anov65.o(.text))
<BR><BR>[Stack]<UL><LI>Max Depth = 120<LI>Call Chain = ANO_Report_Sensor &rArr; USART5_DMA_TX_Enable
</UL>
<BR>[Calls]<UL><LI><a href="#[9f]">&gt;&gt;</a>&nbsp;&nbsp;&nbsp;USART5_DMA_TX_Enable
</UL>
<BR>[Called By]<UL><LI><a href="#[5b]">&gt;&gt;</a>&nbsp;&nbsp;&nbsp;ANO_V65_Report
</UL>

<P><STRONG><a name="[5c]"></a>ANO_Report_Status</STRONG> (Thumb, 302 bytes, Stack size 104 bytes, anov65.o(.text))
<BR><BR>[Stack]<UL><LI>Max Depth = 120<LI>Call Chain = ANO_Report_Status &rArr; USART4_DMA_TX_Enable
</UL>
<BR>[Calls]<UL><LI><a href="#[a0]">&gt;&gt;</a>&nbsp;&nbsp;&nbsp;USART4_DMA_TX_Enable
</UL>
<BR>[Called By]<UL><LI><a href="#[5b]">&gt;&gt;</a>&nbsp;&nbsp;&nbsp;ANO_V65_Report
<LI><a href="#[15]">&gt;&gt;</a>&nbsp;&nbsp;&nbsp;DebugerTask
</UL>

<P><STRONG><a name="[5b]"></a>ANO_V65_Report</STRONG> (Thumb, 86 bytes, Stack size 8 bytes, anov65.o(.text))
<BR><BR>[Stack]<UL><LI>Max Depth = 128<LI>Call Chain = ANO_V65_Report &rArr; ANO_Report_Status &rArr; USART4_DMA_TX_Enable
</UL>
<BR>[Calls]<UL><LI><a href="#[5c]">&gt;&gt;</a>&nbsp;&nbsp;&nbsp;ANO_Report_Status
<LI><a href="#[9e]">&gt;&gt;</a>&nbsp;&nbsp;&nbsp;ANO_Report_Sensor
<LI><a href="#[a1]">&gt;&gt;</a>&nbsp;&nbsp;&nbsp;ANO_Report_RCdata
<LI><a href="#[a2]">&gt;&gt;</a>&nbsp;&nbsp;&nbsp;ANO_Report_Motor
<LI><a href="#[a3]">&gt;&gt;</a>&nbsp;&nbsp;&nbsp;ANO_Report_Sensor2
<LI><a href="#[9c]">&gt;&gt;</a>&nbsp;&nbsp;&nbsp;ANO_Report_UserData1
<LI><a href="#[a4]">&gt;&gt;</a>&nbsp;&nbsp;&nbsp;ANO_Report_Param_Back
</UL>
<BR>[Called By]<UL><LI><a href="#[15]">&gt;&gt;</a>&nbsp;&nbsp;&nbsp;DebugerTask
</UL>

<P><STRONG><a name="[a6]"></a>Check_SUM</STRONG> (Thumb, 26 bytes, Stack size 8 bytes, anov65.o(.text))
<BR><BR>[Stack]<UL><LI>Max Depth = 8<LI>Call Chain = Check_SUM
</UL>
<BR>[Called By]<UL><LI><a href="#[a5]">&gt;&gt;</a>&nbsp;&nbsp;&nbsp;ANO_Param_Back
</UL>

<P><STRONG><a name="[a5]"></a>ANO_Param_Back</STRONG> (Thumb, 252 bytes, Stack size 36 bytes, anov65.o(.text))
<BR><BR>[Stack]<UL><LI>Max Depth = 44<LI>Call Chain = ANO_Param_Back &rArr; Check_SUM
</UL>
<BR>[Calls]<UL><LI><a href="#[a6]">&gt;&gt;</a>&nbsp;&nbsp;&nbsp;Check_SUM
</UL>
<BR>[Called By]<UL><LI><a href="#[a7]">&gt;&gt;</a>&nbsp;&nbsp;&nbsp;ANO_data_Decode
</UL>

<P><STRONG><a name="[a8]"></a>ChangePID</STRONG> (Thumb, 68 bytes, Stack size 0 bytes, anov65.o(.text))
<BR><BR>[Called By]<UL><LI><a href="#[a7]">&gt;&gt;</a>&nbsp;&nbsp;&nbsp;ANO_data_Decode
</UL>

<P><STRONG><a name="[a7]"></a>ANO_data_Decode</STRONG> (Thumb, 168 bytes, Stack size 36 bytes, anov65.o(.text))
<BR><BR>[Stack]<UL><LI>Max Depth = 80<LI>Call Chain = ANO_data_Decode &rArr; ANO_Param_Back &rArr; Check_SUM
</UL>
<BR>[Calls]<UL><LI><a href="#[a8]">&gt;&gt;</a>&nbsp;&nbsp;&nbsp;ChangePID
<LI><a href="#[a5]">&gt;&gt;</a>&nbsp;&nbsp;&nbsp;ANO_Param_Back
</UL>
<BR>[Called By]<UL><LI><a href="#[66]">&gt;&gt;</a>&nbsp;&nbsp;&nbsp;ANO_CMD_GetOneByte
</UL>

<P><STRONG><a name="[66]"></a>ANO_CMD_GetOneByte</STRONG> (Thumb, 276 bytes, Stack size 8 bytes, anov65.o(.text))
<BR><BR>[Stack]<UL><LI>Max Depth = 88<LI>Call Chain = ANO_CMD_GetOneByte &rArr; ANO_data_Decode &rArr; ANO_Param_Back &rArr; Check_SUM
</UL>
<BR>[Calls]<UL><LI><a href="#[a7]">&gt;&gt;</a>&nbsp;&nbsp;&nbsp;ANO_data_Decode
</UL>
<BR>[Called By]<UL><LI><a href="#[17]">&gt;&gt;</a>&nbsp;&nbsp;&nbsp;UartRxDecodeTask
</UL>

<P><STRONG><a name="[1c9]"></a>filterloop</STRONG> (Thumb, 150 bytes, Stack size 0 bytes, filter.o(.text), UNUSED)

<P><STRONG><a name="[1ca]"></a>Butterworth50HzLPF</STRONG> (Thumb, 150 bytes, Stack size 0 bytes, filter.o(.text), UNUSED)

<P><STRONG><a name="[e7]"></a>Butterworth30HzLPF</STRONG> (Thumb, 110 bytes, Stack size 0 bytes, filter.o(.text), UNUSED)
<BR><BR>[Called By]<UL><LI><a href="#[e6]">&gt;&gt;</a>&nbsp;&nbsp;&nbsp;ICM_20602_Update
</UL>

<P><STRONG><a name="[82]"></a>Height_Update</STRONG> (Thumb, 628 bytes, Stack size 56 bytes, height.o(.text))
<BR><BR>[Stack]<UL><LI>Max Depth = 360<LI>Call Chain = Height_Update &rArr; Strapdown_INS_High &rArr; SINS_Prepare &rArr; imuComputeRotationMatrix &rArr; __hardfp_sin &rArr; __ieee754_rem_pio2 &rArr; __aeabi_dadd &rArr; _double_epilogue &rArr; _double_round
</UL>
<BR>[Calls]<UL><LI><a href="#[6e]">&gt;&gt;</a>&nbsp;&nbsp;&nbsp;spl06_update
<LI><a href="#[70]">&gt;&gt;</a>&nbsp;&nbsp;&nbsp;spl06_get_temperature
<LI><a href="#[6f]">&gt;&gt;</a>&nbsp;&nbsp;&nbsp;spl06_get_pressure
<LI><a href="#[52]">&gt;&gt;</a>&nbsp;&nbsp;&nbsp;__aeabi_f2d
<LI><a href="#[53]">&gt;&gt;</a>&nbsp;&nbsp;&nbsp;__aeabi_dmul
<LI><a href="#[54]">&gt;&gt;</a>&nbsp;&nbsp;&nbsp;__aeabi_d2f
<LI><a href="#[a9]">&gt;&gt;</a>&nbsp;&nbsp;&nbsp;spl06_get_altitude
<LI><a href="#[ac]">&gt;&gt;</a>&nbsp;&nbsp;&nbsp;__aeabi_ui2d
<LI><a href="#[ad]">&gt;&gt;</a>&nbsp;&nbsp;&nbsp;__aeabi_cdrcmple
<LI><a href="#[ab]">&gt;&gt;</a>&nbsp;&nbsp;&nbsp;Strapdown_INS_Horizontal
<LI><a href="#[aa]">&gt;&gt;</a>&nbsp;&nbsp;&nbsp;Strapdown_INS_High
</UL>
<BR>[Called By]<UL><LI><a href="#[14]">&gt;&gt;</a>&nbsp;&nbsp;&nbsp;stabilizerTask
</UL>

<P><STRONG><a name="[ae]"></a>IMUupdate</STRONG> (Thumb, 1314 bytes, Stack size 104 bytes, imu.o(.text), UNUSED)
<BR><BR>[Calls]<UL><LI><a href="#[52]">&gt;&gt;</a>&nbsp;&nbsp;&nbsp;__aeabi_f2d
<LI><a href="#[53]">&gt;&gt;</a>&nbsp;&nbsp;&nbsp;__aeabi_dmul
<LI><a href="#[54]">&gt;&gt;</a>&nbsp;&nbsp;&nbsp;__aeabi_d2f
<LI><a href="#[8f]">&gt;&gt;</a>&nbsp;&nbsp;&nbsp;__hardfp_sqrt
<LI><a href="#[b0]">&gt;&gt;</a>&nbsp;&nbsp;&nbsp;__hardfp_atan2
<LI><a href="#[af]">&gt;&gt;</a>&nbsp;&nbsp;&nbsp;__hardfp_asin
</UL>

<P><STRONG><a name="[b2]"></a>FilterOrder1Update</STRONG> (Thumb, 50 bytes, Stack size 0 bytes, imu.o(.text), UNUSED)
<BR><BR>[Called By]<UL><LI><a href="#[b1]">&gt;&gt;</a>&nbsp;&nbsp;&nbsp;YawUpdate
</UL>

<P><STRONG><a name="[b3]"></a>FilterOrder2Update</STRONG> (Thumb, 142 bytes, Stack size 0 bytes, imu.o(.text), UNUSED)
<BR><BR>[Called By]<UL><LI><a href="#[b1]">&gt;&gt;</a>&nbsp;&nbsp;&nbsp;YawUpdate
</UL>

<P><STRONG><a name="[b1]"></a>YawUpdate</STRONG> (Thumb, 260 bytes, Stack size 40 bytes, imu.o(.text), UNUSED)
<BR><BR>[Calls]<UL><LI><a href="#[52]">&gt;&gt;</a>&nbsp;&nbsp;&nbsp;__aeabi_f2d
<LI><a href="#[53]">&gt;&gt;</a>&nbsp;&nbsp;&nbsp;__aeabi_dmul
<LI><a href="#[54]">&gt;&gt;</a>&nbsp;&nbsp;&nbsp;__aeabi_d2f
<LI><a href="#[b3]">&gt;&gt;</a>&nbsp;&nbsp;&nbsp;FilterOrder2Update
<LI><a href="#[b2]">&gt;&gt;</a>&nbsp;&nbsp;&nbsp;FilterOrder1Update
<LI><a href="#[b0]">&gt;&gt;</a>&nbsp;&nbsp;&nbsp;__hardfp_atan2
</UL>

<P><STRONG><a name="[b4]"></a>Quaternion_Adjust</STRONG> (Thumb, 640 bytes, Stack size 72 bytes, imu.o(.text), UNUSED)
<BR><BR>[Calls]<UL><LI><a href="#[52]">&gt;&gt;</a>&nbsp;&nbsp;&nbsp;__aeabi_f2d
<LI><a href="#[54]">&gt;&gt;</a>&nbsp;&nbsp;&nbsp;__aeabi_d2f
<LI><a href="#[8f]">&gt;&gt;</a>&nbsp;&nbsp;&nbsp;__hardfp_sqrt
<LI><a href="#[b5]">&gt;&gt;</a>&nbsp;&nbsp;&nbsp;__hardfp_sin
<LI><a href="#[79]">&gt;&gt;</a>&nbsp;&nbsp;&nbsp;__hardfp_cos
</UL>
<BR>[Called By]<UL><LI><a href="#[86]">&gt;&gt;</a>&nbsp;&nbsp;&nbsp;Quaternion_Change
</UL>

<P><STRONG><a name="[86]"></a>Quaternion_Change</STRONG> (Thumb, 84 bytes, Stack size 16 bytes, imu.o(.text), UNUSED)
<BR><BR>[Calls]<UL><LI><a href="#[b4]">&gt;&gt;</a>&nbsp;&nbsp;&nbsp;Quaternion_Adjust
</UL>
<BR>[Called By]<UL><LI><a href="#[85]">&gt;&gt;</a>&nbsp;&nbsp;&nbsp;Adjust_Yaw_Loop
</UL>

<P><STRONG><a name="[b7]"></a>Mag_Adjust</STRONG> (Thumb, 80 bytes, Stack size 0 bytes, mag.o(.text))
<BR><BR>[Called By]<UL><LI><a href="#[81]">&gt;&gt;</a>&nbsp;&nbsp;&nbsp;Mag_Update
</UL>

<P><STRONG><a name="[81]"></a>Mag_Update</STRONG> (Thumb, 50 bytes, Stack size 8 bytes, mag.o(.text))
<BR><BR>[Stack]<UL><LI>Max Depth = 120<LI>Call Chain = Mag_Update &rArr; ak8975_get_mag &rArr; ak8975_get_mag_adc &rArr; ak8975_read_buffer &rArr; SPI1_Read_Len &rArr; SPI1_ReadWriteByte
</UL>
<BR>[Calls]<UL><LI><a href="#[b6]">&gt;&gt;</a>&nbsp;&nbsp;&nbsp;ak8975_get_mag
<LI><a href="#[b7]">&gt;&gt;</a>&nbsp;&nbsp;&nbsp;Mag_Adjust
</UL>
<BR>[Called By]<UL><LI><a href="#[14]">&gt;&gt;</a>&nbsp;&nbsp;&nbsp;stabilizerTask
</UL>

<P><STRONG><a name="[b9]"></a>Mag_Save_Adjust_Data</STRONG> (Thumb, 164 bytes, Stack size 0 bytes, mag.o(.text), UNUSED)
<BR><BR>[Called By]<UL><LI><a href="#[b8]">&gt;&gt;</a>&nbsp;&nbsp;&nbsp;Mag_Calibration_Loop
</UL>

<P><STRONG><a name="[b8]"></a>Mag_Calibration_Loop</STRONG> (Thumb, 336 bytes, Stack size 4 bytes, mag.o(.text), UNUSED)
<BR><BR>[Calls]<UL><LI><a href="#[b9]">&gt;&gt;</a>&nbsp;&nbsp;&nbsp;Mag_Save_Adjust_Data
</UL>

<P><STRONG><a name="[6d]"></a>Mag_ST_Init</STRONG> (Thumb, 188 bytes, Stack size 0 bytes, mag.o(.text))
<BR><BR>[Called By]<UL><LI><a href="#[13]">&gt;&gt;</a>&nbsp;&nbsp;&nbsp;sensorsTask
</UL>

<P><STRONG><a name="[76]"></a>Set_Zero_Motors</STRONG> (Thumb, 18 bytes, Stack size 8 bytes, motors.o(.text))
<BR><BR>[Stack]<UL><LI>Max Depth = 48<LI>Call Chain = Set_Zero_Motors &rArr; Set_4_Motors
</UL>
<BR>[Calls]<UL><LI><a href="#[ba]">&gt;&gt;</a>&nbsp;&nbsp;&nbsp;Set_4_Motors
</UL>
<BR>[Called By]<UL><LI><a href="#[73]">&gt;&gt;</a>&nbsp;&nbsp;&nbsp;Update_Motor
<LI><a href="#[2d]">&gt;&gt;</a>&nbsp;&nbsp;&nbsp;Motors_Init
</UL>

<P><STRONG><a name="[2d]"></a>Motors_Init</STRONG> (Thumb, 12 bytes, Stack size 8 bytes, motors.o(.text))
<BR><BR>[Stack]<UL><LI>Max Depth = 56<LI>Call Chain = Motors_Init &rArr; Set_Zero_Motors &rArr; Set_4_Motors
</UL>
<BR>[Calls]<UL><LI><a href="#[76]">&gt;&gt;</a>&nbsp;&nbsp;&nbsp;Set_Zero_Motors
<LI><a href="#[bb]">&gt;&gt;</a>&nbsp;&nbsp;&nbsp;PWM_Output_Init
</UL>
<BR>[Called By]<UL><LI><a href="#[11]">&gt;&gt;</a>&nbsp;&nbsp;&nbsp;main
</UL>

<P><STRONG><a name="[74]"></a>Set_PWM_Motors</STRONG> (Thumb, 226 bytes, Stack size 8 bytes, motors.o(.text))
<BR><BR>[Stack]<UL><LI>Max Depth = 48<LI>Call Chain = Set_PWM_Motors &rArr; Set_4_Motors
</UL>
<BR>[Calls]<UL><LI><a href="#[ba]">&gt;&gt;</a>&nbsp;&nbsp;&nbsp;Set_4_Motors
</UL>
<BR>[Called By]<UL><LI><a href="#[73]">&gt;&gt;</a>&nbsp;&nbsp;&nbsp;Update_Motor
</UL>

<P><STRONG><a name="[bc]"></a>Set_Throttle_Motors</STRONG> (Thumb, 18 bytes, Stack size 8 bytes, motors.o(.text), UNUSED)
<BR><BR>[Calls]<UL><LI><a href="#[ba]">&gt;&gt;</a>&nbsp;&nbsp;&nbsp;Set_4_Motors
</UL>

<P><STRONG><a name="[75]"></a>Set_IDLE_Motors</STRONG> (Thumb, 18 bytes, Stack size 8 bytes, motors.o(.text))
<BR><BR>[Stack]<UL><LI>Max Depth = 48<LI>Call Chain = Set_IDLE_Motors &rArr; Set_4_Motors
</UL>
<BR>[Calls]<UL><LI><a href="#[ba]">&gt;&gt;</a>&nbsp;&nbsp;&nbsp;Set_4_Motors
</UL>
<BR>[Called By]<UL><LI><a href="#[73]">&gt;&gt;</a>&nbsp;&nbsp;&nbsp;Update_Motor
</UL>

<P><STRONG><a name="[60]"></a>AnoOF_GetOneByte</STRONG> (Thumb, 248 bytes, Stack size 8 bytes, optical.o(.text))
<BR><BR>[Stack]<UL><LI>Max Depth = 20<LI>Call Chain = AnoOF_GetOneByte &rArr; AnoOF_DataAnl
</UL>
<BR>[Calls]<UL><LI><a href="#[bd]">&gt;&gt;</a>&nbsp;&nbsp;&nbsp;AnoOF_DataAnl
</UL>
<BR>[Called By]<UL><LI><a href="#[17]">&gt;&gt;</a>&nbsp;&nbsp;&nbsp;UartRxDecodeTask
</UL>

<P><STRONG><a name="[7e]"></a>ComputePID</STRONG> (Thumb, 532 bytes, Stack size 0 bytes, pid.o(.text))
<BR><BR>[Called By]<UL><LI><a href="#[7d]">&gt;&gt;</a>&nbsp;&nbsp;&nbsp;Compute_Motor
</UL>

<P><STRONG><a name="[be]"></a>ComputeNLPID</STRONG> (Thumb, 556 bytes, Stack size 8 bytes, pid.o(.text), UNUSED)
<BR><BR>[Calls]<UL><LI><a href="#[89]">&gt;&gt;</a>&nbsp;&nbsp;&nbsp;Fal_ADRC
</UL>

<P><STRONG><a name="[7f]"></a>ComputeYawPID</STRONG> (Thumb, 600 bytes, Stack size 0 bytes, pid.o(.text))
<BR><BR>[Called By]<UL><LI><a href="#[7d]">&gt;&gt;</a>&nbsp;&nbsp;&nbsp;Compute_Motor
</UL>

<P><STRONG><a name="[77]"></a>Clear_Structure</STRONG> (Thumb, 68 bytes, Stack size 0 bytes, pid.o(.text))
<BR><BR>[Called By]<UL><LI><a href="#[73]">&gt;&gt;</a>&nbsp;&nbsp;&nbsp;Update_Motor
<LI><a href="#[30]">&gt;&gt;</a>&nbsp;&nbsp;&nbsp;StructureInit
</UL>

<P><STRONG><a name="[ff]"></a>sbus_decode</STRONG> (Thumb, 444 bytes, Stack size 0 bytes, sbus.o(.text))
<BR><BR>[Called By]<UL><LI><a href="#[b]">&gt;&gt;</a>&nbsp;&nbsp;&nbsp;UART2IntHandler
</UL>

<P><STRONG><a name="[1cb]"></a>sqf</STRONG> (Thumb, 10 bytes, Stack size 0 bytes, sins.o(.text), UNUSED)

<P><STRONG><a name="[bf]"></a>imuComputeRotationMatrix</STRONG> (Thumb, 660 bytes, Stack size 40 bytes, sins.o(.text))
<BR><BR>[Stack]<UL><LI>Max Depth = 280<LI>Call Chain = imuComputeRotationMatrix &rArr; __hardfp_sin &rArr; __ieee754_rem_pio2 &rArr; __aeabi_dadd &rArr; _double_epilogue &rArr; _double_round
</UL>
<BR>[Calls]<UL><LI><a href="#[52]">&gt;&gt;</a>&nbsp;&nbsp;&nbsp;__aeabi_f2d
<LI><a href="#[54]">&gt;&gt;</a>&nbsp;&nbsp;&nbsp;__aeabi_d2f
<LI><a href="#[b5]">&gt;&gt;</a>&nbsp;&nbsp;&nbsp;__hardfp_sin
<LI><a href="#[79]">&gt;&gt;</a>&nbsp;&nbsp;&nbsp;__hardfp_cos
</UL>
<BR>[Called By]<UL><LI><a href="#[c0]">&gt;&gt;</a>&nbsp;&nbsp;&nbsp;SINS_Prepare
</UL>

<P><STRONG><a name="[c1]"></a>Vector_From_BodyFrame2EarthFrame</STRONG> (Thumb, 124 bytes, Stack size 0 bytes, sins.o(.text))
<BR><BR>[Called By]<UL><LI><a href="#[c0]">&gt;&gt;</a>&nbsp;&nbsp;&nbsp;SINS_Prepare
</UL>

<P><STRONG><a name="[1cc]"></a>Vector_From_EarthFrame2BodyFrame</STRONG> (Thumb, 124 bytes, Stack size 0 bytes, sins.o(.text), UNUSED)

<P><STRONG><a name="[c0]"></a>SINS_Prepare</STRONG> (Thumb, 182 bytes, Stack size 8 bytes, sins.o(.text))
<BR><BR>[Stack]<UL><LI>Max Depth = 288<LI>Call Chain = SINS_Prepare &rArr; imuComputeRotationMatrix &rArr; __hardfp_sin &rArr; __ieee754_rem_pio2 &rArr; __aeabi_dadd &rArr; _double_epilogue &rArr; _double_round
</UL>
<BR>[Calls]<UL><LI><a href="#[c1]">&gt;&gt;</a>&nbsp;&nbsp;&nbsp;Vector_From_BodyFrame2EarthFrame
<LI><a href="#[bf]">&gt;&gt;</a>&nbsp;&nbsp;&nbsp;imuComputeRotationMatrix
</UL>
<BR>[Called By]<UL><LI><a href="#[aa]">&gt;&gt;</a>&nbsp;&nbsp;&nbsp;Strapdown_INS_High
</UL>

<P><STRONG><a name="[aa]"></a>Strapdown_INS_High</STRONG> (Thumb, 388 bytes, Stack size 16 bytes, sins.o(.text))
<BR><BR>[Stack]<UL><LI>Max Depth = 304<LI>Call Chain = Strapdown_INS_High &rArr; SINS_Prepare &rArr; imuComputeRotationMatrix &rArr; __hardfp_sin &rArr; __ieee754_rem_pio2 &rArr; __aeabi_dadd &rArr; _double_epilogue &rArr; _double_round
</UL>
<BR>[Calls]<UL><LI><a href="#[c0]">&gt;&gt;</a>&nbsp;&nbsp;&nbsp;SINS_Prepare
</UL>
<BR>[Called By]<UL><LI><a href="#[82]">&gt;&gt;</a>&nbsp;&nbsp;&nbsp;Height_Update
</UL>

<P><STRONG><a name="[ab]"></a>Strapdown_INS_Horizontal</STRONG> (Thumb, 706 bytes, Stack size 0 bytes, sins.o(.text))
<BR><BR>[Called By]<UL><LI><a href="#[82]">&gt;&gt;</a>&nbsp;&nbsp;&nbsp;Height_Update
</UL>

<P><STRONG><a name="[62]"></a>TF_Mini_Plus_Get_One_Byte</STRONG> (Thumb, 218 bytes, Stack size 0 bytes, tf_mini_plus.o(.text))
<BR><BR>[Called By]<UL><LI><a href="#[17]">&gt;&gt;</a>&nbsp;&nbsp;&nbsp;UartRxDecodeTask
</UL>

<P><STRONG><a name="[1cd]"></a>TF_Mini_Plus_Update</STRONG> (Thumb, 40 bytes, Stack size 8 bytes, tf_mini_plus.o(.text), UNUSED)

<P><STRONG><a name="[2c]"></a>Led_Init</STRONG> (Thumb, 352 bytes, Stack size 8 bytes, led.o(.text))
<BR><BR>[Stack]<UL><LI>Max Depth = 8<LI>Call Chain = Led_Init
</UL>
<BR>[Called By]<UL><LI><a href="#[11]">&gt;&gt;</a>&nbsp;&nbsp;&nbsp;main
<LI><a href="#[c2]">&gt;&gt;</a>&nbsp;&nbsp;&nbsp;Led_Test
</UL>

<P><STRONG><a name="[1ce]"></a>IsKeyPressed</STRONG> (Thumb, 16 bytes, Stack size 0 bytes, led.o(.text), UNUSED)

<P><STRONG><a name="[1cf]"></a>IsLittleCicle</STRONG> (Thumb, 14 bytes, Stack size 0 bytes, led.o(.text), UNUSED)

<P><STRONG><a name="[1d0]"></a>IsClockWise</STRONG> (Thumb, 16 bytes, Stack size 0 bytes, led.o(.text), UNUSED)

<P><STRONG><a name="[1d1]"></a>IsTakeOffMiddle</STRONG> (Thumb, 14 bytes, Stack size 0 bytes, led.o(.text), UNUSED)

<P><STRONG><a name="[c2]"></a>Led_Test</STRONG> (Thumb, 256 bytes, Stack size 0 bytes, led.o(.text), UNUSED)
<BR><BR>[Calls]<UL><LI><a href="#[4c]">&gt;&gt;</a>&nbsp;&nbsp;&nbsp;GPIOPinWrite
<LI><a href="#[2c]">&gt;&gt;</a>&nbsp;&nbsp;&nbsp;Led_Init
<LI><a href="#[23]">&gt;&gt;</a>&nbsp;&nbsp;&nbsp;SysCtlDelay
</UL>

<P><STRONG><a name="[2e]"></a>EEPROM_Init</STRONG> (Thumb, 26 bytes, Stack size 8 bytes, drv_eeprom.o(.text))
<BR><BR>[Stack]<UL><LI>Max Depth = 20<LI>Call Chain = EEPROM_Init &rArr; EEPROMInit &rArr; SysCtlPeripheralReset
</UL>
<BR>[Calls]<UL><LI><a href="#[3b]">&gt;&gt;</a>&nbsp;&nbsp;&nbsp;SysCtlPeripheralEnable
<LI><a href="#[c3]">&gt;&gt;</a>&nbsp;&nbsp;&nbsp;SysCtlPeripheralReady
<LI><a href="#[c4]">&gt;&gt;</a>&nbsp;&nbsp;&nbsp;EEPROMInit
</UL>
<BR>[Called By]<UL><LI><a href="#[11]">&gt;&gt;</a>&nbsp;&nbsp;&nbsp;main
</UL>

<P><STRONG><a name="[c5]"></a>EEPROM_Test</STRONG> (Thumb, 70 bytes, Stack size 8 bytes, drv_eeprom.o(.text), UNUSED)
<BR><BR>[Calls]<UL><LI><a href="#[3b]">&gt;&gt;</a>&nbsp;&nbsp;&nbsp;SysCtlPeripheralEnable
<LI><a href="#[c3]">&gt;&gt;</a>&nbsp;&nbsp;&nbsp;SysCtlPeripheralReady
<LI><a href="#[c4]">&gt;&gt;</a>&nbsp;&nbsp;&nbsp;EEPROMInit
<LI><a href="#[94]">&gt;&gt;</a>&nbsp;&nbsp;&nbsp;EEPROMRead
<LI><a href="#[92]">&gt;&gt;</a>&nbsp;&nbsp;&nbsp;EEPROMProgram
</UL>

<P><STRONG><a name="[c6]"></a>ak8975_write_reg</STRONG> (Thumb, 22 bytes, Stack size 16 bytes, ak8975.o(.text))
<BR><BR>[Stack]<UL><LI>Max Depth = 64<LI>Call Chain = ak8975_write_reg &rArr; SPI1_Write_Byte &rArr; SPI1_ReadWriteByte
</UL>
<BR>[Calls]<UL><LI><a href="#[c7]">&gt;&gt;</a>&nbsp;&nbsp;&nbsp;SPI1_Write_Byte
</UL>
<BR>[Called By]<UL><LI><a href="#[6c]">&gt;&gt;</a>&nbsp;&nbsp;&nbsp;ak8975_init
<LI><a href="#[cc]">&gt;&gt;</a>&nbsp;&nbsp;&nbsp;ak8975_start
</UL>

<P><STRONG><a name="[c8]"></a>ak8975_read_reg</STRONG> (Thumb, 16 bytes, Stack size 8 bytes, ak8975.o(.text))
<BR><BR>[Stack]<UL><LI>Max Depth = 56<LI>Call Chain = ak8975_read_reg &rArr; SPI1_Read_Byte &rArr; SPI1_ReadWriteByte
</UL>
<BR>[Calls]<UL><LI><a href="#[c9]">&gt;&gt;</a>&nbsp;&nbsp;&nbsp;SPI1_Read_Byte
</UL>
<BR>[Called By]<UL><LI><a href="#[6c]">&gt;&gt;</a>&nbsp;&nbsp;&nbsp;ak8975_init
</UL>

<P><STRONG><a name="[ca]"></a>ak8975_read_buffer</STRONG> (Thumb, 28 bytes, Stack size 24 bytes, ak8975.o(.text))
<BR><BR>[Stack]<UL><LI>Max Depth = 80<LI>Call Chain = ak8975_read_buffer &rArr; SPI1_Read_Len &rArr; SPI1_ReadWriteByte
</UL>
<BR>[Calls]<UL><LI><a href="#[cb]">&gt;&gt;</a>&nbsp;&nbsp;&nbsp;SPI1_Read_Len
</UL>
<BR>[Called By]<UL><LI><a href="#[ce]">&gt;&gt;</a>&nbsp;&nbsp;&nbsp;ak8975_get_mag_adc
</UL>

<P><STRONG><a name="[cc]"></a>ak8975_start</STRONG> (Thumb, 12 bytes, Stack size 8 bytes, ak8975.o(.text))
<BR><BR>[Stack]<UL><LI>Max Depth = 72<LI>Call Chain = ak8975_start &rArr; ak8975_write_reg &rArr; SPI1_Write_Byte &rArr; SPI1_ReadWriteByte
</UL>
<BR>[Calls]<UL><LI><a href="#[c6]">&gt;&gt;</a>&nbsp;&nbsp;&nbsp;ak8975_write_reg
</UL>
<BR>[Called By]<UL><LI><a href="#[6c]">&gt;&gt;</a>&nbsp;&nbsp;&nbsp;ak8975_init
<LI><a href="#[ce]">&gt;&gt;</a>&nbsp;&nbsp;&nbsp;ak8975_get_mag_adc
</UL>

<P><STRONG><a name="[6c]"></a>ak8975_init</STRONG> (Thumb, 90 bytes, Stack size 16 bytes, ak8975.o(.text))
<BR><BR>[Stack]<UL><LI>Max Depth = 120<LI>Call Chain = ak8975_init &rArr; UARTprintf &rArr; UARTvprintf &rArr; UARTwrite
</UL>
<BR>[Calls]<UL><LI><a href="#[4b]">&gt;&gt;</a>&nbsp;&nbsp;&nbsp;UARTprintf
<LI><a href="#[cd]">&gt;&gt;</a>&nbsp;&nbsp;&nbsp;X_GPIO_Output_Init
<LI><a href="#[cc]">&gt;&gt;</a>&nbsp;&nbsp;&nbsp;ak8975_start
<LI><a href="#[c8]">&gt;&gt;</a>&nbsp;&nbsp;&nbsp;ak8975_read_reg
<LI><a href="#[c6]">&gt;&gt;</a>&nbsp;&nbsp;&nbsp;ak8975_write_reg
</UL>
<BR>[Called By]<UL><LI><a href="#[13]">&gt;&gt;</a>&nbsp;&nbsp;&nbsp;sensorsTask
</UL>

<P><STRONG><a name="[ce]"></a>ak8975_get_mag_adc</STRONG> (Thumb, 76 bytes, Stack size 16 bytes, ak8975.o(.text))
<BR><BR>[Stack]<UL><LI>Max Depth = 96<LI>Call Chain = ak8975_get_mag_adc &rArr; ak8975_read_buffer &rArr; SPI1_Read_Len &rArr; SPI1_ReadWriteByte
</UL>
<BR>[Calls]<UL><LI><a href="#[cc]">&gt;&gt;</a>&nbsp;&nbsp;&nbsp;ak8975_start
<LI><a href="#[ca]">&gt;&gt;</a>&nbsp;&nbsp;&nbsp;ak8975_read_buffer
</UL>
<BR>[Called By]<UL><LI><a href="#[b6]">&gt;&gt;</a>&nbsp;&nbsp;&nbsp;ak8975_get_mag
</UL>

<P><STRONG><a name="[b6]"></a>ak8975_get_mag</STRONG> (Thumb, 98 bytes, Stack size 16 bytes, ak8975.o(.text))
<BR><BR>[Stack]<UL><LI>Max Depth = 112<LI>Call Chain = ak8975_get_mag &rArr; ak8975_get_mag_adc &rArr; ak8975_read_buffer &rArr; SPI1_Read_Len &rArr; SPI1_ReadWriteByte
</UL>
<BR>[Calls]<UL><LI><a href="#[ce]">&gt;&gt;</a>&nbsp;&nbsp;&nbsp;ak8975_get_mag_adc
</UL>
<BR>[Called By]<UL><LI><a href="#[81]">&gt;&gt;</a>&nbsp;&nbsp;&nbsp;Mag_Update
</UL>

<P><STRONG><a name="[2f]"></a>SPI1_Init</STRONG> (Thumb, 90 bytes, Stack size 16 bytes, spi1.o(.text))
<BR><BR>[Stack]<UL><LI>Max Depth = 52<LI>Call Chain = SPI1_Init &rArr; GPIOPinTypeSSI &rArr; GPIOPadConfigSet
</UL>
<BR>[Calls]<UL><LI><a href="#[3b]">&gt;&gt;</a>&nbsp;&nbsp;&nbsp;SysCtlPeripheralEnable
<LI><a href="#[3c]">&gt;&gt;</a>&nbsp;&nbsp;&nbsp;GPIOPinConfigure
<LI><a href="#[d0]">&gt;&gt;</a>&nbsp;&nbsp;&nbsp;SysCtlClockGet
<LI><a href="#[d2]">&gt;&gt;</a>&nbsp;&nbsp;&nbsp;SSIEnable
<LI><a href="#[d1]">&gt;&gt;</a>&nbsp;&nbsp;&nbsp;SSIConfigSetExpClk
<LI><a href="#[cf]">&gt;&gt;</a>&nbsp;&nbsp;&nbsp;GPIOPinTypeSSI
</UL>
<BR>[Called By]<UL><LI><a href="#[11]">&gt;&gt;</a>&nbsp;&nbsp;&nbsp;main
</UL>

<P><STRONG><a name="[d3]"></a>SPI1_ReadWriteByte</STRONG> (Thumb, 80 bytes, Stack size 24 bytes, spi1.o(.text))
<BR><BR>[Stack]<UL><LI>Max Depth = 24<LI>Call Chain = SPI1_ReadWriteByte
</UL>
<BR>[Calls]<UL><LI><a href="#[d6]">&gt;&gt;</a>&nbsp;&nbsp;&nbsp;SSIDataGet
<LI><a href="#[d5]">&gt;&gt;</a>&nbsp;&nbsp;&nbsp;SSIDataPut
<LI><a href="#[d4]">&gt;&gt;</a>&nbsp;&nbsp;&nbsp;SSIBusy
</UL>
<BR>[Called By]<UL><LI><a href="#[c7]">&gt;&gt;</a>&nbsp;&nbsp;&nbsp;SPI1_Write_Byte
<LI><a href="#[cb]">&gt;&gt;</a>&nbsp;&nbsp;&nbsp;SPI1_Read_Len
<LI><a href="#[c9]">&gt;&gt;</a>&nbsp;&nbsp;&nbsp;SPI1_Read_Byte
</UL>

<P><STRONG><a name="[cb]"></a>SPI1_Read_Len</STRONG> (Thumb, 90 bytes, Stack size 32 bytes, spi1.o(.text))
<BR><BR>[Stack]<UL><LI>Max Depth = 56<LI>Call Chain = SPI1_Read_Len &rArr; SPI1_ReadWriteByte
</UL>
<BR>[Calls]<UL><LI><a href="#[d3]">&gt;&gt;</a>&nbsp;&nbsp;&nbsp;SPI1_ReadWriteByte
</UL>
<BR>[Called By]<UL><LI><a href="#[f1]">&gt;&gt;</a>&nbsp;&nbsp;&nbsp;spl06_read_buffer
<LI><a href="#[e3]">&gt;&gt;</a>&nbsp;&nbsp;&nbsp;icm20602_read_buffer
<LI><a href="#[ca]">&gt;&gt;</a>&nbsp;&nbsp;&nbsp;ak8975_read_buffer
</UL>

<P><STRONG><a name="[c7]"></a>SPI1_Write_Byte</STRONG> (Thumb, 46 bytes, Stack size 24 bytes, spi1.o(.text))
<BR><BR>[Stack]<UL><LI>Max Depth = 48<LI>Call Chain = SPI1_Write_Byte &rArr; SPI1_ReadWriteByte
</UL>
<BR>[Calls]<UL><LI><a href="#[d3]">&gt;&gt;</a>&nbsp;&nbsp;&nbsp;SPI1_ReadWriteByte
</UL>
<BR>[Called By]<UL><LI><a href="#[ef]">&gt;&gt;</a>&nbsp;&nbsp;&nbsp;spl06_write_reg
<LI><a href="#[e8]">&gt;&gt;</a>&nbsp;&nbsp;&nbsp;icm20602_write_reg
<LI><a href="#[c6]">&gt;&gt;</a>&nbsp;&nbsp;&nbsp;ak8975_write_reg
</UL>

<P><STRONG><a name="[c9]"></a>SPI1_Read_Byte</STRONG> (Thumb, 50 bytes, Stack size 24 bytes, spi1.o(.text))
<BR><BR>[Stack]<UL><LI>Max Depth = 48<LI>Call Chain = SPI1_Read_Byte &rArr; SPI1_ReadWriteByte
</UL>
<BR>[Calls]<UL><LI><a href="#[d3]">&gt;&gt;</a>&nbsp;&nbsp;&nbsp;SPI1_ReadWriteByte
</UL>
<BR>[Called By]<UL><LI><a href="#[f0]">&gt;&gt;</a>&nbsp;&nbsp;&nbsp;spl06_read_reg
<LI><a href="#[e9]">&gt;&gt;</a>&nbsp;&nbsp;&nbsp;icm20602_read_reg
<LI><a href="#[c8]">&gt;&gt;</a>&nbsp;&nbsp;&nbsp;ak8975_read_reg
</UL>

<P><STRONG><a name="[d8]"></a>delay_us</STRONG> (Thumb, 16 bytes, Stack size 0 bytes, delay.o(.text))
<BR><BR>[Called By]<UL><LI><a href="#[d7]">&gt;&gt;</a>&nbsp;&nbsp;&nbsp;delay_ms
</UL>

<P><STRONG><a name="[d7]"></a>delay_ms</STRONG> (Thumb, 18 bytes, Stack size 8 bytes, delay.o(.text))
<BR><BR>[Stack]<UL><LI>Max Depth = 8<LI>Call Chain = delay_ms
</UL>
<BR>[Calls]<UL><LI><a href="#[d8]">&gt;&gt;</a>&nbsp;&nbsp;&nbsp;delay_us
</UL>
<BR>[Called By]<UL><LI><a href="#[6a]">&gt;&gt;</a>&nbsp;&nbsp;&nbsp;spl06_init
<LI><a href="#[6b]">&gt;&gt;</a>&nbsp;&nbsp;&nbsp;icm20602_init
</UL>

<P><STRONG><a name="[cd]"></a>X_GPIO_Output_Init</STRONG> (Thumb, 48 bytes, Stack size 16 bytes, x_gpio.o(.text))
<BR><BR>[Stack]<UL><LI>Max Depth = 40<LI>Call Chain = X_GPIO_Output_Init &rArr; GPIOPadConfigSet
</UL>
<BR>[Calls]<UL><LI><a href="#[4c]">&gt;&gt;</a>&nbsp;&nbsp;&nbsp;GPIOPinWrite
<LI><a href="#[3b]">&gt;&gt;</a>&nbsp;&nbsp;&nbsp;SysCtlPeripheralEnable
<LI><a href="#[d9]">&gt;&gt;</a>&nbsp;&nbsp;&nbsp;GPIOPadConfigSet
<LI><a href="#[da]">&gt;&gt;</a>&nbsp;&nbsp;&nbsp;GPIODirModeSet
</UL>
<BR>[Called By]<UL><LI><a href="#[6a]">&gt;&gt;</a>&nbsp;&nbsp;&nbsp;spl06_init
<LI><a href="#[6b]">&gt;&gt;</a>&nbsp;&nbsp;&nbsp;icm20602_init
<LI><a href="#[6c]">&gt;&gt;</a>&nbsp;&nbsp;&nbsp;ak8975_init
</UL>

<P><STRONG><a name="[db]"></a>X_GPIO_Input_Init</STRONG> (Thumb, 48 bytes, Stack size 16 bytes, x_gpio.o(.text), UNUSED)
<BR><BR>[Calls]<UL><LI><a href="#[4c]">&gt;&gt;</a>&nbsp;&nbsp;&nbsp;GPIOPinWrite
<LI><a href="#[3b]">&gt;&gt;</a>&nbsp;&nbsp;&nbsp;SysCtlPeripheralEnable
<LI><a href="#[d9]">&gt;&gt;</a>&nbsp;&nbsp;&nbsp;GPIOPadConfigSet
<LI><a href="#[da]">&gt;&gt;</a>&nbsp;&nbsp;&nbsp;GPIODirModeSet
</UL>

<P><STRONG><a name="[bb]"></a>PWM_Output_Init</STRONG> (Thumb, 284 bytes, Stack size 8 bytes, m0_pwm.o(.text))
<BR><BR>[Stack]<UL><LI>Max Depth = 44<LI>Call Chain = PWM_Output_Init &rArr; GPIOPinTypePWM &rArr; GPIOPadConfigSet
</UL>
<BR>[Calls]<UL><LI><a href="#[3b]">&gt;&gt;</a>&nbsp;&nbsp;&nbsp;SysCtlPeripheralEnable
<LI><a href="#[3c]">&gt;&gt;</a>&nbsp;&nbsp;&nbsp;GPIOPinConfigure
<LI><a href="#[dc]">&gt;&gt;</a>&nbsp;&nbsp;&nbsp;SysCtlPWMClockSet
<LI><a href="#[e2]">&gt;&gt;</a>&nbsp;&nbsp;&nbsp;PWMPulseWidthSet
<LI><a href="#[e1]">&gt;&gt;</a>&nbsp;&nbsp;&nbsp;PWMOutputState
<LI><a href="#[df]">&gt;&gt;</a>&nbsp;&nbsp;&nbsp;PWMGenPeriodSet
<LI><a href="#[e0]">&gt;&gt;</a>&nbsp;&nbsp;&nbsp;PWMGenEnable
<LI><a href="#[de]">&gt;&gt;</a>&nbsp;&nbsp;&nbsp;PWMGenConfigure
<LI><a href="#[dd]">&gt;&gt;</a>&nbsp;&nbsp;&nbsp;GPIOPinTypePWM
<LI><a href="#[23]">&gt;&gt;</a>&nbsp;&nbsp;&nbsp;SysCtlDelay
<LI><a href="#[d0]">&gt;&gt;</a>&nbsp;&nbsp;&nbsp;SysCtlClockGet
</UL>
<BR>[Called By]<UL><LI><a href="#[2d]">&gt;&gt;</a>&nbsp;&nbsp;&nbsp;Motors_Init
</UL>

<P><STRONG><a name="[ba]"></a>Set_4_Motors</STRONG> (Thumb, 88 bytes, Stack size 40 bytes, m0_pwm.o(.text))
<BR><BR>[Stack]<UL><LI>Max Depth = 40<LI>Call Chain = Set_4_Motors
</UL>
<BR>[Calls]<UL><LI><a href="#[e2]">&gt;&gt;</a>&nbsp;&nbsp;&nbsp;PWMPulseWidthSet
</UL>
<BR>[Called By]<UL><LI><a href="#[76]">&gt;&gt;</a>&nbsp;&nbsp;&nbsp;Set_Zero_Motors
<LI><a href="#[74]">&gt;&gt;</a>&nbsp;&nbsp;&nbsp;Set_PWM_Motors
<LI><a href="#[75]">&gt;&gt;</a>&nbsp;&nbsp;&nbsp;Set_IDLE_Motors
<LI><a href="#[bc]">&gt;&gt;</a>&nbsp;&nbsp;&nbsp;Set_Throttle_Motors
</UL>

<P><STRONG><a name="[e3]"></a>icm20602_read_buffer</STRONG> (Thumb, 28 bytes, Stack size 24 bytes, icm20602.o(.text))
<BR><BR>[Stack]<UL><LI>Max Depth = 80<LI>Call Chain = icm20602_read_buffer &rArr; SPI1_Read_Len &rArr; SPI1_ReadWriteByte
</UL>
<BR>[Calls]<UL><LI><a href="#[cb]">&gt;&gt;</a>&nbsp;&nbsp;&nbsp;SPI1_Read_Len
</UL>
<BR>[Called By]<UL><LI><a href="#[ee]">&gt;&gt;</a>&nbsp;&nbsp;&nbsp;icm20602_get_temp
<LI><a href="#[e5]">&gt;&gt;</a>&nbsp;&nbsp;&nbsp;icm20602_get_gyro_adc
<LI><a href="#[e4]">&gt;&gt;</a>&nbsp;&nbsp;&nbsp;icm20602_get_accel_adc
</UL>

<P><STRONG><a name="[e4]"></a>icm20602_get_accel_adc</STRONG> (Thumb, 76 bytes, Stack size 24 bytes, icm20602.o(.text), UNUSED)
<BR><BR>[Calls]<UL><LI><a href="#[e3]">&gt;&gt;</a>&nbsp;&nbsp;&nbsp;icm20602_read_buffer
</UL>
<BR>[Called By]<UL><LI><a href="#[ed]">&gt;&gt;</a>&nbsp;&nbsp;&nbsp;icm20602_get_accel
<LI><a href="#[e6]">&gt;&gt;</a>&nbsp;&nbsp;&nbsp;ICM_20602_Update
</UL>

<P><STRONG><a name="[e5]"></a>icm20602_get_gyro_adc</STRONG> (Thumb, 76 bytes, Stack size 24 bytes, icm20602.o(.text))
<BR><BR>[Stack]<UL><LI>Max Depth = 104<LI>Call Chain = icm20602_get_gyro_adc &rArr; icm20602_read_buffer &rArr; SPI1_Read_Len &rArr; SPI1_ReadWriteByte
</UL>
<BR>[Calls]<UL><LI><a href="#[e3]">&gt;&gt;</a>&nbsp;&nbsp;&nbsp;icm20602_read_buffer
</UL>
<BR>[Called By]<UL><LI><a href="#[71]">&gt;&gt;</a>&nbsp;&nbsp;&nbsp;get_gyro_zero
<LI><a href="#[ec]">&gt;&gt;</a>&nbsp;&nbsp;&nbsp;icm20602_get_gyro
<LI><a href="#[e6]">&gt;&gt;</a>&nbsp;&nbsp;&nbsp;ICM_20602_Update
</UL>

<P><STRONG><a name="[e6]"></a>ICM_20602_Update</STRONG> (Thumb, 488 bytes, Stack size 8 bytes, icm20602.o(.text), UNUSED)
<BR><BR>[Calls]<UL><LI><a href="#[e5]">&gt;&gt;</a>&nbsp;&nbsp;&nbsp;icm20602_get_gyro_adc
<LI><a href="#[e4]">&gt;&gt;</a>&nbsp;&nbsp;&nbsp;icm20602_get_accel_adc
<LI><a href="#[e7]">&gt;&gt;</a>&nbsp;&nbsp;&nbsp;Butterworth30HzLPF
</UL>

<P><STRONG><a name="[71]"></a>get_gyro_zero</STRONG> (Thumb, 164 bytes, Stack size 32 bytes, icm20602.o(.text))
<BR><BR>[Stack]<UL><LI>Max Depth = 136<LI>Call Chain = get_gyro_zero &rArr; icm20602_get_gyro_adc &rArr; icm20602_read_buffer &rArr; SPI1_Read_Len &rArr; SPI1_ReadWriteByte
</UL>
<BR>[Calls]<UL><LI><a href="#[e5]">&gt;&gt;</a>&nbsp;&nbsp;&nbsp;icm20602_get_gyro_adc
</UL>
<BR>[Called By]<UL><LI><a href="#[13]">&gt;&gt;</a>&nbsp;&nbsp;&nbsp;sensorsTask
</UL>

<P><STRONG><a name="[e8]"></a>icm20602_write_reg</STRONG> (Thumb, 22 bytes, Stack size 16 bytes, icm20602.o(.text))
<BR><BR>[Stack]<UL><LI>Max Depth = 64<LI>Call Chain = icm20602_write_reg &rArr; SPI1_Write_Byte &rArr; SPI1_ReadWriteByte
</UL>
<BR>[Calls]<UL><LI><a href="#[c7]">&gt;&gt;</a>&nbsp;&nbsp;&nbsp;SPI1_Write_Byte
</UL>
<BR>[Called By]<UL><LI><a href="#[6b]">&gt;&gt;</a>&nbsp;&nbsp;&nbsp;icm20602_init
<LI><a href="#[eb]">&gt;&gt;</a>&nbsp;&nbsp;&nbsp;icm20602_set_accel_fullscale
<LI><a href="#[ea]">&gt;&gt;</a>&nbsp;&nbsp;&nbsp;icm20602_set_gyro_fullscale
</UL>

<P><STRONG><a name="[e9]"></a>icm20602_read_reg</STRONG> (Thumb, 16 bytes, Stack size 8 bytes, icm20602.o(.text))
<BR><BR>[Stack]<UL><LI>Max Depth = 56<LI>Call Chain = icm20602_read_reg &rArr; SPI1_Read_Byte &rArr; SPI1_ReadWriteByte
</UL>
<BR>[Calls]<UL><LI><a href="#[c9]">&gt;&gt;</a>&nbsp;&nbsp;&nbsp;SPI1_Read_Byte
</UL>
<BR>[Called By]<UL><LI><a href="#[6b]">&gt;&gt;</a>&nbsp;&nbsp;&nbsp;icm20602_init
</UL>

<P><STRONG><a name="[ea]"></a>icm20602_set_gyro_fullscale</STRONG> (Thumb, 112 bytes, Stack size 8 bytes, icm20602.o(.text))
<BR><BR>[Stack]<UL><LI>Max Depth = 72<LI>Call Chain = icm20602_set_gyro_fullscale &rArr; icm20602_write_reg &rArr; SPI1_Write_Byte &rArr; SPI1_ReadWriteByte
</UL>
<BR>[Calls]<UL><LI><a href="#[e8]">&gt;&gt;</a>&nbsp;&nbsp;&nbsp;icm20602_write_reg
</UL>
<BR>[Called By]<UL><LI><a href="#[6b]">&gt;&gt;</a>&nbsp;&nbsp;&nbsp;icm20602_init
</UL>

<P><STRONG><a name="[eb]"></a>icm20602_set_accel_fullscale</STRONG> (Thumb, 162 bytes, Stack size 8 bytes, icm20602.o(.text))
<BR><BR>[Stack]<UL><LI>Max Depth = 72<LI>Call Chain = icm20602_set_accel_fullscale &rArr; icm20602_write_reg &rArr; SPI1_Write_Byte &rArr; SPI1_ReadWriteByte
</UL>
<BR>[Calls]<UL><LI><a href="#[e8]">&gt;&gt;</a>&nbsp;&nbsp;&nbsp;icm20602_write_reg
</UL>
<BR>[Called By]<UL><LI><a href="#[6b]">&gt;&gt;</a>&nbsp;&nbsp;&nbsp;icm20602_init
</UL>

<P><STRONG><a name="[6b]"></a>icm20602_init</STRONG> (Thumb, 244 bytes, Stack size 8 bytes, icm20602.o(.text))
<BR><BR>[Stack]<UL><LI>Max Depth = 80<LI>Call Chain = icm20602_init &rArr; icm20602_set_accel_fullscale &rArr; icm20602_write_reg &rArr; SPI1_Write_Byte &rArr; SPI1_ReadWriteByte
</UL>
<BR>[Calls]<UL><LI><a href="#[eb]">&gt;&gt;</a>&nbsp;&nbsp;&nbsp;icm20602_set_accel_fullscale
<LI><a href="#[ea]">&gt;&gt;</a>&nbsp;&nbsp;&nbsp;icm20602_set_gyro_fullscale
<LI><a href="#[e9]">&gt;&gt;</a>&nbsp;&nbsp;&nbsp;icm20602_read_reg
<LI><a href="#[e8]">&gt;&gt;</a>&nbsp;&nbsp;&nbsp;icm20602_write_reg
<LI><a href="#[d7]">&gt;&gt;</a>&nbsp;&nbsp;&nbsp;delay_ms
<LI><a href="#[cd]">&gt;&gt;</a>&nbsp;&nbsp;&nbsp;X_GPIO_Output_Init
<LI><a href="#[28]">&gt;&gt;</a>&nbsp;&nbsp;&nbsp;__2printf
</UL>
<BR>[Called By]<UL><LI><a href="#[13]">&gt;&gt;</a>&nbsp;&nbsp;&nbsp;sensorsTask
</UL>

<P><STRONG><a name="[ec]"></a>icm20602_get_gyro</STRONG> (Thumb, 102 bytes, Stack size 16 bytes, icm20602.o(.text), UNUSED)
<BR><BR>[Calls]<UL><LI><a href="#[e5]">&gt;&gt;</a>&nbsp;&nbsp;&nbsp;icm20602_get_gyro_adc
</UL>

<P><STRONG><a name="[ed]"></a>icm20602_get_accel</STRONG> (Thumb, 102 bytes, Stack size 16 bytes, icm20602.o(.text), UNUSED)
<BR><BR>[Calls]<UL><LI><a href="#[e4]">&gt;&gt;</a>&nbsp;&nbsp;&nbsp;icm20602_get_accel_adc
</UL>

<P><STRONG><a name="[ee]"></a>icm20602_get_temp</STRONG> (Thumb, 60 bytes, Stack size 16 bytes, icm20602.o(.text), UNUSED)
<BR><BR>[Calls]<UL><LI><a href="#[e3]">&gt;&gt;</a>&nbsp;&nbsp;&nbsp;icm20602_read_buffer
</UL>

<P><STRONG><a name="[ef]"></a>spl06_write_reg</STRONG> (Thumb, 22 bytes, Stack size 16 bytes, spl06.o(.text))
<BR><BR>[Stack]<UL><LI>Max Depth = 64<LI>Call Chain = spl06_write_reg &rArr; SPI1_Write_Byte &rArr; SPI1_ReadWriteByte
</UL>
<BR>[Calls]<UL><LI><a href="#[c7]">&gt;&gt;</a>&nbsp;&nbsp;&nbsp;SPI1_Write_Byte
</UL>
<BR>[Called By]<UL><LI><a href="#[6a]">&gt;&gt;</a>&nbsp;&nbsp;&nbsp;spl06_init
<LI><a href="#[f4]">&gt;&gt;</a>&nbsp;&nbsp;&nbsp;spl06_config_pressure
<LI><a href="#[f3]">&gt;&gt;</a>&nbsp;&nbsp;&nbsp;spl06_config_temperature
<LI><a href="#[f2]">&gt;&gt;</a>&nbsp;&nbsp;&nbsp;spl06_start
</UL>

<P><STRONG><a name="[f0]"></a>spl06_read_reg</STRONG> (Thumb, 16 bytes, Stack size 8 bytes, spl06.o(.text))
<BR><BR>[Stack]<UL><LI>Max Depth = 56<LI>Call Chain = spl06_read_reg &rArr; SPI1_Read_Byte &rArr; SPI1_ReadWriteByte
</UL>
<BR>[Calls]<UL><LI><a href="#[c9]">&gt;&gt;</a>&nbsp;&nbsp;&nbsp;SPI1_Read_Byte
</UL>
<BR>[Called By]<UL><LI><a href="#[6a]">&gt;&gt;</a>&nbsp;&nbsp;&nbsp;spl06_init
<LI><a href="#[f4]">&gt;&gt;</a>&nbsp;&nbsp;&nbsp;spl06_config_pressure
<LI><a href="#[f3]">&gt;&gt;</a>&nbsp;&nbsp;&nbsp;spl06_config_temperature
</UL>

<P><STRONG><a name="[f1]"></a>spl06_read_buffer</STRONG> (Thumb, 28 bytes, Stack size 24 bytes, spl06.o(.text))
<BR><BR>[Stack]<UL><LI>Max Depth = 80<LI>Call Chain = spl06_read_buffer &rArr; SPI1_Read_Len &rArr; SPI1_ReadWriteByte
</UL>
<BR>[Calls]<UL><LI><a href="#[cb]">&gt;&gt;</a>&nbsp;&nbsp;&nbsp;SPI1_Read_Len
</UL>
<BR>[Called By]<UL><LI><a href="#[6a]">&gt;&gt;</a>&nbsp;&nbsp;&nbsp;spl06_init
<LI><a href="#[f7]">&gt;&gt;</a>&nbsp;&nbsp;&nbsp;spl06_get_temperature_adc
<LI><a href="#[f6]">&gt;&gt;</a>&nbsp;&nbsp;&nbsp;spl06_get_pressure_adc
</UL>

<P><STRONG><a name="[f2]"></a>spl06_start</STRONG> (Thumb, 14 bytes, Stack size 8 bytes, spl06.o(.text))
<BR><BR>[Stack]<UL><LI>Max Depth = 72<LI>Call Chain = spl06_start &rArr; spl06_write_reg &rArr; SPI1_Write_Byte &rArr; SPI1_ReadWriteByte
</UL>
<BR>[Calls]<UL><LI><a href="#[ef]">&gt;&gt;</a>&nbsp;&nbsp;&nbsp;spl06_write_reg
</UL>
<BR>[Called By]<UL><LI><a href="#[6a]">&gt;&gt;</a>&nbsp;&nbsp;&nbsp;spl06_init
</UL>

<P><STRONG><a name="[f3]"></a>spl06_config_temperature</STRONG> (Thumb, 178 bytes, Stack size 16 bytes, spl06.o(.text))
<BR><BR>[Stack]<UL><LI>Max Depth = 80<LI>Call Chain = spl06_config_temperature &rArr; spl06_write_reg &rArr; SPI1_Write_Byte &rArr; SPI1_ReadWriteByte
</UL>
<BR>[Calls]<UL><LI><a href="#[f0]">&gt;&gt;</a>&nbsp;&nbsp;&nbsp;spl06_read_reg
<LI><a href="#[ef]">&gt;&gt;</a>&nbsp;&nbsp;&nbsp;spl06_write_reg
</UL>
<BR>[Called By]<UL><LI><a href="#[6a]">&gt;&gt;</a>&nbsp;&nbsp;&nbsp;spl06_init
</UL>

<P><STRONG><a name="[f4]"></a>spl06_config_pressure</STRONG> (Thumb, 174 bytes, Stack size 16 bytes, spl06.o(.text))
<BR><BR>[Stack]<UL><LI>Max Depth = 80<LI>Call Chain = spl06_config_pressure &rArr; spl06_write_reg &rArr; SPI1_Write_Byte &rArr; SPI1_ReadWriteByte
</UL>
<BR>[Calls]<UL><LI><a href="#[f0]">&gt;&gt;</a>&nbsp;&nbsp;&nbsp;spl06_read_reg
<LI><a href="#[ef]">&gt;&gt;</a>&nbsp;&nbsp;&nbsp;spl06_write_reg
</UL>
<BR>[Called By]<UL><LI><a href="#[6a]">&gt;&gt;</a>&nbsp;&nbsp;&nbsp;spl06_init
</UL>

<P><STRONG><a name="[6a]"></a>spl06_init</STRONG> (Thumb, 524 bytes, Stack size 32 bytes, spl06.o(.text))
<BR><BR>[Stack]<UL><LI>Max Depth = 112<LI>Call Chain = spl06_init &rArr; spl06_config_pressure &rArr; spl06_write_reg &rArr; SPI1_Write_Byte &rArr; SPI1_ReadWriteByte
</UL>
<BR>[Calls]<UL><LI><a href="#[f4]">&gt;&gt;</a>&nbsp;&nbsp;&nbsp;spl06_config_pressure
<LI><a href="#[f3]">&gt;&gt;</a>&nbsp;&nbsp;&nbsp;spl06_config_temperature
<LI><a href="#[f2]">&gt;&gt;</a>&nbsp;&nbsp;&nbsp;spl06_start
<LI><a href="#[f1]">&gt;&gt;</a>&nbsp;&nbsp;&nbsp;spl06_read_buffer
<LI><a href="#[f0]">&gt;&gt;</a>&nbsp;&nbsp;&nbsp;spl06_read_reg
<LI><a href="#[ef]">&gt;&gt;</a>&nbsp;&nbsp;&nbsp;spl06_write_reg
<LI><a href="#[d7]">&gt;&gt;</a>&nbsp;&nbsp;&nbsp;delay_ms
<LI><a href="#[cd]">&gt;&gt;</a>&nbsp;&nbsp;&nbsp;X_GPIO_Output_Init
<LI><a href="#[28]">&gt;&gt;</a>&nbsp;&nbsp;&nbsp;__2printf
<LI><a href="#[f5]">&gt;&gt;</a>&nbsp;&nbsp;&nbsp;puts
</UL>
<BR>[Called By]<UL><LI><a href="#[13]">&gt;&gt;</a>&nbsp;&nbsp;&nbsp;sensorsTask
</UL>

<P><STRONG><a name="[f6]"></a>spl06_get_pressure_adc</STRONG> (Thumb, 332 bytes, Stack size 16 bytes, spl06.o(.text))
<BR><BR>[Stack]<UL><LI>Max Depth = 96<LI>Call Chain = spl06_get_pressure_adc &rArr; spl06_read_buffer &rArr; SPI1_Read_Len &rArr; SPI1_ReadWriteByte
</UL>
<BR>[Calls]<UL><LI><a href="#[f1]">&gt;&gt;</a>&nbsp;&nbsp;&nbsp;spl06_read_buffer
</UL>
<BR>[Called By]<UL><LI><a href="#[6e]">&gt;&gt;</a>&nbsp;&nbsp;&nbsp;spl06_update
</UL>

<P><STRONG><a name="[f7]"></a>spl06_get_temperature_adc</STRONG> (Thumb, 52 bytes, Stack size 16 bytes, spl06.o(.text))
<BR><BR>[Stack]<UL><LI>Max Depth = 96<LI>Call Chain = spl06_get_temperature_adc &rArr; spl06_read_buffer &rArr; SPI1_Read_Len &rArr; SPI1_ReadWriteByte
</UL>
<BR>[Calls]<UL><LI><a href="#[f1]">&gt;&gt;</a>&nbsp;&nbsp;&nbsp;spl06_read_buffer
</UL>
<BR>[Called By]<UL><LI><a href="#[6e]">&gt;&gt;</a>&nbsp;&nbsp;&nbsp;spl06_update
</UL>

<P><STRONG><a name="[f8]"></a>spl06_update_pressure</STRONG> (Thumb, 232 bytes, Stack size 0 bytes, spl06.o(.text))
<BR><BR>[Called By]<UL><LI><a href="#[6e]">&gt;&gt;</a>&nbsp;&nbsp;&nbsp;spl06_update
</UL>

[...]
<BR><BR>[Calls]<UL><LI><a href="#[191]">&gt;&gt;</a>&nbsp;&nbsp;&nbsp;_dsqrt
<LI><a href="#[19a]">&gt;&gt;</a>&nbsp;&nbsp;&nbsp;__set_errno
</UL>
<BR>[Called By]<UL><LI><a href="#[af]">&gt;&gt;</a>&nbsp;&nbsp;&nbsp;__hardfp_asin
</UL>

<P><STRONG><a name="[fd]"></a>uDMAChannelAssign</STRONG> (Thumb, 40 bytes, Stack size 0 bytes, udma.o(i.uDMAChannelAssign))
<BR><BR>[Called By]<UL><LI><a href="#[37]">&gt;&gt;</a>&nbsp;&nbsp;&nbsp;UART7_DMA_Init
<LI><a href="#[34]">&gt;&gt;</a>&nbsp;&nbsp;&nbsp;UART4_DMA_Init
<LI><a href="#[33]">&gt;&gt;</a>&nbsp;&nbsp;&nbsp;UART3_DMA_Init
<LI><a href="#[32]">&gt;&gt;</a>&nbsp;&nbsp;&nbsp;UART2_DMA_Init
</UL>

<P><STRONG><a name="[65]"></a>uDMAChannelSizeGet</STRONG> (Thumb, 28 bytes, Stack size 0 bytes, udma.o(i.uDMAChannelSizeGet))
<BR><BR>[Called By]<UL><LI><a href="#[17]">&gt;&gt;</a>&nbsp;&nbsp;&nbsp;UartRxDecodeTask
</UL>
<P>
<H3>
Local Symbols
</H3>
<P><STRONG><a name="[bd]"></a>AnoOF_DataAnl</STRONG> (Thumb, 340 bytes, Stack size 12 bytes, optical.o(.text))
<BR><BR>[Stack]<UL><LI>Max Depth = 12<LI>Call Chain = AnoOF_DataAnl
</UL>
<BR>[Called By]<UL><LI><a href="#[60]">&gt;&gt;</a>&nbsp;&nbsp;&nbsp;AnoOF_GetOneByte
</UL>

<P><STRONG><a name="[2]"></a>NmiSR</STRONG> (Thumb, 0 bytes, Stack size unknown bytes, startup_rvmdk.o(RESET))
<BR><BR>[Calls]<UL><LI><a href="#[2]">&gt;&gt;</a>&nbsp;&nbsp;&nbsp;NmiSR
</UL>
<BR>[Called By]<UL><LI><a href="#[2]">&gt;&gt;</a>&nbsp;&nbsp;&nbsp;NmiSR
</UL>
<BR>[Address Reference Count : 1]<UL><LI> startup_rvmdk.o(RESET)
</UL>
<P><STRONG><a name="[3]"></a>FaultISR</STRONG> (Thumb, 0 bytes, Stack size unknown bytes, startup_rvmdk.o(RESET))
<BR><BR>[Calls]<UL><LI><a href="#[3]">&gt;&gt;</a>&nbsp;&nbsp;&nbsp;FaultISR
</UL>
<BR>[Called By]<UL><LI><a href="#[3]">&gt;&gt;</a>&nbsp;&nbsp;&nbsp;FaultISR
</UL>
<BR>[Address Reference Count : 1]<UL><LI> startup_rvmdk.o(RESET)
</UL>
<P><STRONG><a name="[4]"></a>IntDefaultHandler</STRONG> (Thumb, 0 bytes, Stack size unknown bytes, startup_rvmdk.o(RESET))
<BR><BR>[Calls]<UL><LI><a href="#[4]">&gt;&gt;</a>&nbsp;&nbsp;&nbsp;IntDefaultHandler
</UL>
<BR>[Called By]<UL><LI><a href="#[4]">&gt;&gt;</a>&nbsp;&nbsp;&nbsp;IntDefaultHandler
</UL>
<BR>[Address Reference Count : 1]<UL><LI> startup_rvmdk.o(RESET)
</UL>
<P><STRONG><a name="[115]"></a>prvTestWaitCondition</STRONG> (Thumb, 30 bytes, Stack size 8 bytes, event_groups.o(.text))
<BR><BR>[Stack]<UL><LI>Max Depth = 8<LI>Call Chain = prvTestWaitCondition
</UL>
<BR>[Called By]<UL><LI><a href="#[72]">&gt;&gt;</a>&nbsp;&nbsp;&nbsp;xEventGroupWaitBits
</UL>

<P><STRONG><a name="[120]"></a>prvCopyDataToQueue</STRONG> (Thumb, 128 bytes, Stack size 24 bytes, queue.o(.text))
<BR><BR>[Stack]<UL><LI>Max Depth = 64<LI>Call Chain = prvCopyDataToQueue &rArr; xTaskPriorityDisinherit &rArr; __2printf
</UL>
<BR>[Calls]<UL><LI><a href="#[121]">&gt;&gt;</a>&nbsp;&nbsp;&nbsp;xTaskPriorityDisinherit
<LI><a href="#[122]">&gt;&gt;</a>&nbsp;&nbsp;&nbsp;__aeabi_memcpy
</UL>
<BR>[Called By]<UL><LI><a href="#[135]">&gt;&gt;</a>&nbsp;&nbsp;&nbsp;xQueueGenericSendFromISR
<LI><a href="#[127]">&gt;&gt;</a>&nbsp;&nbsp;&nbsp;xQueueGenericSend
<LI><a href="#[123]">&gt;&gt;</a>&nbsp;&nbsp;&nbsp;prvNotifyQueueSetContainer
</UL>

<P><STRONG><a name="[123]"></a>prvNotifyQueueSetContainer</STRONG> (Thumb, 114 bytes, Stack size 24 bytes, queue.o(.text))
<BR><BR>[Stack]<UL><LI>Max Depth = 88<LI>Call Chain = prvNotifyQueueSetContainer &rArr; prvCopyDataToQueue &rArr; xTaskPriorityDisinherit &rArr; __2printf
</UL>
<BR>[Calls]<UL><LI><a href="#[11e]">&gt;&gt;</a>&nbsp;&nbsp;&nbsp;xTaskRemoveFromEventList
<LI><a href="#[120]">&gt;&gt;</a>&nbsp;&nbsp;&nbsp;prvCopyDataToQueue
<LI><a href="#[28]">&gt;&gt;</a>&nbsp;&nbsp;&nbsp;__2printf
</UL>
<BR>[Called By]<UL><LI><a href="#[137]">&gt;&gt;</a>&nbsp;&nbsp;&nbsp;xQueueGiveFromISR
<LI><a href="#[135]">&gt;&gt;</a>&nbsp;&nbsp;&nbsp;xQueueGenericSendFromISR
<LI><a href="#[127]">&gt;&gt;</a>&nbsp;&nbsp;&nbsp;xQueueGenericSend
<LI><a href="#[124]">&gt;&gt;</a>&nbsp;&nbsp;&nbsp;prvUnlockQueue
</UL>

<P><STRONG><a name="[124]"></a>prvUnlockQueue</STRONG> (Thumb, 148 bytes, Stack size 8 bytes, queue.o(.text))
<BR><BR>[Stack]<UL><LI>Max Depth = 96<LI>Call Chain = prvUnlockQueue &rArr; prvNotifyQueueSetContainer &rArr; prvCopyDataToQueue &rArr; xTaskPriorityDisinherit &rArr; __2printf
</UL>
<BR>[Calls]<UL><LI><a href="#[2a]">&gt;&gt;</a>&nbsp;&nbsp;&nbsp;vPortExitCritical
<LI><a href="#[25]">&gt;&gt;</a>&nbsp;&nbsp;&nbsp;vPortEnterCritical
<LI><a href="#[11e]">&gt;&gt;</a>&nbsp;&nbsp;&nbsp;xTaskRemoveFromEventList
<LI><a href="#[125]">&gt;&gt;</a>&nbsp;&nbsp;&nbsp;vTaskMissedYield
<LI><a href="#[123]">&gt;&gt;</a>&nbsp;&nbsp;&nbsp;prvNotifyQueueSetContainer
</UL>
<BR>[Called By]<UL><LI><a href="#[141]">&gt;&gt;</a>&nbsp;&nbsp;&nbsp;vQueueWaitForMessageRestricted
<LI><a href="#[130]">&gt;&gt;</a>&nbsp;&nbsp;&nbsp;xQueueGenericReceive
<LI><a href="#[127]">&gt;&gt;</a>&nbsp;&nbsp;&nbsp;xQueueGenericSend
</UL>

<P><STRONG><a name="[126]"></a>prvIsQueueFull</STRONG> (Thumb, 30 bytes, Stack size 16 bytes, queue.o(.text))
<BR><BR>[Stack]<UL><LI>Max Depth = 48<LI>Call Chain = prvIsQueueFull &rArr; vPortExitCritical &rArr; __2printf
</UL>
<BR>[Calls]<UL><LI><a href="#[2a]">&gt;&gt;</a>&nbsp;&nbsp;&nbsp;vPortExitCritical
<LI><a href="#[25]">&gt;&gt;</a>&nbsp;&nbsp;&nbsp;vPortEnterCritical
</UL>
<BR>[Called By]<UL><LI><a href="#[127]">&gt;&gt;</a>&nbsp;&nbsp;&nbsp;xQueueGenericSend
</UL>

<P><STRONG><a name="[12e]"></a>prvIsQueueEmpty</STRONG> (Thumb, 26 bytes, Stack size 16 bytes, queue.o(.text))
<BR><BR>[Stack]<UL><LI>Max Depth = 48<LI>Call Chain = prvIsQueueEmpty &rArr; vPortExitCritical &rArr; __2printf
</UL>
<BR>[Calls]<UL><LI><a href="#[2a]">&gt;&gt;</a>&nbsp;&nbsp;&nbsp;vPortExitCritical
<LI><a href="#[25]">&gt;&gt;</a>&nbsp;&nbsp;&nbsp;vPortEnterCritical
</UL>
<BR>[Called By]<UL><LI><a href="#[130]">&gt;&gt;</a>&nbsp;&nbsp;&nbsp;xQueueGenericReceive
</UL>

<P><STRONG><a name="[12f]"></a>prvCopyDataFromQueue</STRONG> (Thumb, 42 bytes, Stack size 16 bytes, queue.o(.text))
<BR><BR>[Stack]<UL><LI>Max Depth = 16<LI>Call Chain = prvCopyDataFromQueue
</UL>
<BR>[Calls]<UL><LI><a href="#[122]">&gt;&gt;</a>&nbsp;&nbsp;&nbsp;__aeabi_memcpy
</UL>
<BR>[Called By]<UL><LI><a href="#[139]">&gt;&gt;</a>&nbsp;&nbsp;&nbsp;xQueuePeekFromISR
<LI><a href="#[138]">&gt;&gt;</a>&nbsp;&nbsp;&nbsp;xQueueReceiveFromISR
<LI><a href="#[130]">&gt;&gt;</a>&nbsp;&nbsp;&nbsp;xQueueGenericReceive
</UL>

<P><STRONG><a name="[148]"></a>prvInitialiseTaskLists</STRONG> (Thumb, 70 bytes, Stack size 8 bytes, tasks.o(.text))
<BR><BR>[Stack]<UL><LI>Max Depth = 8<LI>Call Chain = prvInitialiseTaskLists
</UL>
<BR>[Calls]<UL><LI><a href="#[10d]">&gt;&gt;</a>&nbsp;&nbsp;&nbsp;vListInitialise
</UL>
<BR>[Called By]<UL><LI><a href="#[27]">&gt;&gt;</a>&nbsp;&nbsp;&nbsp;xTaskGenericCreate
</UL>

<P><STRONG><a name="[149]"></a>prvInitialiseTCBVariables</STRONG> (Thumb, 98 bytes, Stack size 32 bytes, tasks.o(.text))
<BR><BR>[Stack]<UL><LI>Max Depth = 32<LI>Call Chain = prvInitialiseTCBVariables
</UL>
<BR>[Calls]<UL><LI><a href="#[14a]">&gt;&gt;</a>&nbsp;&nbsp;&nbsp;vListInitialiseItem
</UL>
<BR>[Called By]<UL><LI><a href="#[27]">&gt;&gt;</a>&nbsp;&nbsp;&nbsp;xTaskGenericCreate
</UL>

<P><STRONG><a name="[14b]"></a>prvAllocateTCBAndStack</STRONG> (Thumb, 66 bytes, Stack size 24 bytes, tasks.o(.text))
<BR><BR>[Stack]<UL><LI>Max Depth = 112<LI>Call Chain = prvAllocateTCBAndStack &rArr; pvPortMalloc &rArr; xTaskResumeAll &rArr; xTaskIncrementTick &rArr; __2printf
</UL>
<BR>[Calls]<UL><LI><a href="#[11b]">&gt;&gt;</a>&nbsp;&nbsp;&nbsp;vPortFree
<LI><a href="#[10c]">&gt;&gt;</a>&nbsp;&nbsp;&nbsp;pvPortMalloc
<LI><a href="#[14c]">&gt;&gt;</a>&nbsp;&nbsp;&nbsp;__aeabi_memset
</UL>
<BR>[Called By]<UL><LI><a href="#[27]">&gt;&gt;</a>&nbsp;&nbsp;&nbsp;xTaskGenericCreate
</UL>

<P><STRONG><a name="[150]"></a>prvResetNextTaskUnblockTime</STRONG> (Thumb, 42 bytes, Stack size 0 bytes, tasks.o(.text))
<BR><BR>[Called By]<UL><LI><a href="#[29]">&gt;&gt;</a>&nbsp;&nbsp;&nbsp;vTaskDelete
<LI><a href="#[158]">&gt;&gt;</a>&nbsp;&nbsp;&nbsp;vTaskSuspend
<LI><a href="#[151]">&gt;&gt;</a>&nbsp;&nbsp;&nbsp;xTaskIncrementTick
</UL>

<P><STRONG><a name="[152]"></a>prvAddCurrentTaskToDelayedList</STRONG> (Thumb, 62 bytes, Stack size 8 bytes, tasks.o(.text))
<BR><BR>[Stack]<UL><LI>Max Depth = 16<LI>Call Chain = prvAddCurrentTaskToDelayedList &rArr; vListInsert
</UL>
<BR>[Calls]<UL><LI><a href="#[153]">&gt;&gt;</a>&nbsp;&nbsp;&nbsp;vListInsert
</UL>
<BR>[Called By]<UL><LI><a href="#[56]">&gt;&gt;</a>&nbsp;&nbsp;&nbsp;vTaskDelayUntil
<LI><a href="#[4d]">&gt;&gt;</a>&nbsp;&nbsp;&nbsp;vTaskDelay
<LI><a href="#[16c]">&gt;&gt;</a>&nbsp;&nbsp;&nbsp;xTaskNotifyWait
<LI><a href="#[16b]">&gt;&gt;</a>&nbsp;&nbsp;&nbsp;ulTaskNotifyTake
<LI><a href="#[142]">&gt;&gt;</a>&nbsp;&nbsp;&nbsp;vTaskPlaceOnEventListRestricted
<LI><a href="#[12a]">&gt;&gt;</a>&nbsp;&nbsp;&nbsp;vTaskPlaceOnEventList
<LI><a href="#[113]">&gt;&gt;</a>&nbsp;&nbsp;&nbsp;vTaskPlaceOnUnorderedEventList
</UL>

<P><STRONG><a name="[159]"></a>prvTaskIsTaskSuspended</STRONG> (Thumb, 76 bytes, Stack size 16 bytes, tasks.o(.text), UNUSED)
<BR><BR>[Calls]<UL><LI><a href="#[28]">&gt;&gt;</a>&nbsp;&nbsp;&nbsp;__2printf
</UL>
<BR>[Called By]<UL><LI><a href="#[15b]">&gt;&gt;</a>&nbsp;&nbsp;&nbsp;xTaskResumeFromISR
<LI><a href="#[15a]">&gt;&gt;</a>&nbsp;&nbsp;&nbsp;vTaskResume
</UL>

<P><STRONG><a name="[15c]"></a>prvDeleteTCB</STRONG> (Thumb, 18 bytes, Stack size 8 bytes, tasks.o(.text))
<BR><BR>[Stack]<UL><LI>Max Depth = 88<LI>Call Chain = prvDeleteTCB &rArr; vPortFree &rArr; xTaskResumeAll &rArr; xTaskIncrementTick &rArr; __2printf
</UL>
<BR>[Calls]<UL><LI><a href="#[11b]">&gt;&gt;</a>&nbsp;&nbsp;&nbsp;vPortFree
</UL>
<BR>[Called By]<UL><LI><a href="#[15d]">&gt;&gt;</a>&nbsp;&nbsp;&nbsp;prvCheckTasksWaitingTermination
</UL>

<P><STRONG><a name="[15d]"></a>prvCheckTasksWaitingTermination</STRONG> (Thumb, 86 bytes, Stack size 16 bytes, tasks.o(.text))
<BR><BR>[Stack]<UL><LI>Max Depth = 104<LI>Call Chain = prvCheckTasksWaitingTermination &rArr; prvDeleteTCB &rArr; vPortFree &rArr; xTaskResumeAll &rArr; xTaskIncrementTick &rArr; __2printf
</UL>
<BR>[Calls]<UL><LI><a href="#[2a]">&gt;&gt;</a>&nbsp;&nbsp;&nbsp;vPortExitCritical
<LI><a href="#[25]">&gt;&gt;</a>&nbsp;&nbsp;&nbsp;vPortEnterCritical
<LI><a href="#[15c]">&gt;&gt;</a>&nbsp;&nbsp;&nbsp;prvDeleteTCB
<LI><a href="#[14f]">&gt;&gt;</a>&nbsp;&nbsp;&nbsp;uxListRemove
<LI><a href="#[111]">&gt;&gt;</a>&nbsp;&nbsp;&nbsp;xTaskResumeAll
<LI><a href="#[10f]">&gt;&gt;</a>&nbsp;&nbsp;&nbsp;vTaskSuspendAll
</UL>
<BR>[Called By]<UL><LI><a href="#[19]">&gt;&gt;</a>&nbsp;&nbsp;&nbsp;prvIdleTask
</UL>

<P><STRONG><a name="[19]"></a>prvIdleTask</STRONG> (Thumb, 32 bytes, Stack size 0 bytes, tasks.o(.text))
<BR><BR>[Stack]<UL><LI>Max Depth = 104<LI>Call Chain = prvIdleTask &rArr; prvCheckTasksWaitingTermination &rArr; prvDeleteTCB &rArr; vPortFree &rArr; xTaskResumeAll &rArr; xTaskIncrementTick &rArr; __2printf
</UL>
<BR>[Calls]<UL><LI><a href="#[15d]">&gt;&gt;</a>&nbsp;&nbsp;&nbsp;prvCheckTasksWaitingTermination
</UL>
<BR>[Address Reference Count : 1]<UL><LI> tasks.o(.text)
</UL>
<P><STRONG><a name="[164]"></a>prvTaskCheckFreeStackSpace</STRONG> (Thumb, 22 bytes, Stack size 0 bytes, tasks.o(.text))
<BR><BR>[Called By]<UL><LI><a href="#[80]">&gt;&gt;</a>&nbsp;&nbsp;&nbsp;uxTaskGetStackHighWaterMark
<LI><a href="#[163]">&gt;&gt;</a>&nbsp;&nbsp;&nbsp;prvListTaskWithinSingleList
</UL>

<P><STRONG><a name="[163]"></a>prvListTaskWithinSingleList</STRONG> (Thumb, 176 bytes, Stack size 32 bytes, tasks.o(.text), UNUSED)
<BR><BR>[Calls]<UL><LI><a href="#[164]">&gt;&gt;</a>&nbsp;&nbsp;&nbsp;prvTaskCheckFreeStackSpace
</UL>
<BR>[Called By]<UL><LI><a href="#[165]">&gt;&gt;</a>&nbsp;&nbsp;&nbsp;uxTaskGetSystemState
</UL>

<P><STRONG><a name="[166]"></a>prvWriteNameToBuffer</STRONG> (Thumb, 42 bytes, Stack size 16 bytes, tasks.o(.text), UNUSED)
<BR><BR>[Calls]<UL><LI><a href="#[167]">&gt;&gt;</a>&nbsp;&nbsp;&nbsp;strcpy
<LI><a href="#[168]">&gt;&gt;</a>&nbsp;&nbsp;&nbsp;strlen
</UL>
<BR>[Called By]<UL><LI><a href="#[169]">&gt;&gt;</a>&nbsp;&nbsp;&nbsp;vTaskList
</UL>

<P><STRONG><a name="[171]"></a>prvInsertTimerInActiveList</STRONG> (Thumb, 80 bytes, Stack size 24 bytes, timers.o(.text))
<BR><BR>[Stack]<UL><LI>Max Depth = 32<LI>Call Chain = prvInsertTimerInActiveList &rArr; vListInsert
</UL>
<BR>[Calls]<UL><LI><a href="#[153]">&gt;&gt;</a>&nbsp;&nbsp;&nbsp;vListInsert
</UL>
<BR>[Called By]<UL><LI><a href="#[176]">&gt;&gt;</a>&nbsp;&nbsp;&nbsp;prvProcessExpiredTimer
<LI><a href="#[175]">&gt;&gt;</a>&nbsp;&nbsp;&nbsp;prvProcessReceivedCommands
</UL>

<P><STRONG><a name="[173]"></a>prvSwitchTimerLists</STRONG> (Thumb, 140 bytes, Stack size 32 bytes, timers.o(.text))
<BR><BR>[Stack]<UL><LI>Max Depth = 232<LI>Call Chain = prvSwitchTimerLists &rArr; xTimerGenericCommand &rArr; xQueueGenericSend &rArr; prvUnlockQueue &rArr; prvNotifyQueueSetContainer &rArr; prvCopyDataToQueue &rArr; xTaskPriorityDisinherit &rArr; __2printf
</UL>
<BR>[Calls]<UL><LI><a href="#[172]">&gt;&gt;</a>&nbsp;&nbsp;&nbsp;xTimerGenericCommand
<LI><a href="#[14f]">&gt;&gt;</a>&nbsp;&nbsp;&nbsp;uxListRemove
<LI><a href="#[153]">&gt;&gt;</a>&nbsp;&nbsp;&nbsp;vListInsert
<LI><a href="#[28]">&gt;&gt;</a>&nbsp;&nbsp;&nbsp;__2printf
</UL>
<BR>[Called By]<UL><LI><a href="#[174]">&gt;&gt;</a>&nbsp;&nbsp;&nbsp;prvSampleTimeNow
</UL>

<P><STRONG><a name="[174]"></a>prvSampleTimeNow</STRONG> (Thumb, 40 bytes, Stack size 16 bytes, timers.o(.text))
<BR><BR>[Stack]<UL><LI>Max Depth = 248<LI>Call Chain = prvSampleTimeNow &rArr; prvSwitchTimerLists &rArr; xTimerGenericCommand &rArr; xQueueGenericSend &rArr; prvUnlockQueue &rArr; prvNotifyQueueSetContainer &rArr; prvCopyDataToQueue &rArr; xTaskPriorityDisinherit &rArr; __2printf
</UL>
<BR>[Calls]<UL><LI><a href="#[47]">&gt;&gt;</a>&nbsp;&nbsp;&nbsp;xTaskGetTickCount
<LI><a href="#[173]">&gt;&gt;</a>&nbsp;&nbsp;&nbsp;prvSwitchTimerLists
</UL>
<BR>[Called By]<UL><LI><a href="#[177]">&gt;&gt;</a>&nbsp;&nbsp;&nbsp;prvProcessTimerOrBlockTask
<LI><a href="#[175]">&gt;&gt;</a>&nbsp;&nbsp;&nbsp;prvProcessReceivedCommands
</UL>

<P><STRONG><a name="[175]"></a>prvProcessReceivedCommands</STRONG> (Thumb, 256 bytes, Stack size 48 bytes, timers.o(.text))
<BR><BR>[Stack]<UL><LI>Max Depth = 296<LI>Call Chain = prvProcessReceivedCommands &rArr; prvSampleTimeNow &rArr; prvSwitchTimerLists &rArr; xTimerGenericCommand &rArr; xQueueGenericSend &rArr; prvUnlockQueue &rArr; prvNotifyQueueSetContainer &rArr; prvCopyDataToQueue &rArr; xTaskPriorityDisinherit &rArr; __2printf
</UL>
<BR>[Calls]<UL><LI><a href="#[172]">&gt;&gt;</a>&nbsp;&nbsp;&nbsp;xTimerGenericCommand
<LI><a href="#[174]">&gt;&gt;</a>&nbsp;&nbsp;&nbsp;prvSampleTimeNow
<LI><a href="#[171]">&gt;&gt;</a>&nbsp;&nbsp;&nbsp;prvInsertTimerInActiveList
<LI><a href="#[130]">&gt;&gt;</a>&nbsp;&nbsp;&nbsp;xQueueGenericReceive
<LI><a href="#[14f]">&gt;&gt;</a>&nbsp;&nbsp;&nbsp;uxListRemove
<LI><a href="#[11b]">&gt;&gt;</a>&nbsp;&nbsp;&nbsp;vPortFree
<LI><a href="#[28]">&gt;&gt;</a>&nbsp;&nbsp;&nbsp;__2printf
</UL>
<BR>[Called By]<UL><LI><a href="#[1a]">&gt;&gt;</a>&nbsp;&nbsp;&nbsp;prvTimerTask
</UL>

<P><STRONG><a name="[176]"></a>prvProcessExpiredTimer</STRONG> (Thumb, 86 bytes, Stack size 24 bytes, timers.o(.text))
<BR><BR>[Stack]<UL><LI>Max Depth = 224<LI>Call Chain = prvProcessExpiredTimer &rArr; xTimerGenericCommand &rArr; xQueueGenericSend &rArr; prvUnlockQueue &rArr; prvNotifyQueueSetContainer &rArr; prvCopyDataToQueue &rArr; xTaskPriorityDisinherit &rArr; __2printf
</UL>
<BR>[Calls]<UL><LI><a href="#[172]">&gt;&gt;</a>&nbsp;&nbsp;&nbsp;xTimerGenericCommand
<LI><a href="#[171]">&gt;&gt;</a>&nbsp;&nbsp;&nbsp;prvInsertTimerInActiveList
<LI><a href="#[14f]">&gt;&gt;</a>&nbsp;&nbsp;&nbsp;uxListRemove
<LI><a href="#[28]">&gt;&gt;</a>&nbsp;&nbsp;&nbsp;__2printf
</UL>
<BR>[Called By]<UL><LI><a href="#[177]">&gt;&gt;</a>&nbsp;&nbsp;&nbsp;prvProcessTimerOrBlockTask
</UL>

<P><STRONG><a name="[177]"></a>prvProcessTimerOrBlockTask</STRONG> (Thumb, 102 bytes, Stack size 24 bytes, timers.o(.text))
<BR><BR>[Stack]<UL><LI>Max Depth = 272<LI>Call Chain = prvProcessTimerOrBlockTask &rArr; prvSampleTimeNow &rArr; prvSwitchTimerLists &rArr; xTimerGenericCommand &rArr; xQueueGenericSend &rArr; prvUnlockQueue &rArr; prvNotifyQueueSetContainer &rArr; prvCopyDataToQueue &rArr; xTaskPriorityDisinherit &rArr; __2printf
</UL>
<BR>[Calls]<UL><LI><a href="#[176]">&gt;&gt;</a>&nbsp;&nbsp;&nbsp;prvProcessExpiredTimer
<LI><a href="#[174]">&gt;&gt;</a>&nbsp;&nbsp;&nbsp;prvSampleTimeNow
<LI><a href="#[141]">&gt;&gt;</a>&nbsp;&nbsp;&nbsp;vQueueWaitForMessageRestricted
<LI><a href="#[111]">&gt;&gt;</a>&nbsp;&nbsp;&nbsp;xTaskResumeAll
<LI><a href="#[10f]">&gt;&gt;</a>&nbsp;&nbsp;&nbsp;vTaskSuspendAll
</UL>
<BR>[Called By]<UL><LI><a href="#[1a]">&gt;&gt;</a>&nbsp;&nbsp;&nbsp;prvTimerTask
</UL>

<P><STRONG><a name="[178]"></a>prvGetNextExpireTime</STRONG> (Thumb, 36 bytes, Stack size 0 bytes, timers.o(.text))
<BR><BR>[Called By]<UL><LI><a href="#[1a]">&gt;&gt;</a>&nbsp;&nbsp;&nbsp;prvTimerTask
</UL>

<P><STRONG><a name="[1a]"></a>prvTimerTask</STRONG> (Thumb, 26 bytes, Stack size 8 bytes, timers.o(.text))
<BR><BR>[Stack]<UL><LI>Max Depth = 304<LI>Call Chain = prvTimerTask &rArr; prvProcessReceivedCommands &rArr; prvSampleTimeNow &rArr; prvSwitchTimerLists &rArr; xTimerGenericCommand &rArr; xQueueGenericSend &rArr; prvUnlockQueue &rArr; prvNotifyQueueSetContainer &rArr; prvCopyDataToQueue &rArr; xTaskPriorityDisinherit &rArr; __2printf
</UL>
<BR>[Calls]<UL><LI><a href="#[178]">&gt;&gt;</a>&nbsp;&nbsp;&nbsp;prvGetNextExpireTime
<LI><a href="#[177]">&gt;&gt;</a>&nbsp;&nbsp;&nbsp;prvProcessTimerOrBlockTask
<LI><a href="#[175]">&gt;&gt;</a>&nbsp;&nbsp;&nbsp;prvProcessReceivedCommands
</UL>
<BR>[Address Reference Count : 1]<UL><LI> timers.o(.text)
</UL>
<P><STRONG><a name="[179]"></a>prvCheckForValidListAndQueue</STRONG> (Thumb, 92 bytes, Stack size 8 bytes, timers.o(.text))
<BR><BR>[Stack]<UL><LI>Max Depth = 128<LI>Call Chain = prvCheckForValidListAndQueue &rArr; xQueueGenericCreate &rArr; pvPortMalloc &rArr; xTaskResumeAll &rArr; xTaskIncrementTick &rArr; __2printf
</UL>
<BR>[Calls]<UL><LI><a href="#[2a]">&gt;&gt;</a>&nbsp;&nbsp;&nbsp;vPortExitCritical
<LI><a href="#[25]">&gt;&gt;</a>&nbsp;&nbsp;&nbsp;vPortEnterCritical
<LI><a href="#[17a]">&gt;&gt;</a>&nbsp;&nbsp;&nbsp;vQueueAddToRegistry
<LI><a href="#[11f]">&gt;&gt;</a>&nbsp;&nbsp;&nbsp;xQueueGenericCreate
<LI><a href="#[10d]">&gt;&gt;</a>&nbsp;&nbsp;&nbsp;vListInitialise
<LI><a href="#[28]">&gt;&gt;</a>&nbsp;&nbsp;&nbsp;__2printf
</UL>
<BR>[Called By]<UL><LI><a href="#[17b]">&gt;&gt;</a>&nbsp;&nbsp;&nbsp;xTimerCreate
<LI><a href="#[15e]">&gt;&gt;</a>&nbsp;&nbsp;&nbsp;xTimerCreateTimerTask
</UL>

<P><STRONG><a name="[1b]"></a>prvTaskExitError</STRONG> (Thumb, 50 bytes, Stack size 0 bytes, port.o(.text))
<BR><BR>[Stack]<UL><LI>Max Depth = 24<LI>Call Chain = prvTaskExitError &rArr; __2printf
</UL>
<BR>[Calls]<UL><LI><a href="#[28]">&gt;&gt;</a>&nbsp;&nbsp;&nbsp;__2printf
</UL>
<BR>[Address Reference Count : 1]<UL><LI> port.o(.text)
</UL>
<P><STRONG><a name="[185]"></a>prvHeapInit</STRONG> (Thumb, 42 bytes, Stack size 0 bytes, heap_2.o(.text))
<BR><BR>[Called By]<UL><LI><a href="#[10c]">&gt;&gt;</a>&nbsp;&nbsp;&nbsp;pvPortMalloc
</UL>

<P><STRONG><a name="[197]"></a>_printf_core</STRONG> (Thumb, 658 bytes, Stack size 104 bytes, printf5.o(i._printf_core), UNUSED)
<BR><BR>[Calls]<UL><LI><a href="#[18f]">&gt;&gt;</a>&nbsp;&nbsp;&nbsp;__aeabi_uldivmod
</UL>
<BR>[Called By]<UL><LI><a href="#[198]">&gt;&gt;</a>&nbsp;&nbsp;&nbsp;__0sprintf$5
<LI><a href="#[196]">&gt;&gt;</a>&nbsp;&nbsp;&nbsp;__0printf$5
</UL>

<P><STRONG><a name="[1d]"></a>_sputc</STRONG> (Thumb, 10 bytes, Stack size 0 bytes, printf5.o(i._sputc))
<BR><BR>[Called By]<UL><LI><a href="#[198]">&gt;&gt;</a>&nbsp;&nbsp;&nbsp;__0sprintf$5
</UL>
<BR>[Address Reference Count : 1]<UL><LI> printf5.o(i.__0sprintf$5)
</UL><P>
<H3>
Undefined Global Symbols
</H3><HR></body></html>
